../Drivers/API/Src/API_menuMEF.c:38:6:menuMEF_init	64	static
../Drivers/API/Src/API_menuMEF.c:68:6:pulse_config	16	static
../Drivers/API/Src/API_menuMEF.c:78:10:menuMEF_update	16	static
../Drivers/API/Src/API_menuMEF.c:111:6:menuMEF_set_state	16	static
../Drivers/API/Src/API_menuMEF.c:139:6:menuMEF_update_display	48	static
../Drivers/API/Src/API_menuMEF.c:164:6:menuMEF_execute	8	static
../Drivers/API/Src/API_menuMEF.c:202:6:menuMEF_reset_state	8	static
../Drivers/API/Src/API_menuMEF.c:214:6:led_on	16	static
../Drivers/API/Src/API_menuMEF.c:225:6:led_off	16	static
../Drivers/API/Src/API_menuMEF.c:237:6:blink_led	24	static
../Drivers/API/Src/API_menuMEF.c:261:6:blink_stop	16	static
../Drivers/API/Src/API_menuMEF.c:270:6:free_routine	64	static
../Drivers/API/Src/API_menuMEF.c:313:6:motor_run	16	static
../Drivers/API/Src/API_menuMEF.c:330:6:motor_stop	8	static
../Drivers/API/Src/API_menuMEF.c:341:6:menuMEF_user_input	728	static
../Drivers/API/Src/API_menuMEF.c:390:10:get_value	32	static
