Archive member included to satisfy reference by file (symbol)

C:/ST/STM32CubeIDE_1.13.2/STM32CubeIDE/plugins/com.st.stm32cube.ide.mcu.externaltools.gnu-tools-for-stm32.11.3.rel1.win32_1.1.1.202309131626/tools/bin/../lib/gcc/arm-none-eabi/11.3.1/../../../../arm-none-eabi/lib/thumb/v7-m/nofp\libc_nano.a(libc_a-atoi.o)
                              ./Drivers/API/Src/API_menuMEF.o (atoi)
C:/ST/STM32CubeIDE_1.13.2/STM32CubeIDE/plugins/com.st.stm32cube.ide.mcu.externaltools.gnu-tools-for-stm32.11.3.rel1.win32_1.1.1.202309131626/tools/bin/../lib/gcc/arm-none-eabi/11.3.1/../../../../arm-none-eabi/lib/thumb/v7-m/nofp\libc_nano.a(libc_a-exit.o)
                              C:/ST/STM32CubeIDE_1.13.2/STM32CubeIDE/plugins/com.st.stm32cube.ide.mcu.externaltools.gnu-tools-for-stm32.11.3.rel1.win32_1.1.1.202309131626/tools/bin/../lib/gcc/arm-none-eabi/11.3.1/../../../../arm-none-eabi/lib/thumb/v7-m/nofp/crt0.o (exit)
C:/ST/STM32CubeIDE_1.13.2/STM32CubeIDE/plugins/com.st.stm32cube.ide.mcu.externaltools.gnu-tools-for-stm32.11.3.rel1.win32_1.1.1.202309131626/tools/bin/../lib/gcc/arm-none-eabi/11.3.1/../../../../arm-none-eabi/lib/thumb/v7-m/nofp\libc_nano.a(libc_a-strtol.o)
                              C:/ST/STM32CubeIDE_1.13.2/STM32CubeIDE/plugins/com.st.stm32cube.ide.mcu.externaltools.gnu-tools-for-stm32.11.3.rel1.win32_1.1.1.202309131626/tools/bin/../lib/gcc/arm-none-eabi/11.3.1/../../../../arm-none-eabi/lib/thumb/v7-m/nofp\libc_nano.a(libc_a-atoi.o) (_strtol_r)
C:/ST/STM32CubeIDE_1.13.2/STM32CubeIDE/plugins/com.st.stm32cube.ide.mcu.externaltools.gnu-tools-for-stm32.11.3.rel1.win32_1.1.1.202309131626/tools/bin/../lib/gcc/arm-none-eabi/11.3.1/../../../../arm-none-eabi/lib/thumb/v7-m/nofp\libc_nano.a(libc_a-ctype_.o)
                              C:/ST/STM32CubeIDE_1.13.2/STM32CubeIDE/plugins/com.st.stm32cube.ide.mcu.externaltools.gnu-tools-for-stm32.11.3.rel1.win32_1.1.1.202309131626/tools/bin/../lib/gcc/arm-none-eabi/11.3.1/../../../../arm-none-eabi/lib/thumb/v7-m/nofp\libc_nano.a(libc_a-strtol.o) (_ctype_)
C:/ST/STM32CubeIDE_1.13.2/STM32CubeIDE/plugins/com.st.stm32cube.ide.mcu.externaltools.gnu-tools-for-stm32.11.3.rel1.win32_1.1.1.202309131626/tools/bin/../lib/gcc/arm-none-eabi/11.3.1/../../../../arm-none-eabi/lib/thumb/v7-m/nofp\libc_nano.a(libc_a-findfp.o)
                              C:/ST/STM32CubeIDE_1.13.2/STM32CubeIDE/plugins/com.st.stm32cube.ide.mcu.externaltools.gnu-tools-for-stm32.11.3.rel1.win32_1.1.1.202309131626/tools/bin/../lib/gcc/arm-none-eabi/11.3.1/../../../../arm-none-eabi/lib/thumb/v7-m/nofp\libc_nano.a(libc_a-exit.o) (__stdio_exit_handler)
C:/ST/STM32CubeIDE_1.13.2/STM32CubeIDE/plugins/com.st.stm32cube.ide.mcu.externaltools.gnu-tools-for-stm32.11.3.rel1.win32_1.1.1.202309131626/tools/bin/../lib/gcc/arm-none-eabi/11.3.1/../../../../arm-none-eabi/lib/thumb/v7-m/nofp\libc_nano.a(libc_a-fwalk.o)
                              C:/ST/STM32CubeIDE_1.13.2/STM32CubeIDE/plugins/com.st.stm32cube.ide.mcu.externaltools.gnu-tools-for-stm32.11.3.rel1.win32_1.1.1.202309131626/tools/bin/../lib/gcc/arm-none-eabi/11.3.1/../../../../arm-none-eabi/lib/thumb/v7-m/nofp\libc_nano.a(libc_a-findfp.o) (_fwalk_sglue)
C:/ST/STM32CubeIDE_1.13.2/STM32CubeIDE/plugins/com.st.stm32cube.ide.mcu.externaltools.gnu-tools-for-stm32.11.3.rel1.win32_1.1.1.202309131626/tools/bin/../lib/gcc/arm-none-eabi/11.3.1/../../../../arm-none-eabi/lib/thumb/v7-m/nofp\libc_nano.a(libc_a-sprintf.o)
                              ./Drivers/API/Src/API_menuMEF.o (sprintf)
C:/ST/STM32CubeIDE_1.13.2/STM32CubeIDE/plugins/com.st.stm32cube.ide.mcu.externaltools.gnu-tools-for-stm32.11.3.rel1.win32_1.1.1.202309131626/tools/bin/../lib/gcc/arm-none-eabi/11.3.1/../../../../arm-none-eabi/lib/thumb/v7-m/nofp\libc_nano.a(libc_a-stdio.o)
                              C:/ST/STM32CubeIDE_1.13.2/STM32CubeIDE/plugins/com.st.stm32cube.ide.mcu.externaltools.gnu-tools-for-stm32.11.3.rel1.win32_1.1.1.202309131626/tools/bin/../lib/gcc/arm-none-eabi/11.3.1/../../../../arm-none-eabi/lib/thumb/v7-m/nofp\libc_nano.a(libc_a-findfp.o) (__sread)
C:/ST/STM32CubeIDE_1.13.2/STM32CubeIDE/plugins/com.st.stm32cube.ide.mcu.externaltools.gnu-tools-for-stm32.11.3.rel1.win32_1.1.1.202309131626/tools/bin/../lib/gcc/arm-none-eabi/11.3.1/../../../../arm-none-eabi/lib/thumb/v7-m/nofp\libc_nano.a(libc_a-memset.o)
                              C:/ST/STM32CubeIDE_1.13.2/STM32CubeIDE/plugins/com.st.stm32cube.ide.mcu.externaltools.gnu-tools-for-stm32.11.3.rel1.win32_1.1.1.202309131626/tools/bin/../lib/gcc/arm-none-eabi/11.3.1/../../../../arm-none-eabi/lib/thumb/v7-m/nofp/crt0.o (memset)
C:/ST/STM32CubeIDE_1.13.2/STM32CubeIDE/plugins/com.st.stm32cube.ide.mcu.externaltools.gnu-tools-for-stm32.11.3.rel1.win32_1.1.1.202309131626/tools/bin/../lib/gcc/arm-none-eabi/11.3.1/../../../../arm-none-eabi/lib/thumb/v7-m/nofp\libc_nano.a(libc_a-closer.o)
[...]
Memory Configuration

Name             Origin             Length             Attributes
RAM              0x0000000020000000 0x0000000000005000 xrw
FLASH            0x0000000008000000 0x0000000000020000 xr
*default*        0x0000000000000000 0xffffffffffffffff

Linker script and memory map

LOAD C:/ST/STM32CubeIDE_1.13.2/STM32CubeIDE/plugins/com.st.stm32cube.ide.mcu.externaltools.gnu-tools-for-stm32.11.3.rel1.win32_1.1.1.202309131626/tools/bin/../lib/gcc/arm-none-eabi/11.3.1/thumb/v7-m/nofp/crti.o
LOAD C:/ST/STM32CubeIDE_1.13.2/STM32CubeIDE/plugins/com.st.stm32cube.ide.mcu.externaltools.gnu-tools-for-stm32.11.3.rel1.win32_1.1.1.202309131626/tools/bin/../lib/gcc/arm-none-eabi/11.3.1/thumb/v7-m/nofp/crtbegin.o
LOAD C:/ST/STM32CubeIDE_1.13.2/STM32CubeIDE/plugins/com.st.stm32cube.ide.mcu.externaltools.gnu-tools-for-stm32.11.3.rel1.win32_1.1.1.202309131626/tools/bin/../lib/gcc/arm-none-eabi/11.3.1/../../../../arm-none-eabi/lib/thumb/v7-m/nofp/crt0.o
LOAD ./Core/Src/main.o
LOAD ./Core/Src/stm32f1xx_hal_msp.o
LOAD ./Core/Src/stm32f1xx_it.o
LOAD ./Core/Src/syscalls.o
LOAD ./Core/Src/sysmem.o
LOAD ./Core/Src/system_stm32f1xx.o
LOAD ./Core/Startup/startup_stm32f103rbtx.o
LOAD ./Drivers/API/Src/API_debounce.o
LOAD ./Drivers/API/Src/API_delay.o
LOAD ./Drivers/API/Src/API_drv8825.o
LOAD ./Drivers/API/Src/API_lcd_i2c.o
LOAD ./Drivers/API/Src/API_menuMEF.o
LOAD ./Drivers/API/Src/API_uart.o
LOAD ./Drivers/STM32F1xx_HAL_Driver/Src/stm32f1xx_hal.o
LOAD ./Drivers/STM32F1xx_HAL_Driver/Src/stm32f1xx_hal_cortex.o
LOAD ./Drivers/STM32F1xx_HAL_Driver/Src/stm32f1xx_hal_dma.o
LOAD ./Drivers/STM32F1xx_HAL_Driver/Src/stm32f1xx_hal_exti.o
LOAD ./Drivers/STM32F1xx_HAL_Driver/Src/stm32f1xx_hal_flash.o
LOAD ./Drivers/STM32F1xx_HAL_Driver/Src/stm32f1xx_hal_flash_ex.o
LOAD ./Drivers/STM32F1xx_HAL_Driver/Src/stm32f1xx_hal_gpio.o
LOAD ./Drivers/STM32F1xx_HAL_Driver/Src/stm32f1xx_hal_gpio_ex.o
LOAD ./Drivers/STM32F1xx_HAL_Driver/Src/stm32f1xx_hal_i2c.o
LOAD ./Drivers/STM32F1xx_HAL_Driver/Src/stm32f1xx_hal_pwr.o
LOAD ./Drivers/STM32F1xx_HAL_Driver/Src/stm32f1xx_hal_rcc.o
LOAD ./Drivers/STM32F1xx_HAL_Driver/Src/stm32f1xx_hal_rcc_ex.o
LOAD ./Drivers/STM32F1xx_HAL_Driver/Src/stm32f1xx_hal_tim.o
LOAD ./Drivers/STM32F1xx_HAL_Driver/Src/stm32f1xx_hal_tim_ex.o
LOAD ./Drivers/STM32F1xx_HAL_Driver/Src/stm32f1xx_hal_uart.o
START GROUP
LOAD C:/ST/STM32CubeIDE_1.13.2/STM32CubeIDE/plugins/com.st.stm32cube.ide.mcu.externaltools.gnu-tools-for-stm32.11.3.rel1.win32_1.1.1.202309131626/tools/bin/../lib/gcc/arm-none-eabi/11.3.1/../../../../arm-none-eabi/lib/thumb/v7-m/nofp\libc_nano.a
LOAD C:/ST/STM32CubeIDE_1.13.2/STM32CubeIDE/plugins/com.st.stm32cube.ide.mcu.externaltools.gnu-tools-for-stm32.11.3.rel1.win32_1.1.1.202309131626/tools/bin/../lib/gcc/arm-none-eabi/11.3.1/../../../../arm-none-eabi/lib/thumb/v7-m/nofp\libm.a
END GROUP
START GROUP
LOAD C:/ST/STM32CubeIDE_1.13.2/STM32CubeIDE/plugins/com.st.stm32cube.ide.mcu.externaltools.gnu-tools-for-stm32.11.3.rel1.win32_1.1.1.202309131626/tools/bin/../lib/gcc/arm-none-eabi/11.3.1/thumb/v7-m/nofp\libgcc.a
LOAD C:/ST/STM32CubeIDE_1.13.2/STM32CubeIDE/plugins/com.st.stm32cube.ide.mcu.externaltools.gnu-tools-for-stm32.11.3.rel1.win32_1.1.1.202309131626/tools/bin/../lib/gcc/arm-none-eabi/11.3.1/../../../../arm-none-eabi/lib/thumb/v7-m/nofp\libc_nano.a
END GROUP
START GROUP
LOAD C:/ST/STM32CubeIDE_1.13.2/STM32CubeIDE/plugins/com.st.stm32cube.ide.mcu.externaltools.gnu-tools-for-stm32.11.3.rel1.win32_1.1.1.202309131626/tools/bin/../lib/gcc/arm-none-eabi/11.3.1/thumb/v7-m/nofp\libgcc.a
LOAD C:/ST/STM32CubeIDE_1.13.2/STM32CubeIDE/plugins/com.st.stm32cube.ide.mcu.externaltools.gnu-tools-for-stm32.11.3.rel1.win32_1.1.1.202309131626/tools/bin/../lib/gcc/arm-none-eabi/11.3.1/../../../../arm-none-eabi/lib/thumb/v7-m/nofp\libc_nano.a
LOAD C:/ST/STM32CubeIDE_1.13.2/STM32CubeIDE/plugins/com.st.stm32cube.ide.mcu.externaltools.gnu-tools-for-stm32.11.3.rel1.win32_1.1.1.202309131626/tools/bin/../lib/gcc/arm-none-eabi/11.3.1/../../../../arm-none-eabi/lib/thumb/v7-m/nofp\libnosys.a
END GROUP
START GROUP
LOAD C:/ST/STM32CubeIDE_1.13.2/STM32CubeIDE/plugins/com.st.stm32cube.ide.mcu.externaltools.gnu-tools-for-stm32.11.3.rel1.win32_1.1.1.202309131626/tools/bin/../lib/gcc/arm-none-eabi/11.3.1/thumb/v7-m/nofp\libgcc.a
LOAD C:/ST/STM32CubeIDE_1.13.2/STM32CubeIDE/plugins/com.st.stm32cube.ide.mcu.externaltools.gnu-tools-for-stm32.11.3.rel1.win32_1.1.1.202309131626/tools/bin/../lib/gcc/arm-none-eabi/11.3.1/../../../../arm-none-eabi/lib/thumb/v7-m/nofp\libc_nano.a
LOAD C:/ST/STM32CubeIDE_1.13.2/STM32CubeIDE/plugins/com.st.stm32cube.ide.mcu.externaltools.gnu-tools-for-stm32.11.3.rel1.win32_1.1.1.202309131626/tools/bin/../lib/gcc/arm-none-eabi/11.3.1/../../../../arm-none-eabi/lib/thumb/v7-m/nofp\libnosys.a
END GROUP
LOAD C:/ST/STM32CubeIDE_1.13.2/STM32CubeIDE/plugins/com.st.stm32cube.ide.mcu.externaltools.gnu-tools-for-stm32.11.3.rel1.win32_1.1.1.202309131626/tools/bin/../lib/gcc/arm-none-eabi/11.3.1/thumb/v7-m/nofp/crtend.o
LOAD C:/ST/STM32CubeIDE_1.13.2/STM32CubeIDE/plugins/com.st.stm32cube.ide.mcu.externaltools.gnu-tools-for-stm32.11.3.rel1.win32_1.1.1.202309131626/tools/bin/../lib/gcc/arm-none-eabi/11.3.1/thumb/v7-m/nofp/crtn.o
                0x0000000020005000                _estack = (ORIGIN (RAM) + LENGTH (RAM))
                0x0000000000000200                _Min_Heap_Size = 0x200
                0x0000000000000400                _Min_Stack_Size = 0x400

.isr_vector     0x0000000008000000      0x10c
                0x0000000008000000                . = ALIGN (0x4)
 *(.isr_vector)
 .isr_vector    0x0000000008000000      0x10c ./Core/Startup/startup_stm32f103rbtx.o
                0x0000000008000000                g_pfnVectors
                0x000000000800010c                . = ALIGN (0x4)

.text           0x000000000800010c     0x47c0
                0x000000000800010c                . = ALIGN (0x4)
 *(.text)
 .text          0x000000000800010c       0x40 C:/ST/STM32CubeIDE_1.13.2/STM32CubeIDE/plugins/com.st.stm32cube.ide.mcu.externaltools.gnu-tools-for-stm32.11.3.rel1.win32_1.1.1.202309131626/tools/bin/../lib/gcc/arm-none-eabi/11.3.1/thumb/v7-m/nofp/crtbegin.o
 *(.text*)
 .text.main     0x000000000800014c       0x44 ./Core/Src/main.o
                0x000000000800014c                main
 .text.SystemClock_Config
                0x0000000008000190       0x76 ./Core/Src/main.o
                0x0000000008000190                SystemClock_Config
 *fill*         0x0000000008000206        0x2 
 .text.MX_GPIO_Init
                0x0000000008000208       0xdc ./Core/Src/main.o
 .text.Error_Handler
                0x00000000080002e4        0xa ./Core/Src/main.o
                0x00000000080002e4                Error_Handler
 *fill*         0x00000000080002ee        0x2 
 .text.HAL_MspInit
                0x00000000080002f0       0x64 ./Core/Src/stm32f1xx_hal_msp.o
                0x00000000080002f0                HAL_MspInit
 .text.HAL_I2C_MspInit
                0x0000000008000354       0xa0 ./Core/Src/stm32f1xx_hal_msp.o
                0x0000000008000354                HAL_I2C_MspInit
 .text.HAL_TIM_Base_MspInit
                0x00000000080003f4       0x38 ./Core/Src/stm32f1xx_hal_msp.o
                0x00000000080003f4                HAL_TIM_Base_MspInit
 .text.HAL_TIM_MspPostInit
                0x000000000800042c       0x60 ./Core/Src/stm32f1xx_hal_msp.o
                0x000000000800042c                HAL_TIM_MspPostInit
 .text.HAL_UART_MspInit
                0x000000000800048c       0x7c ./Core/Src/stm32f1xx_hal_msp.o
                0x000000000800048c                HAL_UART_MspInit
 .text.NMI_Handler
                0x0000000008000508        0x6 ./Core/Src/stm32f1xx_it.o
                0x0000000008000508                NMI_Handler
 .text.HardFault_Handler
                0x000000000800050e        0x6 ./Core/Src/stm32f1xx_it.o
                0x000000000800050e                HardFault_Handler
 .text.MemManage_Handler
                0x0000000008000514        0x6 ./Core/Src/stm32f1xx_it.o
                0x0000000008000514                MemManage_Handler
 .text.BusFault_Handler
                0x000000000800051a        0x6 ./Core/Src/stm32f1xx_it.o
                0x000000000800051a                BusFault_Handler
 .text.UsageFault_Handler
                0x0000000008000520        0x6 ./Core/Src/stm32f1xx_it.o
                0x0000000008000520                UsageFault_Handler
 .text.SVC_Handler
                0x0000000008000526        0xc ./Core/Src/stm32f1xx_it.o
                0x0000000008000526                SVC_Handler
 .text.DebugMon_Handler
                0x0000000008000532        0xc ./Core/Src/stm32f1xx_it.o
                0x0000000008000532                DebugMon_Handler
 .text.PendSV_Handler
                0x000000000800053e        0xc ./Core/Src/stm32f1xx_it.o
                0x000000000800053e                PendSV_Handler
 .text.SysTick_Handler
                0x000000000800054a        0xc ./Core/Src/stm32f1xx_it.o
                0x000000000800054a                SysTick_Handler
 .text.EXTI15_10_IRQHandler
                0x0000000008000556       0x10 ./Core/Src/stm32f1xx_it.o
                0x0000000008000556                EXTI15_10_IRQHandler
 *fill*         0x0000000008000566        0x2 
 .text._sbrk    0x0000000008000568       0x6c ./Core/Src/sysmem.o
                0x0000000008000568                _sbrk
 .text.SystemInit
                0x00000000080005d4        0xc ./Core/Src/system_stm32f1xx.o
                0x00000000080005d4                SystemInit
 .text.Reset_Handler
                0x00000000080005e0       0x48 ./Core/Startup/startup_stm32f103rbtx.o
                0x00000000080005e0                Reset_Handler
 .text.Default_Handler
                0x0000000008000628        0x2 ./Core/Startup/startup_stm32f103rbtx.o
                0x0000000008000628                RTC_Alarm_IRQHandler
                0x0000000008000628                EXTI2_IRQHandler
                0x0000000008000628                TIM1_CC_IRQHandler
                0x0000000008000628                PVD_IRQHandler
                0x0000000008000628                EXTI3_IRQHandler
                0x0000000008000628                EXTI0_IRQHandler
                0x0000000008000628                I2C2_EV_IRQHandler
                0x0000000008000628                ADC1_2_IRQHandler
                0x0000000008000628                SPI1_IRQHandler
                0x0000000008000628                TAMPER_IRQHandler
                0x0000000008000628                DMA1_Channel4_IRQHandler
                0x0000000008000628                USART3_IRQHandler
                0x0000000008000628                RTC_IRQHandler
                0x0000000008000628                DMA1_Channel7_IRQHandler
                0x0000000008000628                CAN1_RX1_IRQHandler
                0x0000000008000628                TIM4_IRQHandler
                0x0000000008000628                I2C1_EV_IRQHandler
                0x0000000008000628                DMA1_Channel6_IRQHandler
                0x0000000008000628                TIM3_IRQHandler
                0x0000000008000628                RCC_IRQHandler
                0x0000000008000628                TIM1_TRG_COM_IRQHandler
                0x0000000008000628                DMA1_Channel1_IRQHandler
                0x0000000008000628                Default_Handler
                0x0000000008000628                EXTI9_5_IRQHandler
                0x0000000008000628                SPI2_IRQHandler
                0x0000000008000628                DMA1_Channel5_IRQHandler
                0x0000000008000628                EXTI4_IRQHandler
                0x0000000008000628                USB_LP_CAN1_RX0_IRQHandler
                0x0000000008000628                USB_HP_CAN1_TX_IRQHandler
                0x0000000008000628                DMA1_Channel3_IRQHandler
                0x0000000008000628                TIM1_UP_IRQHandler
                0x0000000008000628                WWDG_IRQHandler
                0x0000000008000628                TIM2_IRQHandler
                0x0000000008000628                TIM1_BRK_IRQHandler
                0x0000000008000628                EXTI1_IRQHandler
                0x0000000008000628                USART2_IRQHandler
                0x0000000008000628                I2C2_ER_IRQHandler
                0x0000000008000628                DMA1_Channel2_IRQHandler
                0x0000000008000628                CAN1_SCE_IRQHandler
                0x0000000008000628                FLASH_IRQHandler
                0x0000000008000628                USART1_IRQHandler
                0x0000000008000628                I2C1_ER_IRQHandler
                0x0000000008000628                USBWakeUp_IRQHandler
 *fill*         0x000000000800062a        0x2 
 .text.debounceFSM_init
                0x000000000800062c       0x20 ./Drivers/API/Src/API_debounce.o
                0x000000000800062c                debounceFSM_init
 .text.debounceFSM_update
                0x000000000800064c       0xec ./Drivers/API/Src/API_debounce.o
                0x000000000800064c                debounceFSM_update
 .text.readKey_down
                0x0000000008000738       0x2c ./Drivers/API/Src/API_debounce.o
                0x0000000008000738                readKey_down
 .text.readKey_up
                0x0000000008000764       0x2c ./Drivers/API/Src/API_debounce.o
                0x0000000008000764                readKey_up
 .text.buttonPressed
                0x0000000008000790        0xc ./Drivers/API/Src/API_debounce.o
                0x0000000008000790                buttonPressed
 .text.buttonReleased
                0x000000000800079c        0xc ./Drivers/API/Src/API_debounce.o
                0x000000000800079c                buttonReleased
 .text.delayInit
                0x00000000080007a8       0x3a ./Drivers/API/Src/API_delay.o
                0x00000000080007a8                delayInit
 .text.delayRead
                0x00000000080007e2       0x56 ./Drivers/API/Src/API_delay.o
                0x00000000080007e2                delayRead
 .text.motor_init
                0x0000000008000838       0x18 ./Drivers/API/Src/API_drv8825.o
                0x0000000008000838                motor_init
 .text.motor_send_command
                0x0000000008000850       0xe4 ./Drivers/API/Src/API_drv8825.o
                0x0000000008000850                motor_send_command
 .text.motor_config
                0x0000000008000934       0x20 ./Drivers/API/Src/API_drv8825.o
                0x0000000008000934                motor_config
 .text.timer_init
                0x0000000008000954       0xf4 ./Drivers/API/Src/API_drv8825.o
                0x0000000008000954                timer_init
 .text.lcd_send_byte
                0x0000000008000a48       0x90 ./Drivers/API/Src/API_lcd_i2c.o
                0x0000000008000a48                lcd_send_byte
 .text.send_bytes_i2c
                0x0000000008000ad8       0x48 ./Drivers/API/Src/API_lcd_i2c.o
                0x0000000008000ad8                send_bytes_i2c
 .text.lcd_clear
                0x0000000008000b20       0x12 ./Drivers/API/Src/API_lcd_i2c.o
                0x0000000008000b20                lcd_clear
 .text.return_home
                0x0000000008000b32       0x12 ./Drivers/API/Src/API_lcd_i2c.o
                0x0000000008000b32                return_home
 .text.lcd_set_position
                0x0000000008000b44       0x6c ./Drivers/API/Src/API_lcd_i2c.o
                0x0000000008000b44                lcd_set_position
 .text.lcd_print_text
                0x0000000008000bb0       0x44 ./Drivers/API/Src/API_lcd_i2c.o
                0x0000000008000bb0                lcd_print_text
 .text.lcd_init
                0x0000000008000bf4       0xa6 ./Drivers/API/Src/API_lcd_i2c.o
                0x0000000008000bf4                lcd_init
 *fill*         0x0000000008000c9a        0x2 
 .text.i2c_init
                0x0000000008000c9c       0x54 ./Drivers/API/Src/API_lcd_i2c.o
                0x0000000008000c9c                i2c_init
 .text.menuMEF_init
                0x0000000008000cf0       0x98 ./Drivers/API/Src/API_menuMEF.o
                0x0000000008000cf0                menuMEF_init
 .text.menuMEF_update
                0x0000000008000d88       0xac ./Drivers/API/Src/API_menuMEF.o
                0x0000000008000d88                menuMEF_update
 .text.menuMEF_set_state
                0x0000000008000e34       0x80 ./Drivers/API/Src/API_menuMEF.o
                0x0000000008000e34                menuMEF_set_state
 .text.menuMEF_update_display
                0x0000000008000eb4       0xa4 ./Drivers/API/Src/API_menuMEF.o
                0x0000000008000eb4                menuMEF_update_display
 .text.menuMEF_execute
                0x0000000008000f58       0x98 ./Drivers/API/Src/API_menuMEF.o
                0x0000000008000f58                menuMEF_execute
 .text.menuMEF_reset_state
                0x0000000008000ff0       0x5c ./Drivers/API/Src/API_menuMEF.o
                0x0000000008000ff0                menuMEF_reset_state
 .text.led_on   0x000000000800104c       0x34 ./Drivers/API/Src/API_menuMEF.o
                0x000000000800104c                led_on
 .text.led_off  0x0000000008001080       0x34 ./Drivers/API/Src/API_menuMEF.o
                0x0000000008001080                led_off
 .text.blink_led
                0x00000000080010b4       0xb8 ./Drivers/API/Src/API_menuMEF.o
                0x00000000080010b4                blink_led
 .text.blink_stop
                0x000000000800116c       0x38 ./Drivers/API/Src/API_menuMEF.o
                0x000000000800116c                blink_stop
 .text.motor_run
                0x00000000080011a4       0x64 ./Drivers/API/Src/API_menuMEF.o
                0x00000000080011a4                motor_run
 .text.motor_stop
                0x0000000008001208       0x1c ./Drivers/API/Src/API_menuMEF.o
                0x0000000008001208                motor_stop
 .text.menuMEF_user_input
                0x0000000008001224      0x1ac ./Drivers/API/Src/API_menuMEF.o
                0x0000000008001224                menuMEF_user_input
 .text.get_value
                0x00000000080013d0       0x84 ./Drivers/API/Src/API_menuMEF.o
                0x00000000080013d0                get_value
 .text.uartInit
                0x0000000008001454       0x60 ./Drivers/API/Src/API_uart.o
                0x0000000008001454                uartInit
 .text.uartSendString
                0x00000000080014b4       0x44 ./Drivers/API/Src/API_uart.o
                0x00000000080014b4                uartSendString
 .text.uartReceiveString
                0x00000000080014f8       0x78 ./Drivers/API/Src/API_uart.o
                0x00000000080014f8                uartReceiveString
 .text.HAL_Init
                0x0000000008001570       0x2c ./Drivers/STM32F1xx_HAL_Driver/Src/stm32f1xx_hal.o
                0x0000000008001570                HAL_Init
 .text.HAL_InitTick
                0x000000000800159c       0x60 ./Drivers/STM32F1xx_HAL_Driver/Src/stm32f1xx_hal.o
                0x000000000800159c                HAL_InitTick
 .text.HAL_IncTick
                0x00000000080015fc       0x24 ./Drivers/STM32F1xx_HAL_Driver/Src/stm32f1xx_hal.o
                0x00000000080015fc                HAL_IncTick
 .text.HAL_GetTick
                0x0000000008001620       0x14 ./Drivers/STM32F1xx_HAL_Driver/Src/stm32f1xx_hal.o
                0x0000000008001620                HAL_GetTick
 .text.HAL_Delay
                0x0000000008001634       0x48 ./Drivers/STM32F1xx_HAL_Driver/Src/stm32f1xx_hal.o
                0x0000000008001634                HAL_Delay
 .text.__NVIC_SetPriorityGrouping
                0x000000000800167c       0x48 ./Drivers/STM32F1xx_HAL_Driver/Src/stm32f1xx_hal_cortex.o
 .text.__NVIC_GetPriorityGrouping
                0x00000000080016c4       0x1c ./Drivers/STM32F1xx_HAL_Driver/Src/stm32f1xx_hal_cortex.o
 .text.__NVIC_EnableIRQ
                0x00000000080016e0       0x38 ./Drivers/STM32F1xx_HAL_Driver/Src/stm32f1xx_hal_cortex.o
 .text.__NVIC_SetPriority
                0x0000000008001718       0x54 ./Drivers/STM32F1xx_HAL_Driver/Src/stm32f1xx_hal_cortex.o
 .text.NVIC_EncodePriority
                0x000000000800176c       0x64 ./Drivers/STM32F1xx_HAL_Driver/Src/stm32f1xx_hal_cortex.o
 .text.SysTick_Config
                0x00000000080017d0       0x44 ./Drivers/STM32F1xx_HAL_Driver/Src/stm32f1xx_hal_cortex.o
 .text.HAL_NVIC_SetPriorityGrouping
                0x0000000008001814       0x16 ./Drivers/STM32F1xx_HAL_Driver/Src/stm32f1xx_hal_cortex.o
                0x0000000008001814                HAL_NVIC_SetPriorityGrouping
 .text.HAL_NVIC_SetPriority
                0x000000000800182a       0x38 ./Drivers/STM32F1xx_HAL_Driver/Src/stm32f1xx_hal_cortex.o
                0x000000000800182a                HAL_NVIC_SetPriority
 .text.HAL_NVIC_EnableIRQ
                0x0000000008001862       0x1c ./Drivers/STM32F1xx_HAL_Driver/Src/stm32f1xx_hal_cortex.o
                0x0000000008001862                HAL_NVIC_EnableIRQ
 .text.HAL_SYSTICK_Config
                0x000000000800187e       0x18 ./Drivers/STM32F1xx_HAL_Driver/Src/stm32f1xx_hal_cortex.o
                0x000000000800187e                HAL_SYSTICK_Config
 *fill*         0x0000000008001896        0x2 
 .text.HAL_GPIO_Init
                0x0000000008001898      0x308 ./Drivers/STM32F1xx_HAL_Driver/Src/stm32f1xx_hal_gpio.o
                0x0000000008001898                HAL_GPIO_Init
 .text.HAL_GPIO_ReadPin
                0x0000000008001ba0       0x2e ./Drivers/STM32F1xx_HAL_Driver/Src/stm32f1xx_hal_gpio.o
                0x0000000008001ba0                HAL_GPIO_ReadPin
 .text.HAL_GPIO_WritePin
                0x0000000008001bce       0x30 ./Drivers/STM32F1xx_HAL_Driver/Src/stm32f1xx_hal_gpio.o
                0x0000000008001bce                HAL_GPIO_WritePin
 .text.HAL_GPIO_TogglePin
                0x0000000008001bfe       0x32 ./Drivers/STM32F1xx_HAL_Driver/Src/stm32f1xx_hal_gpio.o
                0x0000000008001bfe                HAL_GPIO_TogglePin
 .text.HAL_GPIO_EXTI_IRQHandler
                0x0000000008001c30       0x30 ./Drivers/STM32F1xx_HAL_Driver/Src/stm32f1xx_hal_gpio.o
                0x0000000008001c30                HAL_GPIO_EXTI_IRQHandler
 .text.HAL_GPIO_EXTI_Callback
                0x0000000008001c60       0x14 ./Drivers/STM32F1xx_HAL_Driver/Src/stm32f1xx_hal_gpio.o
                0x0000000008001c60                HAL_GPIO_EXTI_Callback
 .text.HAL_I2C_Init
                0x0000000008001c74      0x288 ./Drivers/STM32F1xx_HAL_Driver/Src/stm32f1xx_hal_i2c.o
                0x0000000008001c74                HAL_I2C_Init
 .text.HAL_I2C_Master_Transmit
                0x0000000008001efc      0x1fc ./Drivers/STM32F1xx_HAL_Driver/Src/stm32f1xx_hal_i2c.o
                0x0000000008001efc                HAL_I2C_Master_Transmit
 .text.I2C_MasterRequestWrite
                0x00000000080020f8      0x104 ./Drivers/STM32F1xx_HAL_Driver/Src/stm32f1xx_hal_i2c.o
 .text.I2C_WaitOnFlagUntilTimeout
                0x00000000080021fc       0xf4 ./Drivers/STM32F1xx_HAL_Driver/Src/stm32f1xx_hal_i2c.o
 .text.I2C_WaitOnMasterAddressFlagUntilTimeout
                0x00000000080022f0      0x140 ./Drivers/STM32F1xx_HAL_Driver/Src/stm32f1xx_hal_i2c.o
 .text.I2C_WaitOnTXEFlagUntilTimeout
                0x0000000008002430       0x90 ./Drivers/STM32F1xx_HAL_Driver/Src/stm32f1xx_hal_i2c.o
 .text.I2C_WaitOnBTFFlagUntilTimeout
                0x00000000080024c0       0x90 ./Drivers/STM32F1xx_HAL_Driver/Src/stm32f1xx_hal_i2c.o
 .text.I2C_IsAcknowledgeFailed
                0x0000000008002550       0x5c ./Drivers/STM32F1xx_HAL_Driver/Src/stm32f1xx_hal_i2c.o
 .text.HAL_RCC_OscConfig
                0x00000000080025ac      0x504 ./Drivers/STM32F1xx_HAL_Driver/Src/stm32f1xx_hal_rcc.o
                0x00000000080025ac                HAL_RCC_OscConfig
 .text.HAL_RCC_ClockConfig
                0x0000000008002ab0      0x1d4 ./Drivers/STM32F1xx_HAL_Driver/Src/stm32f1xx_hal_rcc.o
                0x0000000008002ab0                HAL_RCC_ClockConfig
 .text.HAL_RCC_GetSysClockFreq
                0x0000000008002c84       0xa8 ./Drivers/STM32F1xx_HAL_Driver/Src/stm32f1xx_hal_rcc.o
                0x0000000008002c84                HAL_RCC_GetSysClockFreq
 .text.HAL_RCC_GetHCLKFreq
                0x0000000008002d2c       0x14 ./Drivers/STM32F1xx_HAL_Driver/Src/stm32f1xx_hal_rcc.o
                0x0000000008002d2c                HAL_RCC_GetHCLKFreq
 .text.HAL_RCC_GetPCLK1Freq
                0x0000000008002d40       0x28 ./Drivers/STM32F1xx_HAL_Driver/Src/stm32f1xx_hal_rcc.o
                0x0000000008002d40                HAL_RCC_GetPCLK1Freq
 .text.HAL_RCC_GetPCLK2Freq
                0x0000000008002d68       0x28 ./Drivers/STM32F1xx_HAL_Driver/Src/stm32f1xx_hal_rcc.o
                0x0000000008002d68                HAL_RCC_GetPCLK2Freq
 .text.RCC_Delay
                0x0000000008002d90       0x3c ./Drivers/STM32F1xx_HAL_Driver/Src/stm32f1xx_hal_rcc.o
 .text.HAL_TIM_Base_Init
                0x0000000008002dcc       0x9e ./Drivers/STM32F1xx_HAL_Driver/Src/stm32f1xx_hal_tim.o
                0x0000000008002dcc                HAL_TIM_Base_Init
 .text.HAL_TIM_OC_Init
                0x0000000008002e6a       0x9e ./Drivers/STM32F1xx_HAL_Driver/Src/stm32f1xx_hal_tim.o
                0x0000000008002e6a                HAL_TIM_OC_Init
 .text.HAL_TIM_OC_MspInit
                0x0000000008002f08       0x12 ./Drivers/STM32F1xx_HAL_Driver/Src/stm32f1xx_hal_tim.o
                0x0000000008002f08                HAL_TIM_OC_MspInit
 *fill*         0x0000000008002f1a        0x2 
 .text.HAL_TIM_OC_Start
                0x0000000008002f1c      0x144 ./Drivers/STM32F1xx_HAL_Driver/Src/stm32f1xx_hal_tim.o
                0x0000000008002f1c                HAL_TIM_OC_Start
 .text.HAL_TIM_OC_Stop
                0x0000000008003060       0xc8 ./Drivers/STM32F1xx_HAL_Driver/Src/stm32f1xx_hal_tim.o
                0x0000000008003060                HAL_TIM_OC_Stop
 .text.HAL_TIM_OC_ConfigChannel
                0x0000000008003128       0xb8 ./Drivers/STM32F1xx_HAL_Driver/Src/stm32f1xx_hal_tim.o
                0x0000000008003128                HAL_TIM_OC_ConfigChannel
 .text.HAL_TIM_ConfigClockSource
                0x00000000080031e0      0x18e ./Drivers/STM32F1xx_HAL_Driver/Src/stm32f1xx_hal_tim.o
                0x00000000080031e0                HAL_TIM_ConfigClockSource
 *fill*         0x000000000800336e        0x2 
 .text.TIM_Base_SetConfig
                0x0000000008003370       0xc4 ./Drivers/STM32F1xx_HAL_Driver/Src/stm32f1xx_hal_tim.o
                0x0000000008003370                TIM_Base_SetConfig
 .text.TIM_OC1_SetConfig
                0x0000000008003434       0xcc ./Drivers/STM32F1xx_HAL_Driver/Src/stm32f1xx_hal_tim.o
 .text.TIM_OC2_SetConfig
                0x0000000008003500       0xd4 ./Drivers/STM32F1xx_HAL_Driver/Src/stm32f1xx_hal_tim.o
                0x0000000008003500                TIM_OC2_SetConfig
 .text.TIM_OC3_SetConfig
                0x00000000080035d4       0xd4 ./Drivers/STM32F1xx_HAL_Driver/Src/stm32f1xx_hal_tim.o
 .text.TIM_OC4_SetConfig
                0x00000000080036a8       0x9c ./Drivers/STM32F1xx_HAL_Driver/Src/stm32f1xx_hal_tim.o
 .text.TIM_TI1_ConfigInputStage
                0x0000000008003744       0x5c ./Drivers/STM32F1xx_HAL_Driver/Src/stm32f1xx_hal_tim.o
 .text.TIM_TI2_ConfigInputStage
                0x00000000080037a0       0x5e ./Drivers/STM32F1xx_HAL_Driver/Src/stm32f1xx_hal_tim.o
 .text.TIM_ITRx_SetConfig
                0x00000000080037fe       0x34 ./Drivers/STM32F1xx_HAL_Driver/Src/stm32f1xx_hal_tim.o
 .text.TIM_ETR_SetConfig
                0x0000000008003832       0x3e ./Drivers/STM32F1xx_HAL_Driver/Src/stm32f1xx_hal_tim.o
                0x0000000008003832                TIM_ETR_SetConfig
 .text.TIM_CCxChannelCmd
                0x0000000008003870       0x48 ./Drivers/STM32F1xx_HAL_Driver/Src/stm32f1xx_hal_tim.o
                0x0000000008003870                TIM_CCxChannelCmd
 .text.HAL_TIMEx_MasterConfigSynchronization
                0x00000000080038b8       0xbc ./Drivers/STM32F1xx_HAL_Driver/Src/stm32f1xx_hal_tim_ex.o
                0x00000000080038b8                HAL_TIMEx_MasterConfigSynchronization
 .text.HAL_UART_Init
                0x0000000008003974       0xa0 ./Drivers/STM32F1xx_HAL_Driver/Src/stm32f1xx_hal_uart.o
                0x0000000008003974                HAL_UART_Init
 .text.HAL_UART_Transmit
                0x0000000008003a14      0x106 ./Drivers/STM32F1xx_HAL_Driver/Src/stm32f1xx_hal_uart.o
                0x0000000008003a14                HAL_UART_Transmit
 .text.HAL_UART_Receive
                0x0000000008003b1a      0x124 ./Drivers/STM32F1xx_HAL_Driver/Src/stm32f1xx_hal_uart.o
                0x0000000008003b1a                HAL_UART_Receive
 .text.UART_WaitOnFlagUntilTimeout
                0x0000000008003c3e       0xdc ./Drivers/STM32F1xx_HAL_Driver/Src/stm32f1xx_hal_uart.o
 *fill*         0x0000000008003d1a        0x2 
 .text.UART_SetConfig
                0x0000000008003d1c      0x11c ./Drivers/STM32F1xx_HAL_Driver/Src/stm32f1xx_hal_uart.o
 .text.atoi     0x0000000008003e38        0x8 C:/ST/STM32CubeIDE_1.13.2/STM32CubeIDE/plugins/com.st.stm32cube.ide.mcu.externaltools.gnu-tools-for-stm32.11.3.rel1.win32_1.1.1.202309131626/tools/bin/../lib/gcc/arm-none-eabi/11.3.1/../../../../arm-none-eabi/lib/thumb/v7-m/nofp\libc_nano.a(libc_a-atoi.o)
                0x0000000008003e38                atoi
 .text._strtol_l.constprop.0
                0x0000000008003e40       0xfc C:/ST/STM32CubeIDE_1.13.2/STM32CubeIDE/plugins/com.st.stm32cube.ide.mcu.externaltools.gnu-tools-for-stm32.11.3.rel1.win32_1.1.1.202309131626/tools/bin/../lib/gcc/arm-none-eabi/11.3.1/../../../../arm-none-eabi/lib/thumb/v7-m/nofp\libc_nano.a(libc_a-strtol.o)
 .text.strtol   0x0000000008003f3c       0x14 C:/ST/STM32CubeIDE_1.13.2/STM32CubeIDE/plugins/com.st.stm32cube.ide.mcu.externaltools.gnu-tools-for-stm32.11.3.rel1.win32_1.1.1.202309131626/tools/bin/../lib/gcc/arm-none-eabi/11.3.1/../../../../arm-none-eabi/lib/thumb/v7-m/nofp\libc_nano.a(libc_a-strtol.o)
                0x0000000008003f3c                strtol
 .text.sprintf  0x0000000008003f50       0x40 C:/ST/STM32CubeIDE_1.13.2/STM32CubeIDE/plugins/com.st.stm32cube.ide.mcu.externaltools.gnu-tools-for-stm32.11.3.rel1.win32_1.1.1.202309131626/tools/bin/../lib/gcc/arm-none-eabi/11.3.1/../../../../arm-none-eabi/lib/thumb/v7-m/nofp\libc_nano.a(libc_a-sprintf.o)
                0x0000000008003f50                siprintf
                0x0000000008003f50                sprintf
 .text.memset   0x0000000008003f90       0x10 C:/ST/STM32CubeIDE_1.13.2/STM32CubeIDE/plugins/com.st.stm32cube.ide.mcu.externaltools.gnu-tools-for-stm32.11.3.rel1.win32_1.1.1.202309131626/tools/bin/../lib/gcc/arm-none-eabi/11.3.1/../../../../arm-none-eabi/lib/thumb/v7-m/nofp\libc_nano.a(libc_a-memset.o)
                0x0000000008003f90                memset
 .text.__errno  0x0000000008003fa0        0xc C:/ST/STM32CubeIDE_1.13.2/STM32CubeIDE/plugins/com.st.stm32cube.ide.mcu.externaltools.gnu-tools-for-stm32.11.3.rel1.win32_1.1.1.202309131626/tools/bin/../lib/gcc/arm-none-eabi/11.3.1/../../../../arm-none-eabi/lib/thumb/v7-m/nofp\libc_nano.a(libc_a-errno.o)
                0x0000000008003fa0                __errno
 .text.__libc_init_array
                0x0000000008003fac       0x48 C:/ST/STM32CubeIDE_1.13.2/STM32CubeIDE/plugins/com.st.stm32cube.ide.mcu.externaltools.gnu-tools-for-stm32.11.3.rel1.win32_1.1.1.202309131626/tools/bin/../lib/gcc/arm-none-eabi/11.3.1/../../../../arm-none-eabi/lib/thumb/v7-m/nofp\libc_nano.a(libc_a-init.o)
                0x0000000008003fac                __libc_init_array
 .text.__retarget_lock_acquire_recursive
                0x0000000008003ff4        0x2 C:/ST/STM32CubeIDE_1.13.2/STM32CubeIDE/plugins/com.st.stm32cube.ide.mcu.externaltools.gnu-tools-for-stm32.11.3.rel1.win32_1.1.1.202309131626/tools/bin/../lib/gcc/arm-none-eabi/11.3.1/../../../../arm-none-eabi/lib/thumb/v7-m/nofp\libc_nano.a(libc_a-lock.o)
                0x0000000008003ff4                __retarget_lock_acquire_recursive
 .text.__retarget_lock_release_recursive
                0x0000000008003ff6        0x2 C:/ST/STM32CubeIDE_1.13.2/STM32CubeIDE/plugins/com.st.stm32cube.ide.mcu.externaltools.gnu-tools-for-stm32.11.3.rel1.win32_1.1.1.202309131626/tools/bin/../lib/gcc/arm-none-eabi/11.3.1/../../../../arm-none-eabi/lib/thumb/v7-m/nofp\libc_nano.a(libc_a-lock.o)
                0x0000000008003ff6                __retarget_lock_release_recursive
 .text.memcpy   0x0000000008003ff8       0x1c C:/ST/STM32CubeIDE_1.13.2/STM32CubeIDE/plugins/com.st.stm32cube.ide.mcu.externaltools.gnu-tools-for-stm32.11.3.rel1.win32_1.1.1.202309131626/tools/bin/../lib/gcc/arm-none-eabi/11.3.1/../../../../arm-none-eabi/lib/thumb/v7-m/nofp\libc_nano.a(libc_a-memcpy-stub.o)
                0x0000000008003ff8                memcpy
 .text._free_r  0x0000000008004014       0x90 C:/ST/STM32CubeIDE_1.13.2/STM32CubeIDE/plugins/com.st.stm32cube.ide.mcu.externaltools.gnu-tools-for-stm32.11.3.rel1.win32_1.1.1.202309131626/tools/bin/../lib/gcc/arm-none-eabi/11.3.1/../../../../arm-none-eabi/lib/thumb/v7-m/nofp\libc_nano.a(libc_a-freer.o)
                0x0000000008004014                _free_r
 .text.sbrk_aligned
                0x00000000080040a4       0x40 C:/ST/STM32CubeIDE_1.13.2/STM32CubeIDE/plugins/com.st.stm32cube.ide.mcu.externaltools.gnu-tools-for-stm32.11.3.rel1.win32_1.1.1.202309131626/tools/bin/../lib/gcc/arm-none-eabi/11.3.1/../../../../arm-none-eabi/lib/thumb/v7-m/nofp\libc_nano.a(libc_a-mallocr.o)
 .text._malloc_r
                0x00000000080040e4      0x100 C:/ST/STM32CubeIDE_1.13.2/STM32CubeIDE/plugins/com.st.stm32cube.ide.mcu.externaltools.gnu-tools-for-stm32.11.3.rel1.win32_1.1.1.202309131626/tools/bin/../lib/gcc/arm-none-eabi/11.3.1/../../../../arm-none-eabi/lib/thumb/v7-m/nofp\libc_nano.a(libc_a-mallocr.o)
                0x00000000080040e4                _malloc_r
 .text.__malloc_lock
                0x00000000080041e4        0xc C:/ST/STM32CubeIDE_1.13.2/STM32CubeIDE/plugins/com.st.stm32cube.ide.mcu.externaltools.gnu-tools-for-stm32.11.3.rel1.win32_1.1.1.202309131626/tools/bin/../lib/gcc/arm-none-eabi/11.3.1/../../../../arm-none-eabi/lib/thumb/v7-m/nofp\libc_nano.a(libc_a-mlock.o)
                0x00000000080041e4                __malloc_lock
 .text.__malloc_unlock
                0x00000000080041f0        0xc C:/ST/STM32CubeIDE_1.13.2/STM32CubeIDE/plugins/com.st.stm32cube.ide.mcu.externaltools.gnu-tools-for-stm32.11.3.rel1.win32_1.1.1.202309131626/tools/bin/../lib/gcc/arm-none-eabi/11.3.1/../../../../arm-none-eabi/lib/thumb/v7-m/nofp\libc_nano.a(libc_a-mlock.o)
                0x00000000080041f0                __malloc_unlock
 .text.__ssputs_r
                0x00000000080041fc       0xb4 C:/ST/STM32CubeIDE_1.13.2/STM32CubeIDE/plugins/com.st.stm32cube.ide.mcu.externaltools.gnu-tools-for-stm32.11.3.rel1.win32_1.1.1.202309131626/tools/bin/../lib/gcc/arm-none-eabi/11.3.1/../../../../arm-none-eabi/lib/thumb/v7-m/nofp\libc_nano.a(libc_a-nano-svfprintf.o)
                0x00000000080041fc                __ssputs_r
 .text._svfprintf_r
                0x00000000080042b0      0x1fc C:/ST/STM32CubeIDE_1.13.2/STM32CubeIDE/plugins/com.st.stm32cube.ide.mcu.externaltools.gnu-tools-for-stm32.11.3.rel1.win32_1.1.1.202309131626/tools/bin/../lib/gcc/arm-none-eabi/11.3.1/../../../../arm-none-eabi/lib/thumb/v7-m/nofp\libc_nano.a(libc_a-nano-svfprintf.o)
                0x00000000080042b0                _svfiprintf_r
                0x00000000080042b0                _svfprintf_r
 .text._printf_common
                0x00000000080044ac       0xe4 C:/ST/STM32CubeIDE_1.13.2/STM32CubeIDE/plugins/com.st.stm32cube.ide.mcu.externaltools.gnu-tools-for-stm32.11.3.rel1.win32_1.1.1.202309131626/tools/bin/../lib/gcc/arm-none-eabi/11.3.1/../../../../arm-none-eabi/lib/thumb/v7-m/nofp\libc_nano.a(libc_a-nano-vfprintf_i.o)
                0x00000000080044ac                _printf_common
 .text._printf_i
                0x0000000008004590      0x244 C:/ST/STM32CubeIDE_1.13.2/STM32CubeIDE/plugins/com.st.stm32cube.ide.mcu.externaltools.gnu-tools-for-stm32.11.3.rel1.win32_1.1.1.202309131626/tools/bin/../lib/gcc/arm-none-eabi/11.3.1/../../../../arm-none-eabi/lib/thumb/v7-m/nofp\libc_nano.a(libc_a-nano-vfprintf_i.o)
                0x0000000008004590                _printf_i
 .text.memmove  0x00000000080047d4       0x34 C:/ST/STM32CubeIDE_1.13.2/STM32CubeIDE/plugins/com.st.stm32cube.ide.mcu.externaltools.gnu-tools-for-stm32.11.3.rel1.win32_1.1.1.202309131626/tools/bin/../lib/gcc/arm-none-eabi/11.3.1/../../../../arm-none-eabi/lib/thumb/v7-m/nofp\libc_nano.a(libc_a-memmove.o)
                0x00000000080047d4                memmove
 .text._sbrk_r  0x0000000008004808       0x20 C:/ST/STM32CubeIDE_1.13.2/STM32CubeIDE/plugins/com.st.stm32cube.ide.mcu.externaltools.gnu-tools-for-stm32.11.3.rel1.win32_1.1.1.202309131626/tools/bin/../lib/gcc/arm-none-eabi/11.3.1/../../../../arm-none-eabi/lib/thumb/v7-m/nofp\libc_nano.a(libc_a-sbrkr.o)
                0x0000000008004808                _sbrk_r
 .text.memchr   0x0000000008004828       0x1c C:/ST/STM32CubeIDE_1.13.2/STM32CubeIDE/plugins/com.st.stm32cube.ide.mcu.externaltools.gnu-tools-for-stm32.11.3.rel1.win32_1.1.1.202309131626/tools/bin/../lib/gcc/arm-none-eabi/11.3.1/../../../../arm-none-eabi/lib/thumb/v7-m/nofp\libc_nano.a(libc_a-memchr-stub.o)
                0x0000000008004828                memchr
 .text._realloc_r
                0x0000000008004844       0x5e C:/ST/STM32CubeIDE_1.13.2/STM32CubeIDE/plugins/com.st.stm32cube.ide.mcu.externaltools.gnu-tools-for-stm32.11.3.rel1.win32_1.1.1.202309131626/tools/bin/../lib/gcc/arm-none-eabi/11.3.1/../../../../arm-none-eabi/lib/thumb/v7-m/nofp\libc_nano.a(libc_a-reallocr.o)
                0x0000000008004844                _realloc_r
 .text._malloc_usable_size_r
                0x00000000080048a2       0x10 C:/ST/STM32CubeIDE_1.13.2/STM32CubeIDE/plugins/com.st.stm32cube.ide.mcu.externaltools.gnu-tools-for-stm32.11.3.rel1.win32_1.1.1.202309131626/tools/bin/../lib/gcc/arm-none-eabi/11.3.1/../../../../arm-none-eabi/lib/thumb/v7-m/nofp\libc_nano.a(libc_a-msizer.o)
                0x00000000080048a2                _malloc_usable_size_r
 *(.glue_7)
 .glue_7        0x00000000080048b2        0x0 linker stubs
 *(.glue_7t)
 .glue_7t       0x00000000080048b2        0x0 linker stubs
 *(.eh_frame)
 *fill*         0x00000000080048b2        0x2 
 .eh_frame      0x00000000080048b4        0x0 C:/ST/STM32CubeIDE_1.13.2/STM32CubeIDE/plugins/com.st.stm32cube.ide.mcu.externaltools.gnu-tools-for-stm32.11.3.rel1.win32_1.1.1.202309131626/tools/bin/../lib/gcc/arm-none-eabi/11.3.1/thumb/v7-m/nofp/crtbegin.o
 *(.init)
 .init          0x00000000080048b4        0x4 C:/ST/STM32CubeIDE_1.13.2/STM32CubeIDE/plugins/com.st.stm32cube.ide.mcu.externaltools.gnu-tools-for-stm32.11.3.rel1.win32_1.1.1.202309131626/tools/bin/../lib/gcc/arm-none-eabi/11.3.1/thumb/v7-m/nofp/crti.o
                0x00000000080048b4                _init
 .init          0x00000000080048b8        0x8 C:/ST/STM32CubeIDE_1.13.2/STM32CubeIDE/plugins/com.st.stm32cube.ide.mcu.externaltools.gnu-tools-for-stm32.11.3.rel1.win32_1.1.1.202309131626/tools/bin/../lib/gcc/arm-none-eabi/11.3.1/thumb/v7-m/nofp/crtn.o
 *(.fini)
 .fini          0x00000000080048c0        0x4 C:/ST/STM32CubeIDE_1.13.2/STM32CubeIDE/plugins/com.st.stm32cube.ide.mcu.externaltools.gnu-tools-for-stm32.11.3.rel1.win32_1.1.1.202309131626/tools/bin/../lib/gcc/arm-none-eabi/11.3.1/thumb/v7-m/nofp/crti.o
                0x00000000080048c0                _fini
 .fini          0x00000000080048c4        0x8 C:/ST/STM32CubeIDE_1.13.2/STM32CubeIDE/plugins/com.st.stm32cube.ide.mcu.externaltools.gnu-tools-for-stm32.11.3.rel1.win32_1.1.1.202309131626/tools/bin/../lib/gcc/arm-none-eabi/11.3.1/thumb/v7-m/nofp/crtn.o
                0x00000000080048cc                . = ALIGN (0x4)
                0x00000000080048cc                _etext = .

.vfp11_veneer   0x00000000080048cc        0x0
 .vfp11_veneer  0x00000000080048cc        0x0 linker stubs

.v4_bx          0x00000000080048cc        0x0
 .v4_bx         0x00000000080048cc        0x0 linker stubs

.iplt           0x00000000080048cc        0x0
 .iplt          0x00000000080048cc        0x0 C:/ST/STM32CubeIDE_1.13.2/STM32CubeIDE/plugins/com.st.stm32cube.ide.mcu.externaltools.gnu-tools-for-stm32.11.3.rel1.win32_1.1.1.202309131626/tools/bin/../lib/gcc/arm-none-eabi/11.3.1/thumb/v7-m/nofp/crtbegin.o

.rodata         0x00000000080048cc      0x494
                0x00000000080048cc                . = ALIGN (0x4)
 *(.rodata)
 .rodata        0x00000000080048cc      0x311 ./Drivers/API/Src/API_menuMEF.o
 *(.rodata*)
 *fill*         0x0000000008004bdd        0x3 
 .rodata.AHBPrescTable
                0x0000000008004be0       0x10 ./Core/Src/system_stm32f1xx.o
                0x0000000008004be0                AHBPrescTable
 .rodata.APBPrescTable
                0x0000000008004bf0        0x8 ./Core/Src/system_stm32f1xx.o
                0x0000000008004bf0                APBPrescTable
 .rodata.ddram_address_16x2
                0x0000000008004bf8       0x20 ./Drivers/API/Src/API_lcd_i2c.o
 .rodata.aPLLMULFactorTable.1
                0x0000000008004c18       0x10 ./Drivers/STM32F1xx_HAL_Driver/Src/stm32f1xx_hal_rcc.o
 .rodata.aPredivFactorTable.0
                0x0000000008004c28        0x2 ./Drivers/STM32F1xx_HAL_Driver/Src/stm32f1xx_hal_rcc.o
 .rodata._ctype_
                0x0000000008004c2a      0x101 C:/ST/STM32CubeIDE_1.13.2/STM32CubeIDE/plugins/com.st.stm32cube.ide.mcu.externaltools.gnu-tools-for-stm32.11.3.rel1.win32_1.1.1.202309131626/tools/bin/../lib/gcc/arm-none-eabi/11.3.1/../../../../arm-none-eabi/lib/thumb/v7-m/nofp\libc_nano.a(libc_a-ctype_.o)
                0x0000000008004c2a                _ctype_
 .rodata._svfprintf_r.str1.1
                0x0000000008004d2b       0x11 C:/ST/STM32CubeIDE_1.13.2/STM32CubeIDE/plugins/com.st.stm32cube.ide.mcu.externaltools.gnu-tools-for-stm32.11.3.rel1.win32_1.1.1.202309131626/tools/bin/../lib/gcc/arm-none-eabi/11.3.1/../../../../arm-none-eabi/lib/thumb/v7-m/nofp\libc_nano.a(libc_a-nano-svfprintf.o)
 .rodata._printf_i.str1.1
                0x0000000008004d3c       0x22 C:/ST/STM32CubeIDE_1.13.2/STM32CubeIDE/plugins/com.st.stm32cube.ide.mcu.externaltools.gnu-tools-for-stm32.11.3.rel1.win32_1.1.1.202309131626/tools/bin/../lib/gcc/arm-none-eabi/11.3.1/../../../../arm-none-eabi/lib/thumb/v7-m/nofp\libc_nano.a(libc_a-nano-vfprintf_i.o)
                0x0000000008004d60                . = ALIGN (0x4)
 *fill*         0x0000000008004d5e        0x2 

.rel.dyn        0x0000000008004d60        0x0
 .rel.iplt      0x0000000008004d60        0x0 C:/ST/STM32CubeIDE_1.13.2/STM32CubeIDE/plugins/com.st.stm32cube.ide.mcu.externaltools.gnu-tools-for-stm32.11.3.rel1.win32_1.1.1.202309131626/tools/bin/../lib/gcc/arm-none-eabi/11.3.1/thumb/v7-m/nofp/crtbegin.o

.ARM.extab      0x0000000008004d60        0x0
                0x0000000008004d60                . = ALIGN (0x4)
 *(.ARM.extab* .gnu.linkonce.armextab.*)
                0x0000000008004d60                . = ALIGN (0x4)

.ARM            0x0000000008004d60        0x0
                0x0000000008004d60                . = ALIGN (0x4)
                0x0000000008004d60                __exidx_start = .
 *(.ARM.exidx*)
                0x0000000008004d60                __exidx_end = .
                0x0000000008004d60                . = ALIGN (0x4)

.preinit_array  0x0000000008004d60        0x0
                0x0000000008004d60                . = ALIGN (0x4)
                0x0000000008004d60                PROVIDE (__preinit_array_start = .)
 *(.preinit_array*)
                0x0000000008004d60                PROVIDE (__preinit_array_end = .)
                0x0000000008004d60                . = ALIGN (0x4)

.init_array     0x0000000008004d60        0x4
                0x0000000008004d60                . = ALIGN (0x4)
                0x0000000008004d60                PROVIDE (__init_array_start = .)
 *(SORT_BY_NAME(.init_array.*))
 *(.init_array*)
 .init_array    0x0000000008004d60        0x4 C:/ST/STM32CubeIDE_1.13.2/STM32CubeIDE/plugins/com.st.stm32cube.ide.mcu.externaltools.gnu-tools-for-stm32.11.3.rel1.win32_1.1.1.202309131626/tools/bin/../lib/gcc/arm-none-eabi/11.3.1/thumb/v7-m/nofp/crtbegin.o
                0x0000000008004d64                PROVIDE (__init_array_end = .)
                0x0000000008004d64                . = ALIGN (0x4)

.fini_array     0x0000000008004d64        0x4
                0x0000000008004d64                . = ALIGN (0x4)
                [!provide]                        PROVIDE (__fini_array_start = .)
 *(SORT_BY_NAME(.fini_array.*))
 *(.fini_array*)
 .fini_array    0x0000000008004d64        0x4 C:/ST/STM32CubeIDE_1.13.2/STM32CubeIDE/plugins/com.st.stm32cube.ide.mcu.externaltools.gnu-tools-for-stm32.11.3.rel1.win32_1.1.1.202309131626/tools/bin/../lib/gcc/arm-none-eabi/11.3.1/thumb/v7-m/nofp/crtbegin.o
                [!provide]                        PROVIDE (__fini_array_end = .)
                0x0000000008004d68                . = ALIGN (0x4)
                0x0000000008004d68                _sidata = LOADADDR (.data)

.data           0x0000000020000000      0x134 load address 0x0000000008004d68
                0x0000000020000000                . = ALIGN (0x4)
                0x0000000020000000                _sdata = .
 *(.data)
 *(.data*)
 .data.SystemCoreClock
                0x0000000020000000        0x4 ./Core/Src/system_stm32f1xx.o
                0x0000000020000000                SystemCoreClock
 .data.blinkPeriod
                0x0000000020000004        0x2 ./Drivers/API/Src/API_menuMEF.o
 .data.blinkRepeat
                0x0000000020000006        0x2 ./Drivers/API/Src/API_menuMEF.o
 .data.motorTimer
                0x0000000020000008        0x2 ./Drivers/API/Src/API_menuMEF.o
 .data.motorFrequency
                0x000000002000000a        0x2 ./Drivers/API/Src/API_menuMEF.o
 .data.optionText
                0x000000002000000c       0xd0 ./Drivers/API/Src/API_menuMEF.o
 .data.uwTickPrio
                0x00000000200000dc        0x4 ./Drivers/STM32F1xx_HAL_Driver/Src/stm32f1xx_hal.o
                0x00000000200000dc                uwTickPrio
 .data.uwTickFreq
                0x00000000200000e0        0x1 ./Drivers/STM32F1xx_HAL_Driver/Src/stm32f1xx_hal.o
                0x00000000200000e0                uwTickFreq
 *fill*         0x00000000200000e1        0x3 
 .data._impure_data
                0x00000000200000e4       0x4c C:/ST/STM32CubeIDE_1.13.2/STM32CubeIDE/plugins/com.st.stm32cube.ide.mcu.externaltools.gnu-tools-for-stm32.11.3.rel1.win32_1.1.1.202309131626/tools/bin/../lib/gcc/arm-none-eabi/11.3.1/../../../../arm-none-eabi/lib/thumb/v7-m/nofp\libc_nano.a(libc_a-impure.o)
                0x00000000200000e4                _impure_data
 .data._impure_ptr
                0x0000000020000130        0x4 C:/ST/STM32CubeIDE_1.13.2/STM32CubeIDE/plugins/com.st.stm32cube.ide.mcu.externaltools.gnu-tools-for-stm32.11.3.rel1.win32_1.1.1.202309131626/tools/bin/../lib/gcc/arm-none-eabi/11.3.1/../../../../arm-none-eabi/lib/thumb/v7-m/nofp\libc_nano.a(libc_a-impure.o)
                0x0000000020000130                _impure_ptr
 *(.RamFunc)
 *(.RamFunc*)
                0x0000000020000134                . = ALIGN (0x4)
                0x0000000020000134                _edata = .

.igot.plt       0x0000000020000134        0x0 load address 0x0000000008004e9c
 .igot.plt      0x0000000020000134        0x0 C:/ST/STM32CubeIDE_1.13.2/STM32CubeIDE/plugins/com.st.stm32cube.ide.mcu.externaltools.gnu-tools-for-stm32.11.3.rel1.win32_1.1.1.202309131626/tools/bin/../lib/gcc/arm-none-eabi/11.3.1/thumb/v7-m/nofp/crtbegin.o
                0x0000000020000134                . = ALIGN (0x4)

.bss            0x0000000020000134      0x298 load address 0x0000000008004e9c
                0x0000000020000134                _sbss = .
                0x0000000020000134                __bss_start__ = _sbss
 *(.bss)
 .bss           0x0000000020000134       0x1c C:/ST/STM32CubeIDE_1.13.2/STM32CubeIDE/plugins/com.st.stm32cube.ide.mcu.externaltools.gnu-tools-for-stm32.11.3.rel1.win32_1.1.1.202309131626/tools/bin/../lib/gcc/arm-none-eabi/11.3.1/thumb/v7-m/nofp/crtbegin.o
 *(.bss*)
 .bss.__sbrk_heap_end
                0x0000000020000150        0x4 ./Core/Src/sysmem.o
 .bss.estado    0x0000000020000154        0x1 ./Drivers/API/Src/API_debounce.o
 .bss.fallingState
                0x0000000020000155        0x1 ./Drivers/API/Src/API_debounce.o
 .bss.risingState
                0x0000000020000156        0x1 ./Drivers/API/Src/API_debounce.o
 *fill*         0x0000000020000157        0x1 
 .bss.delayHandle
                0x0000000020000158        0xc ./Drivers/API/Src/API_debounce.o
 .bss.motorTimerHandle
                0x0000000020000164       0x48 ./Drivers/API/Src/API_drv8825.o
 .bss.motorRunning
                0x00000000200001ac        0x1 ./Drivers/API/Src/API_drv8825.o
 *fill*         0x00000000200001ad        0x3 
 .bss.motorControlHandle
                0x00000000200001b0        0x2 ./Drivers/API/Src/API_drv8825.o
                0x00000000200001b0                motorControlHandle
 *fill*         0x00000000200001b2        0x2 
 .bss.i2cHandle
                0x00000000200001b4       0x54 ./Drivers/API/Src/API_lcd_i2c.o
 .bss.currentState
                0x0000000020000208        0x1 ./Drivers/API/Src/API_menuMEF.o
 *fill*         0x0000000020000209        0x3 
 .bss.pulseHandle
                0x000000002000020c       0x10 ./Drivers/API/Src/API_menuMEF.o
 .bss.executingRoutine
                0x000000002000021c        0x1 ./Drivers/API/Src/API_menuMEF.o
 .bss.count     0x000000002000021d        0x1 ./Drivers/API/Src/API_menuMEF.o
 *fill*         0x000000002000021e        0x2 
 .bss.delayBlinkHandle
                0x0000000020000220        0xc ./Drivers/API/Src/API_menuMEF.o
 .bss.delayMotorHandle
                0x000000002000022c        0xc ./Drivers/API/Src/API_menuMEF.o
 .bss.uartHandle
                0x0000000020000238       0x48 ./Drivers/API/Src/API_uart.o
 .bss.uwTick    0x0000000020000280        0x4 ./Drivers/STM32F1xx_HAL_Driver/Src/stm32f1xx_hal.o
                0x0000000020000280                uwTick
 .bss.__sf      0x0000000020000284      0x138 C:/ST/STM32CubeIDE_1.13.2/STM32CubeIDE/plugins/com.st.stm32cube.ide.mcu.externaltools.gnu-tools-for-stm32.11.3.rel1.win32_1.1.1.202309131626/tools/bin/../lib/gcc/arm-none-eabi/11.3.1/../../../../arm-none-eabi/lib/thumb/v7-m/nofp\libc_nano.a(libc_a-findfp.o)
                0x0000000020000284                __sf
 .bss.errno     0x00000000200003bc        0x4 C:/ST/STM32CubeIDE_1.13.2/STM32CubeIDE/plugins/com.st.stm32cube.ide.mcu.externaltools.gnu-tools-for-stm32.11.3.rel1.win32_1.1.1.202309131626/tools/bin/../lib/gcc/arm-none-eabi/11.3.1/../../../../arm-none-eabi/lib/thumb/v7-m/nofp\libc_nano.a(libc_a-reent.o)
                0x00000000200003bc                errno
 .bss.__lock___malloc_recursive_mutex
                0x00000000200003c0        0x1 C:/ST/STM32CubeIDE_1.13.2/STM32CubeIDE/plugins/com.st.stm32cube.ide.mcu.externaltools.gnu-tools-for-stm32.11.3.rel1.win32_1.1.1.202309131626/tools/bin/../lib/gcc/arm-none-eabi/11.3.1/../../../../arm-none-eabi/lib/thumb/v7-m/nofp\libc_nano.a(libc_a-lock.o)
                0x00000000200003c0                __lock___malloc_recursive_mutex
 *fill*         0x00000000200003c1        0x3 
 .bss.__malloc_free_list
                0x00000000200003c4        0x4 C:/ST/STM32CubeIDE_1.13.2/STM32CubeIDE/plugins/com.st.stm32cube.ide.mcu.externaltools.gnu-tools-for-stm32.11.3.rel1.win32_1.1.1.202309131626/tools/bin/../lib/gcc/arm-none-eabi/11.3.1/../../../../arm-none-eabi/lib/thumb/v7-m/nofp\libc_nano.a(libc_a-mallocr.o)
                0x00000000200003c4                __malloc_free_list
 .bss.__malloc_sbrk_start
                0x00000000200003c8        0x4 C:/ST/STM32CubeIDE_1.13.2/STM32CubeIDE/plugins/com.st.stm32cube.ide.mcu.externaltools.gnu-tools-for-stm32.11.3.rel1.win32_1.1.1.202309131626/tools/bin/../lib/gcc/arm-none-eabi/11.3.1/../../../../arm-none-eabi/lib/thumb/v7-m/nofp\libc_nano.a(libc_a-mallocr.o)
                0x00000000200003c8                __malloc_sbrk_start
 *(COMMON)
                0x00000000200003cc                . = ALIGN (0x4)
                0x00000000200003cc                _ebss = .
                0x00000000200003cc                __bss_end__ = _ebss

._user_heap_stack
                0x00000000200003cc      0x604 load address 0x0000000008004e9c
                0x00000000200003d0                . = ALIGN (0x8)
 *fill*         0x00000000200003cc        0x4 
                [!provide]                        PROVIDE (end = .)
                0x00000000200003d0                PROVIDE (_end = .)
                0x00000000200005d0                . = (. + _Min_Heap_Size)
 *fill*         0x00000000200003d0      0x200 
                0x00000000200009d0                . = (. + _Min_Stack_Size)
 *fill*         0x00000000200005d0      0x400 
                0x00000000200009d0                . = ALIGN (0x8)

/DISCARD/
 libc.a(*)
 libm.a(*)
 libgcc.a(*)

.ARM.attributes
                0x0000000000000000       0x29
 *(.ARM.attributes)
 .ARM.attributes
                0x0000000000000000       0x1d C:/ST/STM32CubeIDE_1.13.2/STM32CubeIDE/plugins/com.st.stm32cube.ide.mcu.externaltools.gnu-tools-for-stm32.11.3.rel1.win32_1.1.1.202309131626/tools/bin/../lib/gcc/arm-none-eabi/11.3.1/thumb/v7-m/nofp/crti.o
 .ARM.attributes
                0x000000000000001d       0x2d C:/ST/STM32CubeIDE_1.13.2/STM32CubeIDE/plugins/com.st.stm32cube.ide.mcu.externaltools.gnu-tools-for-stm32.11.3.rel1.win32_1.1.1.202309131626/tools/bin/../lib/gcc/arm-none-eabi/11.3.1/thumb/v7-m/nofp/crtbegin.o
 .ARM.attributes
                0x000000000000004a       0x2d ./Core/Src/main.o
 .ARM.attributes
                0x0000000000000077       0x2d ./Core/Src/stm32f1xx_hal_msp.o
 .ARM.attributes
                0x00000000000000a4       0x2d ./Core/Src/stm32f1xx_it.o
 .ARM.attributes
                0x00000000000000d1       0x2d ./Core/Src/sysmem.o
 .ARM.attributes
                0x00000000000000fe       0x2d ./Core/Src/system_stm32f1xx.o
 .ARM.attributes
                0x000000000000012b       0x21 ./Core/Startup/startup_stm32f103rbtx.o
 .ARM.attributes
                0x000000000000014c       0x2d ./Drivers/API/Src/API_debounce.o
 .ARM.attributes
                0x0000000000000179       0x2d ./Drivers/API/Src/API_delay.o
 .ARM.attributes
                0x00000000000001a6       0x2d ./Drivers/API/Src/API_drv8825.o
 .ARM.attributes
                0x00000000000001d3       0x2d ./Drivers/API/Src/API_lcd_i2c.o
 .ARM.attributes
                0x0000000000000200       0x2d ./Drivers/API/Src/API_menuMEF.o
 .ARM.attributes
                0x000000000000022d       0x2d ./Drivers/API/Src/API_uart.o
 .ARM.attributes
                0x000000000000025a       0x2d ./Drivers/STM32F1xx_HAL_Driver/Src/stm32f1xx_hal.o
 .ARM.attributes
                0x0000000000000287       0x2d ./Drivers/STM32F1xx_HAL_Driver/Src/stm32f1xx_hal_cortex.o
 .ARM.attributes
                0x00000000000002b4       0x2d ./Drivers/STM32F1xx_HAL_Driver/Src/stm32f1xx_hal_gpio.o
 .ARM.attributes
                0x00000000000002e1       0x2d ./Drivers/STM32F1xx_HAL_Driver/Src/stm32f1xx_hal_i2c.o
 .ARM.attributes
                0x000000000000030e       0x2d ./Drivers/STM32F1xx_HAL_Driver/Src/stm32f1xx_hal_rcc.o
 .ARM.attributes
                0x000000000000033b       0x2d ./Drivers/STM32F1xx_HAL_Driver/Src/stm32f1xx_hal_tim.o
 .ARM.attributes
                0x0000000000000368       0x2d ./Drivers/STM32F1xx_HAL_Driver/Src/stm32f1xx_hal_tim_ex.o
 .ARM.attributes
                0x0000000000000395       0x2d ./Drivers/STM32F1xx_HAL_Driver/Src/stm32f1xx_hal_uart.o
 .ARM.attributes
                0x00000000000003c2       0x2d C:/ST/STM32CubeIDE_1.13.2/STM32CubeIDE/plugins/com.st.stm32cube.ide.mcu.externaltools.gnu-tools-for-stm32.11.3.rel1.win32_1.1.1.202309131626/tools/bin/../lib/gcc/arm-none-eabi/11.3.1/../../../../arm-none-eabi/lib/thumb/v7-m/nofp\libc_nano.a(libc_a-atoi.o)
 .ARM.attributes
                0x00000000000003ef       0x2d C:/ST/STM32CubeIDE_1.13.2/STM32CubeIDE/plugins/com.st.stm32cube.ide.mcu.externaltools.gnu-tools-for-stm32.11.3.rel1.win32_1.1.1.202309131626/tools/bin/../lib/gcc/arm-none-eabi/11.3.1/../../../../arm-none-eabi/lib/thumb/v7-m/nofp\libc_nano.a(libc_a-strtol.o)
 .ARM.attributes
                0x000000000000041c       0x2d C:/ST/STM32CubeIDE_1.13.2/STM32CubeIDE/plugins/com.st.stm32cube.ide.mcu.externaltools.gnu-tools-for-stm32.11.3.rel1.win32_1.1.1.202309131626/tools/bin/../lib/gcc/arm-none-eabi/11.3.1/../../../../arm-none-eabi/lib/thumb/v7-m/nofp\libc_nano.a(libc_a-ctype_.o)
 .ARM.attributes
                0x0000000000000449       0x2d C:/ST/STM32CubeIDE_1.13.2/STM32CubeIDE/plugins/com.st.stm32cube.ide.mcu.externaltools.gnu-tools-for-stm32.11.3.rel1.win32_1.1.1.202309131626/tools/bin/../lib/gcc/arm-none-eabi/11.3.1/../../../../arm-none-eabi/lib/thumb/v7-m/nofp\libc_nano.a(libc_a-findfp.o)
 .ARM.attributes
                0x0000000000000476       0x2d C:/ST/STM32CubeIDE_1.13.2/STM32CubeIDE/plugins/com.st.stm32cube.ide.mcu.externaltools.gnu-tools-for-stm32.11.3.rel1.win32_1.1.1.202309131626/tools/bin/../lib/gcc/arm-none-eabi/11.3.1/../../../../arm-none-eabi/lib/thumb/v7-m/nofp\libc_nano.a(libc_a-sprintf.o)
 .ARM.attributes
                0x00000000000004a3       0x2d C:/ST/STM32CubeIDE_1.13.2/STM32CubeIDE/plugins/com.st.stm32cube.ide.mcu.externaltools.gnu-tools-for-stm32.11.3.rel1.win32_1.1.1.202309131626/tools/bin/../lib/gcc/arm-none-eabi/11.3.1/../../../../arm-none-eabi/lib/thumb/v7-m/nofp\libc_nano.a(libc_a-memset.o)
 .ARM.attributes
                0x00000000000004d0       0x2d C:/ST/STM32CubeIDE_1.13.2/STM32CubeIDE/plugins/com.st.stm32cube.ide.mcu.externaltools.gnu-tools-for-stm32.11.3.rel1.win32_1.1.1.202309131626/tools/bin/../lib/gcc/arm-none-eabi/11.3.1/../../../../arm-none-eabi/lib/thumb/v7-m/nofp\libc_nano.a(libc_a-reent.o)
 .ARM.attributes
                0x00000000000004fd       0x2d C:/ST/STM32CubeIDE_1.13.2/STM32CubeIDE/plugins/com.st.stm32cube.ide.mcu.externaltools.gnu-tools-for-stm32.11.3.rel1.win32_1.1.1.202309131626/tools/bin/../lib/gcc/arm-none-eabi/11.3.1/../../../../arm-none-eabi/lib/thumb/v7-m/nofp\libc_nano.a(libc_a-impure.o)
 .ARM.attributes
                0x000000000000052a       0x2d C:/ST/STM32CubeIDE_1.13.2/STM32CubeIDE/plugins/com.st.stm32cube.ide.mcu.externaltools.gnu-tools-for-stm32.11.3.rel1.win32_1.1.1.202309131626/tools/bin/../lib/gcc/arm-none-eabi/11.3.1/../../../../arm-none-eabi/lib/thumb/v7-m/nofp\libc_nano.a(libc_a-errno.o)
 .ARM.attributes
                0x0000000000000557       0x2d C:/ST/STM32CubeIDE_1.13.2/STM32CubeIDE/plugins/com.st.stm32cube.ide.mcu.externaltools.gnu-tools-for-stm32.11.3.rel1.win32_1.1.1.202309131626/tools/bin/../lib/gcc/arm-none-eabi/11.3.1/../../../../arm-none-eabi/lib/thumb/v7-m/nofp\libc_nano.a(libc_a-init.o)
 .ARM.attributes
                0x0000000000000584       0x2d C:/ST/STM32CubeIDE_1.13.2/STM32CubeIDE/plugins/com.st.stm32cube.ide.mcu.externaltools.gnu-tools-for-stm32.11.3.rel1.win32_1.1.1.202309131626/tools/bin/../lib/gcc/arm-none-eabi/11.3.1/../../../../arm-none-eabi/lib/thumb/v7-m/nofp\libc_nano.a(libc_a-lock.o)
 .ARM.attributes
                0x00000000000005b1       0x2d C:/ST/STM32CubeIDE_1.13.2/STM32CubeIDE/plugins/com.st.stm32cube.ide.mcu.externaltools.gnu-tools-for-stm32.11.3.rel1.win32_1.1.1.202309131626/tools/bin/../lib/gcc/arm-none-eabi/11.3.1/../../../../arm-none-eabi/lib/thumb/v7-m/nofp\libc_nano.a(libc_a-memcpy-stub.o)
 .ARM.attributes
                0x00000000000005de       0x2d C:/ST/STM32CubeIDE_1.13.2/STM32CubeIDE/plugins/com.st.stm32cube.ide.mcu.externaltools.gnu-tools-for-stm32.11.3.rel1.win32_1.1.1.202309131626/tools/bin/../lib/gcc/arm-none-eabi/11.3.1/../../../../arm-none-eabi/lib/thumb/v7-m/nofp\libc_nano.a(libc_a-freer.o)
 .ARM.attributes
                0x000000000000060b       0x2d C:/ST/STM32CubeIDE_1.13.2/STM32CubeIDE/plugins/com.st.stm32cube.ide.mcu.externaltools.gnu-tools-for-stm32.11.3.rel1.win32_1.1.1.202309131626/tools/bin/../lib/gcc/arm-none-eabi/11.3.1/../../../../arm-none-eabi/lib/thumb/v7-m/nofp\libc_nano.a(libc_a-mallocr.o)
 .ARM.attributes
                0x0000000000000638       0x2d C:/ST/STM32CubeIDE_1.13.2/STM32CubeIDE/plugins/com.st.stm32cube.ide.mcu.externaltools.gnu-tools-for-stm32.11.3.rel1.win32_1.1.1.202309131626/tools/bin/../lib/gcc/arm-none-eabi/11.3.1/../../../../arm-none-eabi/lib/thumb/v7-m/nofp\libc_nano.a(libc_a-mlock.o)
 .ARM.attributes
                0x0000000000000665       0x2d C:/ST/STM32CubeIDE_1.13.2/STM32CubeIDE/plugins/com.st.stm32cube.ide.mcu.externaltools.gnu-tools-for-stm32.11.3.rel1.win32_1.1.1.202309131626/tools/bin/../lib/gcc/arm-none-eabi/11.3.1/../../../../arm-none-eabi/lib/thumb/v7-m/nofp\libc_nano.a(libc_a-nano-svfprintf.o)
 .ARM.attributes
                0x0000000000000692       0x2d C:/ST/STM32CubeIDE_1.13.2/STM32CubeIDE/plugins/com.st.stm32cube.ide.mcu.externaltools.gnu-tools-for-stm32.11.3.rel1.win32_1.1.1.202309131626/tools/bin/../lib/gcc/arm-none-eabi/11.3.1/../../../../arm-none-eabi/lib/thumb/v7-m/nofp\libc_nano.a(libc_a-nano-vfprintf_i.o)
 .ARM.attributes
                0x00000000000006bf       0x2d C:/ST/STM32CubeIDE_1.13.2/STM32CubeIDE/plugins/com.st.stm32cube.ide.mcu.externaltools.gnu-tools-for-stm32.11.3.rel1.win32_1.1.1.202309131626/tools/bin/../lib/gcc/arm-none-eabi/11.3.1/../../../../arm-none-eabi/lib/thumb/v7-m/nofp\libc_nano.a(libc_a-memmove.o)
 .ARM.attributes
                0x00000000000006ec       0x2d C:/ST/STM32CubeIDE_1.13.2/STM32CubeIDE/plugins/com.st.stm32cube.ide.mcu.externaltools.gnu-tools-for-stm32.11.3.rel1.win32_1.1.1.202309131626/tools/bin/../lib/gcc/arm-none-eabi/11.3.1/../../../../arm-none-eabi/lib/thumb/v7-m/nofp\libc_nano.a(libc_a-sbrkr.o)
 .ARM.attributes
                0x0000000000000719       0x2d C:/ST/STM32CubeIDE_1.13.2/STM32CubeIDE/plugins/com.st.stm32cube.ide.mcu.externaltools.gnu-tools-for-stm32.11.3.rel1.win32_1.1.1.202309131626/tools/bin/../lib/gcc/arm-none-eabi/11.3.1/../../../../arm-none-eabi/lib/thumb/v7-m/nofp\libc_nano.a(libc_a-memchr-stub.o)
 .ARM.attributes
                0x0000000000000746       0x2d C:/ST/STM32CubeIDE_1.13.2/STM32CubeIDE/plugins/com.st.stm32cube.ide.mcu.externaltools.gnu-tools-for-stm32.11.3.rel1.win32_1.1.1.202309131626/tools/bin/../lib/gcc/arm-none-eabi/11.3.1/../../../../arm-none-eabi/lib/thumb/v7-m/nofp\libc_nano.a(libc_a-reallocr.o)
 .ARM.attributes
                0x0000000000000773       0x2d C:/ST/STM32CubeIDE_1.13.2/STM32CubeIDE/plugins/com.st.stm32cube.ide.mcu.externaltools.gnu-tools-for-stm32.11.3.rel1.win32_1.1.1.202309131626/tools/bin/../lib/gcc/arm-none-eabi/11.3.1/../../../../arm-none-eabi/lib/thumb/v7-m/nofp\libc_nano.a(libc_a-msizer.o)
 .ARM.attributes
                0x00000000000007a0       0x1d C:/ST/STM32CubeIDE_1.13.2/STM32CubeIDE/plugins/com.st.stm32cube.ide.mcu.externaltools.gnu-tools-for-stm32.11.3.rel1.win32_1.1.1.202309131626/tools/bin/../lib/gcc/arm-none-eabi/11.3.1/thumb/v7-m/nofp/crtn.o
OUTPUT(PdM-PCSE_TP_Final.elf elf32-littlearm)
LOAD linker stubs
LOAD C:/ST/STM32CubeIDE_1.13.2/STM32CubeIDE/plugins/com.st.stm32cube.ide.mcu.externaltools.gnu-tools-for-stm32.11.3.rel1.win32_1.1.1.202309131626/tools/bin/../lib/gcc/arm-none-eabi/11.3.1/../../../../arm-none-eabi/lib/thumb/v7-m/nofp\libc.a
LOAD C:/ST/STM32CubeIDE_1.13.2/STM32CubeIDE/plugins/com.st.stm32cube.ide.mcu.externaltools.gnu-tools-for-stm32.11.3.rel1.win32_1.1.1.202309131626/tools/bin/../lib/gcc/arm-none-eabi/11.3.1/../../../../arm-none-eabi/lib/thumb/v7-m/nofp\libm.a
LOAD C:/ST/STM32CubeIDE_1.13.2/STM32CubeIDE/plugins/com.st.stm32cube.ide.mcu.externaltools.gnu-tools-for-stm32.11.3.rel1.win32_1.1.1.202309131626/tools/bin/../lib/gcc/arm-none-eabi/11.3.1/thumb/v7-m/nofp\libgcc.a

.comment        0x0000000000000000       0x43
 .comment       0x0000000000000000       0x43 C:/ST/STM32CubeIDE_1.13.2/STM32CubeIDE/plugins/com.st.stm32cube.ide.mcu.externaltools.gnu-tools-for-stm32.11.3.rel1.win32_1.1.1.202309131626/tools/bin/../lib/gcc/arm-none-eabi/11.3.1/thumb/v7-m/nofp/crtbegin.o
                                         0x44 (size before relaxing)
 .comment       0x0000000000000043       0x44 ./Core/Src/main.o
 .comment       0x0000000000000043       0x44 ./Core/Src/stm32f1xx_hal_msp.o
 .comment       0x0000000000000043       0x44 ./Core/Src/stm32f1xx_it.o
 .comment       0x0000000000000043       0x44 ./Core/Src/sysmem.o
 .comment       0x0000000000000043       0x44 ./Core/Src/system_stm32f1xx.o
 .comment       0x0000000000000043       0x44 ./Drivers/API/Src/API_debounce.o
 .comment       0x0000000000000043       0x44 ./Drivers/API/Src/API_delay.o
 .comment       0x0000000000000043       0x44 ./Drivers/API/Src/API_drv8825.o
 .comment       0x0000000000000043       0x44 ./Drivers/API/Src/API_lcd_i2c.o
 .comment       0x0000000000000043       0x44 ./Drivers/API/Src/API_menuMEF.o
 .comment       0x0000000000000043       0x44 ./Drivers/API/Src/API_uart.o
 .comment       0x0000000000000043       0x44 ./Drivers/STM32F1xx_HAL_Driver/Src/stm32f1xx_hal.o
 .comment       0x0000000000000043       0x44 ./Drivers/STM32F1xx_HAL_Driver/Src/stm32f1xx_hal_cortex.o
 .comment       0x0000000000000043       0x44 ./Drivers/STM32F1xx_HAL_Driver/Src/stm32f1xx_hal_gpio.o
 .comment       0x0000000000000043       0x44 ./Drivers/STM32F1xx_HAL_Driver/Src/stm32f1xx_hal_i2c.o
 .comment       0x0000000000000043       0x44 ./Drivers/STM32F1xx_HAL_Driver/Src/stm32f1xx_hal_rcc.o
 .comment       0x0000000000000043       0x44 ./Drivers/STM32F1xx_HAL_Driver/Src/stm32f1xx_hal_tim.o
 .comment       0x0000000000000043       0x44 ./Drivers/STM32F1xx_HAL_Driver/Src/stm32f1xx_hal_tim_ex.o
 .comment       0x0000000000000043       0x44 ./Drivers/STM32F1xx_HAL_Driver/Src/stm32f1xx_hal_uart.o

.debug_info     0x0000000000000000     0xf5f7
 .debug_info    0x0000000000000000      0x778 ./Core/Src/main.o
 .debug_info    0x0000000000000778      0xf23 ./Core/Src/stm32f1xx_hal_msp.o
 .debug_info    0x000000000000169b      0x14b ./Core/Src/stm32f1xx_it.o
 .debug_info    0x00000000000017e6      0x168 ./Core/Src/sysmem.o
 .debug_info    0x000000000000194e      0x222 ./Core/Src/system_stm32f1xx.o
 .debug_info    0x0000000000001b70       0x23 ./Core/Startup/startup_stm32f103rbtx.o
 .debug_info    0x0000000000001b93      0x2e9 ./Drivers/API/Src/API_debounce.o
 .debug_info    0x0000000000001e7c      0x1b0 ./Drivers/API/Src/API_delay.o
 .debug_info    0x000000000000202c      0xabf ./Drivers/API/Src/API_drv8825.o
 .debug_info    0x0000000000002aeb      0x8f1 ./Drivers/API/Src/API_lcd_i2c.o
 .debug_info    0x00000000000033dc      0x923 ./Drivers/API/Src/API_menuMEF.o
 .debug_info    0x0000000000003cff      0x75a ./Drivers/API/Src/API_uart.o
 .debug_info    0x0000000000004459      0x704 ./Drivers/STM32F1xx_HAL_Driver/Src/stm32f1xx_hal.o
 .debug_info    0x0000000000004b5d      0xa87 ./Drivers/STM32F1xx_HAL_Driver/Src/stm32f1xx_hal_cortex.o
 .debug_info    0x00000000000055e4      0x5ab ./Drivers/STM32F1xx_HAL_Driver/Src/stm32f1xx_hal_gpio.o
 .debug_info    0x0000000000005b8f     0x2515 ./Drivers/STM32F1xx_HAL_Driver/Src/stm32f1xx_hal_i2c.o
 .debug_info    0x00000000000080a4      0x7d5 ./Drivers/STM32F1xx_HAL_Driver/Src/stm32f1xx_hal_rcc.o
 .debug_info    0x0000000000008879     0x293b ./Drivers/STM32F1xx_HAL_Driver/Src/stm32f1xx_hal_tim.o
 .debug_info    0x000000000000b1b4     0x149b ./Drivers/STM32F1xx_HAL_Driver/Src/stm32f1xx_hal_tim_ex.o
 .debug_info    0x000000000000c64f     0x2fa8 ./Drivers/STM32F1xx_HAL_Driver/Src/stm32f1xx_hal_uart.o

.debug_abbrev   0x0000000000000000     0x2682
 .debug_abbrev  0x0000000000000000      0x282 ./Core/Src/main.o
 .debug_abbrev  0x0000000000000282      0x207 ./Core/Src/stm32f1xx_hal_msp.o
 .debug_abbrev  0x0000000000000489       0xa0 ./Core/Src/stm32f1xx_it.o
 .debug_abbrev  0x0000000000000529       0xbc ./Core/Src/sysmem.o
 .debug_abbrev  0x00000000000005e5      0x13f ./Core/Src/system_stm32f1xx.o
 .debug_abbrev  0x0000000000000724       0x12 ./Core/Startup/startup_stm32f103rbtx.o
 .debug_abbrev  0x0000000000000736      0x164 ./Drivers/API/Src/API_debounce.o
 .debug_abbrev  0x000000000000089a      0x10d ./Drivers/API/Src/API_delay.o
 .debug_abbrev  0x00000000000009a7      0x225 ./Drivers/API/Src/API_drv8825.o
 .debug_abbrev  0x0000000000000bcc      0x1e9 ./Drivers/API/Src/API_lcd_i2c.o
 .debug_abbrev  0x0000000000000db5      0x30c ./Drivers/API/Src/API_menuMEF.o
 .debug_abbrev  0x00000000000010c1      0x1b7 ./Drivers/API/Src/API_uart.o
 .debug_abbrev  0x0000000000001278      0x201 ./Drivers/STM32F1xx_HAL_Driver/Src/stm32f1xx_hal.o
 .debug_abbrev  0x0000000000001479      0x2f8 ./Drivers/STM32F1xx_HAL_Driver/Src/stm32f1xx_hal_cortex.o
 .debug_abbrev  0x0000000000001771      0x1ca ./Drivers/STM32F1xx_HAL_Driver/Src/stm32f1xx_hal_gpio.o
 .debug_abbrev  0x000000000000193b      0x2a3 ./Drivers/STM32F1xx_HAL_Driver/Src/stm32f1xx_hal_i2c.o
 .debug_abbrev  0x0000000000001bde      0x2b3 ./Drivers/STM32F1xx_HAL_Driver/Src/stm32f1xx_hal_rcc.o
 .debug_abbrev  0x0000000000001e91      0x277 ./Drivers/STM32F1xx_HAL_Driver/Src/stm32f1xx_hal_tim.o
 .debug_abbrev  0x0000000000002108      0x282 ./Drivers/STM32F1xx_HAL_Driver/Src/stm32f1xx_hal_tim_ex.o
 .debug_abbrev  0x000000000000238a      0x2f8 ./Drivers/STM32F1xx_HAL_Driver/Src/stm32f1xx_hal_uart.o

.debug_aranges  0x0000000000000000     0x1020
 .debug_aranges
                0x0000000000000000       0x38 ./Core/Src/main.o
 .debug_aranges
                0x0000000000000038       0x58 ./Core/Src/stm32f1xx_hal_msp.o
 .debug_aranges
                0x0000000000000090       0x68 ./Core/Src/stm32f1xx_it.o
 .debug_aranges
                0x00000000000000f8       0x20 ./Core/Src/sysmem.o
 .debug_aranges
                0x0000000000000118       0x28 ./Core/Src/system_stm32f1xx.o
 .debug_aranges
                0x0000000000000140       0x28 ./Core/Startup/startup_stm32f103rbtx.o
 .debug_aranges
                0x0000000000000168       0x48 ./Drivers/API/Src/API_debounce.o
 .debug_aranges
                0x00000000000001b0       0x30 ./Drivers/API/Src/API_delay.o
 .debug_aranges
                0x00000000000001e0       0x38 ./Drivers/API/Src/API_drv8825.o
 .debug_aranges
                0x0000000000000218       0x80 ./Drivers/API/Src/API_lcd_i2c.o
 .debug_aranges
                0x0000000000000298       0x90 ./Drivers/API/Src/API_menuMEF.o
 .debug_aranges
                0x0000000000000328       0x48 ./Drivers/API/Src/API_uart.o
 .debug_aranges
                0x0000000000000370       0xe0 ./Drivers/STM32F1xx_HAL_Driver/Src/stm32f1xx_hal.o
 .debug_aranges
                0x0000000000000450      0x100 ./Drivers/STM32F1xx_HAL_Driver/Src/stm32f1xx_hal_cortex.o
 .debug_aranges
                0x0000000000000550       0x58 ./Drivers/STM32F1xx_HAL_Driver/Src/stm32f1xx_hal_gpio.o
 .debug_aranges
                0x00000000000005a8      0x2a8 ./Drivers/STM32F1xx_HAL_Driver/Src/stm32f1xx_hal_i2c.o
 .debug_aranges
                0x0000000000000850       0x90 ./Drivers/STM32F1xx_HAL_Driver/Src/stm32f1xx_hal_rcc.o
 .debug_aranges
                0x00000000000008e0      0x3d0 ./Drivers/STM32F1xx_HAL_Driver/Src/stm32f1xx_hal_tim.o
 .debug_aranges
                0x0000000000000cb0      0x168 ./Drivers/STM32F1xx_HAL_Driver/Src/stm32f1xx_hal_tim_ex.o
 .debug_aranges
                0x0000000000000e18      0x208 ./Drivers/STM32F1xx_HAL_Driver/Src/stm32f1xx_hal_uart.o

.debug_rnglists
                0x0000000000000000      0xcb5
 .debug_rnglists
                0x0000000000000000       0x26 ./Core/Src/main.o
 .debug_rnglists
                0x0000000000000026       0x3e ./Core/Src/stm32f1xx_hal_msp.o
 .debug_rnglists
                0x0000000000000064       0x49 ./Core/Src/stm32f1xx_it.o
 .debug_rnglists
                0x00000000000000ad       0x13 ./Core/Src/sysmem.o
 .debug_rnglists
                0x00000000000000c0       0x1a ./Core/Src/system_stm32f1xx.o
 .debug_rnglists
                0x00000000000000da       0x19 ./Core/Startup/startup_stm32f103rbtx.o
 .debug_rnglists
                0x00000000000000f3       0x32 ./Drivers/API/Src/API_debounce.o
 .debug_rnglists
                0x0000000000000125       0x1f ./Drivers/API/Src/API_delay.o
 .debug_rnglists
                0x0000000000000144       0x27 ./Drivers/API/Src/API_drv8825.o
 .debug_rnglists
                0x000000000000016b       0x5d ./Drivers/API/Src/API_lcd_i2c.o
 .debug_rnglists
                0x00000000000001c8       0x7b ./Drivers/API/Src/API_menuMEF.o
 .debug_rnglists
                0x0000000000000243       0x32 ./Drivers/API/Src/API_uart.o
 .debug_rnglists
                0x0000000000000275       0xa3 ./Drivers/STM32F1xx_HAL_Driver/Src/stm32f1xx_hal.o
 .debug_rnglists
                0x0000000000000318       0xbb ./Drivers/STM32F1xx_HAL_Driver/Src/stm32f1xx_hal_cortex.o
 .debug_rnglists
                0x00000000000003d3       0x3f ./Drivers/STM32F1xx_HAL_Driver/Src/stm32f1xx_hal_gpio.o
 .debug_rnglists
                0x0000000000000412      0x23c ./Drivers/STM32F1xx_HAL_Driver/Src/stm32f1xx_hal_i2c.o
 .debug_rnglists
                0x000000000000064e       0x6c ./Drivers/STM32F1xx_HAL_Driver/Src/stm32f1xx_hal_rcc.o
 .debug_rnglists
                0x00000000000006ba      0x31a ./Drivers/STM32F1xx_HAL_Driver/Src/stm32f1xx_hal_tim.o
 .debug_rnglists
                0x00000000000009d4      0x125 ./Drivers/STM32F1xx_HAL_Driver/Src/stm32f1xx_hal_tim_ex.o
 .debug_rnglists
                0x0000000000000af9      0x1bc ./Drivers/STM32F1xx_HAL_Driver/Src/stm32f1xx_hal_uart.o

.debug_macro    0x0000000000000000    0x18d10
 .debug_macro   0x0000000000000000      0x2e0 ./Core/Src/main.o
 .debug_macro   0x00000000000002e0      0xa9c ./Core/Src/main.o
 .debug_macro   0x0000000000000d7c      0x221 ./Core/Src/main.o
 .debug_macro   0x0000000000000f9d       0x2e ./Core/Src/main.o
 .debug_macro   0x0000000000000fcb       0x22 ./Core/Src/main.o
 .debug_macro   0x0000000000000fed       0x22 ./Core/Src/main.o
 .debug_macro   0x000000000000100f       0x8e ./Core/Src/main.o
 .debug_macro   0x000000000000109d       0x51 ./Core/Src/main.o
 .debug_macro   0x00000000000010ee      0x103 ./Core/Src/main.o
 .debug_macro   0x00000000000011f1       0x6a ./Core/Src/main.o
 .debug_macro   0x000000000000125b      0x1df ./Core/Src/main.o
 .debug_macro   0x000000000000143a       0x1c ./Core/Src/main.o
 .debug_macro   0x0000000000001456       0x22 ./Core/Src/main.o
 .debug_macro   0x0000000000001478       0xbd ./Core/Src/main.o
 .debug_macro   0x0000000000001535      0xd23 ./Core/Src/main.o
 .debug_macro   0x0000000000002258     0xe09e ./Core/Src/main.o
 .debug_macro   0x00000000000102f6       0x6d ./Core/Src/main.o
 .debug_macro   0x0000000000010363     0x348d ./Core/Src/main.o
 .debug_macro   0x00000000000137f0      0x174 ./Core/Src/main.o
 .debug_macro   0x0000000000013964       0x5c ./Core/Src/main.o
 .debug_macro   0x00000000000139c0      0x5bc ./Core/Src/main.o
 .debug_macro   0x0000000000013f7c      0x289 ./Core/Src/main.o
 .debug_macro   0x0000000000014205      0x1cb ./Core/Src/main.o
 .debug_macro   0x00000000000143d0      0x114 ./Core/Src/main.o
 .debug_macro   0x00000000000144e4      0x1b2 ./Core/Src/main.o
 .debug_macro   0x0000000000014696       0x27 ./Core/Src/main.o
 .debug_macro   0x00000000000146bd      0x136 ./Core/Src/main.o
 .debug_macro   0x00000000000147f3      0x1bc ./Core/Src/main.o
 .debug_macro   0x00000000000149af       0x34 ./Core/Src/main.o
 .debug_macro   0x00000000000149e3       0x3c ./Core/Src/main.o
 .debug_macro   0x0000000000014a1f       0x57 ./Core/Src/main.o
 .debug_macro   0x0000000000014a76       0x87 ./Core/Src/main.o
 .debug_macro   0x0000000000014afd      0x240 ./Core/Src/main.o
 .debug_macro   0x0000000000014d3d      0x287 ./Core/Src/main.o
 .debug_macro   0x0000000000014fc4      0x140 ./Core/Src/main.o
 .debug_macro   0x0000000000015104      0x8ed ./Core/Src/main.o
 .debug_macro   0x00000000000159f1      0x28e ./Core/Src/main.o
 .debug_macro   0x0000000000015c7f       0x83 ./Core/Src/main.o
 .debug_macro   0x0000000000015d02       0x82 ./Core/Src/main.o
 .debug_macro   0x0000000000015d84       0x10 ./Core/Src/main.o
 .debug_macro   0x0000000000015d94       0x22 ./Core/Src/main.o
 .debug_macro   0x0000000000015db6       0x1c ./Core/Src/main.o
 .debug_macro   0x0000000000015dd2       0x61 ./Core/Src/main.o
 .debug_macro   0x0000000000015e33       0x24 ./Core/Src/main.o
 .debug_macro   0x0000000000015e57       0x43 ./Core/Src/main.o
 .debug_macro   0x0000000000015e9a       0x34 ./Core/Src/main.o
 .debug_macro   0x0000000000015ece       0x16 ./Core/Src/main.o
 .debug_macro   0x0000000000015ee4       0x35 ./Core/Src/main.o
 .debug_macro   0x0000000000015f19      0x369 ./Core/Src/main.o
 .debug_macro   0x0000000000016282       0x10 ./Core/Src/main.o
 .debug_macro   0x0000000000016292       0x16 ./Core/Src/main.o
 .debug_macro   0x00000000000162a8       0x43 ./Core/Src/main.o
 .debug_macro   0x00000000000162eb       0x34 ./Core/Src/main.o
 .debug_macro   0x000000000001631f       0x10 ./Core/Src/main.o
 .debug_macro   0x000000000001632f       0x58 ./Core/Src/main.o
 .debug_macro   0x0000000000016387       0x8e ./Core/Src/main.o
 .debug_macro   0x0000000000016415       0x1c ./Core/Src/main.o
 .debug_macro   0x0000000000016431      0x177 ./Core/Src/main.o
 .debug_macro   0x00000000000165a8       0x16 ./Core/Src/main.o
 .debug_macro   0x00000000000165be       0x16 ./Core/Src/main.o
 .debug_macro   0x00000000000165d4      0x147 ./Core/Src/main.o
 .debug_macro   0x000000000001671b      0x166 ./Core/Src/main.o
 .debug_macro   0x0000000000016881       0x46 ./Core/Src/main.o
 .debug_macro   0x00000000000168c7       0x6a ./Core/Src/main.o
 .debug_macro   0x0000000000016931      0x1bc ./Core/Src/stm32f1xx_hal_msp.o
 .debug_macro   0x0000000000016aed      0x1c6 ./Core/Src/stm32f1xx_it.o
 .debug_macro   0x0000000000016cb3       0xff ./Core/Src/sysmem.o
 .debug_macro   0x0000000000016db2      0x23c ./Core/Src/sysmem.o
 .debug_macro   0x0000000000016fee      0x1ad ./Core/Src/system_stm32f1xx.o
 .debug_macro   0x000000000001719b      0x1d7 ./Drivers/API/Src/API_debounce.o
 .debug_macro   0x0000000000017372       0x22 ./Drivers/API/Src/API_debounce.o
 .debug_macro   0x0000000000017394       0x76 ./Drivers/API/Src/API_delay.o
 .debug_macro   0x000000000001740a      0x1c5 ./Drivers/API/Src/API_drv8825.o
 .debug_macro   0x00000000000175cf       0x40 ./Drivers/API/Src/API_drv8825.o
 .debug_macro   0x000000000001760f      0x1c5 ./Drivers/API/Src/API_lcd_i2c.o
 .debug_macro   0x00000000000177d4      0x160 ./Drivers/API/Src/API_lcd_i2c.o
 .debug_macro   0x0000000000017934      0x2d0 ./Drivers/API/Src/API_menuMEF.o
 .debug_macro   0x0000000000017c04      0x29d ./Drivers/API/Src/API_uart.o
 .debug_macro   0x0000000000017ea1       0x16 ./Drivers/API/Src/API_uart.o
 .debug_macro   0x0000000000017eb7      0x1d1 ./Drivers/STM32F1xx_HAL_Driver/Src/stm32f1xx_hal.o
 .debug_macro   0x0000000000018088      0x1ad ./Drivers/STM32F1xx_HAL_Driver/Src/stm32f1xx_hal_cortex.o
 .debug_macro   0x0000000000018235      0x218 ./Drivers/STM32F1xx_HAL_Driver/Src/stm32f1xx_hal_gpio.o
 .debug_macro   0x000000000001844d      0x1fb ./Drivers/STM32F1xx_HAL_Driver/Src/stm32f1xx_hal_i2c.o
 .debug_macro   0x0000000000018648      0x1bf ./Drivers/STM32F1xx_HAL_Driver/Src/stm32f1xx_hal_rcc.o
 .debug_macro   0x0000000000018807      0x1ae ./Drivers/STM32F1xx_HAL_Driver/Src/stm32f1xx_hal_tim.o
 .debug_macro   0x00000000000189b5      0x1ad ./Drivers/STM32F1xx_HAL_Driver/Src/stm32f1xx_hal_tim_ex.o
 .debug_macro   0x0000000000018b62      0x1ae ./Drivers/STM32F1xx_HAL_Driver/Src/stm32f1xx_hal_uart.o

.debug_line     0x0000000000000000    0x13db1
 .debug_line    0x0000000000000000      0x9e9 ./Core/Src/main.o
 .debug_line    0x00000000000009e9      0x80c ./Core/Src/stm32f1xx_hal_msp.o
 .debug_line    0x00000000000011f5      0x7ee ./Core/Src/stm32f1xx_it.o
 .debug_line    0x00000000000019e3      0x579 ./Core/Src/sysmem.o
 .debug_line    0x0000000000001f5c      0x792 ./Core/Src/system_stm32f1xx.o
 .debug_line    0x00000000000026ee       0x78 ./Core/Startup/startup_stm32f103rbtx.o
 .debug_line    0x0000000000002766      0x89f ./Drivers/API/Src/API_debounce.o
 .debug_line    0x0000000000003005      0x511 ./Drivers/API/Src/API_delay.o
 .debug_line    0x0000000000003516      0x86f ./Drivers/API/Src/API_drv8825.o
 .debug_line    0x0000000000003d85      0x9ae ./Drivers/API/Src/API_lcd_i2c.o
 .debug_line    0x0000000000004733      0xc2f ./Drivers/API/Src/API_menuMEF.o
 .debug_line    0x0000000000005362      0xadd ./Drivers/API/Src/API_uart.o
 .debug_line    0x0000000000005e3f      0x9bf ./Drivers/STM32F1xx_HAL_Driver/Src/stm32f1xx_hal.o
 .debug_line    0x00000000000067fe      0xba7 ./Drivers/STM32F1xx_HAL_Driver/Src/stm32f1xx_hal_cortex.o
 .debug_line    0x00000000000073a5      0xa58 ./Drivers/STM32F1xx_HAL_Driver/Src/stm32f1xx_hal_gpio.o
 .debug_line    0x0000000000007dfd     0x3b36 ./Drivers/STM32F1xx_HAL_Driver/Src/stm32f1xx_hal_i2c.o
 .debug_line    0x000000000000b933      0xdc8 ./Drivers/STM32F1xx_HAL_Driver/Src/stm32f1xx_hal_rcc.o
 .debug_line    0x000000000000c6fb     0x34ab ./Drivers/STM32F1xx_HAL_Driver/Src/stm32f1xx_hal_tim.o
 .debug_line    0x000000000000fba6     0x191e ./Drivers/STM32F1xx_HAL_Driver/Src/stm32f1xx_hal_tim_ex.o
 .debug_line    0x00000000000114c4     0x28ed ./Drivers/STM32F1xx_HAL_Driver/Src/stm32f1xx_hal_uart.o

.debug_str      0x0000000000000000    0x8d685
 .debug_str     0x0000000000000000    0x88f9d ./Core/Src/main.o
                                      0x8939a (size before relaxing)
 .debug_str     0x0000000000088f9d      0x8fd ./Core/Src/stm32f1xx_hal_msp.o
                                      0x85afa (size before relaxing)
 .debug_str     0x000000000008989a       0xf7 ./Core/Src/stm32f1xx_it.o
                                      0x85108 (size before relaxing)
 .debug_str     0x0000000000089991      0x4dc ./Core/Src/sysmem.o
                                       0x601f (size before relaxing)
 .debug_str     0x0000000000089e6d       0x7e ./Core/Src/system_stm32f1xx.o
                                      0x84f11 (size before relaxing)
 .debug_str     0x0000000000089eeb       0x34 ./Core/Startup/startup_stm32f103rbtx.o
                                         0x89 (size before relaxing)
 .debug_str     0x0000000000089f1f      0x11d ./Drivers/API/Src/API_debounce.o
                                      0x8511e (size before relaxing)
 .debug_str     0x000000000008a03c       0x36 ./Drivers/API/Src/API_delay.o
                                       0x3d93 (size before relaxing)
 .debug_str     0x000000000008a072      0x287 ./Drivers/API/Src/API_drv8825.o
                                      0x857b5 (size before relaxing)
 .debug_str     0x000000000008a2f9      0x1a8 ./Drivers/API/Src/API_lcd_i2c.o
                                      0x85867 (size before relaxing)
 .debug_str     0x000000000008a4a1      0x2d8 ./Drivers/API/Src/API_menuMEF.o
                                      0x890bc (size before relaxing)
 .debug_str     0x000000000008a779       0xa8 ./Drivers/API/Src/API_uart.o
                                      0x88b23 (size before relaxing)
 .debug_str     0x000000000008a821      0x378 ./Drivers/STM32F1xx_HAL_Driver/Src/stm32f1xx_hal.o
                                      0x85644 (size before relaxing)
 .debug_str     0x000000000008ab99      0x2a8 ./Drivers/STM32F1xx_HAL_Driver/Src/stm32f1xx_hal_cortex.o
                                      0x85590 (size before relaxing)
 .debug_str     0x000000000008ae41      0x2a9 ./Drivers/STM32F1xx_HAL_Driver/Src/stm32f1xx_hal_gpio.o
                                      0x85297 (size before relaxing)
 .debug_str     0x000000000008b0ea      0xbb8 ./Drivers/STM32F1xx_HAL_Driver/Src/stm32f1xx_hal_i2c.o
                                      0x85fd8 (size before relaxing)
 .debug_str     0x000000000008bca2      0x209 ./Drivers/STM32F1xx_HAL_Driver/Src/stm32f1xx_hal_rcc.o
                                      0x85340 (size before relaxing)
 .debug_str     0x000000000008beab      0xd4a ./Drivers/STM32F1xx_HAL_Driver/Src/stm32f1xx_hal_tim.o
                                      0x86332 (size before relaxing)
 .debug_str     0x000000000008cbf5      0x493 ./Drivers/STM32F1xx_HAL_Driver/Src/stm32f1xx_hal_tim_ex.o
                                      0x85b4e (size before relaxing)
 .debug_str     0x000000000008d088      0x5fd ./Drivers/STM32F1xx_HAL_Driver/Src/stm32f1xx_hal_uart.o
                                      0x859b1 (size before relaxing)

.debug_frame    0x0000000000000000     0x4904
 .debug_frame   0x0000000000000000       0x90 ./Core/Src/main.o
 .debug_frame   0x0000000000000090      0x13c ./Core/Src/stm32f1xx_hal_msp.o
 .debug_frame   0x00000000000001cc      0x120 ./Core/Src/stm32f1xx_it.o
 .debug_frame   0x00000000000002ec       0x34 ./Core/Src/sysmem.o
 .debug_frame   0x0000000000000320       0x58 ./Core/Src/system_stm32f1xx.o
 .debug_frame   0x0000000000000378       0xd8 ./Drivers/API/Src/API_debounce.o
 .debug_frame   0x0000000000000450       0x84 ./Drivers/API/Src/API_delay.o
 .debug_frame   0x00000000000004d4       0x9c ./Drivers/API/Src/API_drv8825.o
 .debug_frame   0x0000000000000570      0x1c4 ./Drivers/API/Src/API_lcd_i2c.o
 .debug_frame   0x0000000000000734      0x220 ./Drivers/API/Src/API_menuMEF.o
 .debug_frame   0x0000000000000954       0xf4 ./Drivers/API/Src/API_uart.o
 .debug_frame   0x0000000000000a48      0x334 ./Drivers/STM32F1xx_HAL_Driver/Src/stm32f1xx_hal.o
 .debug_frame   0x0000000000000d7c      0x428 ./Drivers/STM32F1xx_HAL_Driver/Src/stm32f1xx_hal_cortex.o
 .debug_frame   0x00000000000011a4      0x14c ./Drivers/STM32F1xx_HAL_Driver/Src/stm32f1xx_hal_gpio.o
 .debug_frame   0x00000000000012f0      0xc84 ./Drivers/STM32F1xx_HAL_Driver/Src/stm32f1xx_hal_i2c.o
 .debug_frame   0x0000000000001f74      0x218 ./Drivers/STM32F1xx_HAL_Driver/Src/stm32f1xx_hal_rcc.o
 .debug_frame   0x000000000000218c     0x11bc ./Drivers/STM32F1xx_HAL_Driver/Src/stm32f1xx_hal_tim.o
 .debug_frame   0x0000000000003348      0x638 ./Drivers/STM32F1xx_HAL_Driver/Src/stm32f1xx_hal_tim_ex.o
 .debug_frame   0x0000000000003980      0x944 ./Drivers/STM32F1xx_HAL_Driver/Src/stm32f1xx_hal_uart.o
 .debug_frame   0x00000000000042c4       0x30 C:/ST/STM32CubeIDE_1.13.2/STM32CubeIDE/plugins/com.st.stm32cube.ide.mcu.externaltools.gnu-tools-for-stm32.11.3.rel1.win32_1.1.1.202309131626/tools/bin/../lib/gcc/arm-none-eabi/11.3.1/../../../../arm-none-eabi/lib/thumb/v7-m/nofp\libc_nano.a(libc_a-atoi.o)
 .debug_frame   0x00000000000042f4       0x64 C:/ST/STM32CubeIDE_1.13.2/STM32CubeIDE/plugins/com.st.stm32cube.ide.mcu.externaltools.gnu-tools-for-stm32.11.3.rel1.win32_1.1.1.202309131626/tools/bin/../lib/gcc/arm-none-eabi/11.3.1/../../../../arm-none-eabi/lib/thumb/v7-m/nofp\libc_nano.a(libc_a-strtol.o)
 .debug_frame   0x0000000000004358      0x144 C:/ST/STM32CubeIDE_1.13.2/STM32CubeIDE/plugins/com.st.stm32cube.ide.mcu.externaltools.gnu-tools-for-stm32.11.3.rel1.win32_1.1.1.202309131626/tools/bin/../lib/gcc/arm-none-eabi/11.3.1/../../../../arm-none-eabi/lib/thumb/v7-m/nofp\libc_nano.a(libc_a-findfp.o)
 .debug_frame   0x000000000000449c       0x6c C:/ST/STM32CubeIDE_1.13.2/STM32CubeIDE/plugins/com.st.stm32cube.ide.mcu.externaltools.gnu-tools-for-stm32.11.3.rel1.win32_1.1.1.202309131626/tools/bin/../lib/gcc/arm-none-eabi/11.3.1/../../../../arm-none-eabi/lib/thumb/v7-m/nofp\libc_nano.a(libc_a-sprintf.o)
 .debug_frame   0x0000000000004508       0x20 C:/ST/STM32CubeIDE_1.13.2/STM32CubeIDE/plugins/com.st.stm32cube.ide.mcu.externaltools.gnu-tools-for-stm32.11.3.rel1.win32_1.1.1.202309131626/tools/bin/../lib/gcc/arm-none-eabi/11.3.1/../../../../arm-none-eabi/lib/thumb/v7-m/nofp\libc_nano.a(libc_a-memset.o)
 .debug_frame   0x0000000000004528       0x38 C:/ST/STM32CubeIDE_1.13.2/STM32CubeIDE/plugins/com.st.stm32cube.ide.mcu.externaltools.gnu-tools-for-stm32.11.3.rel1.win32_1.1.1.202309131626/tools/bin/../lib/gcc/arm-none-eabi/11.3.1/../../../../arm-none-eabi/lib/thumb/v7-m/nofp\libc_nano.a(libc_a-reent.o)
 .debug_frame   0x0000000000004560       0x20 C:/ST/STM32CubeIDE_1.13.2/STM32CubeIDE/plugins/com.st.stm32cube.ide.mcu.externaltools.gnu-tools-for-stm32.11.3.rel1.win32_1.1.1.202309131626/tools/bin/../lib/gcc/arm-none-eabi/11.3.1/../../../../arm-none-eabi/lib/thumb/v7-m/nofp\libc_nano.a(libc_a-errno.o)
 .debug_frame   0x0000000000004580       0x2c C:/ST/STM32CubeIDE_1.13.2/STM32CubeIDE/plugins/com.st.stm32cube.ide.mcu.externaltools.gnu-tools-for-stm32.11.3.rel1.win32_1.1.1.202309131626/tools/bin/../lib/gcc/arm-none-eabi/11.3.1/../../../../arm-none-eabi/lib/thumb/v7-m/nofp\libc_nano.a(libc_a-init.o)
 .debug_frame   0x00000000000045ac       0xb0 C:/ST/STM32CubeIDE_1.13.2/STM32CubeIDE/plugins/com.st.stm32cube.ide.mcu.externaltools.gnu-tools-for-stm32.11.3.rel1.win32_1.1.1.202309131626/tools/bin/../lib/gcc/arm-none-eabi/11.3.1/../../../../arm-none-eabi/lib/thumb/v7-m/nofp\libc_nano.a(libc_a-lock.o)
 .debug_frame   0x000000000000465c       0x28 C:/ST/STM32CubeIDE_1.13.2/STM32CubeIDE/plugins/com.st.stm32cube.ide.mcu.externaltools.gnu-tools-for-stm32.11.3.rel1.win32_1.1.1.202309131626/tools/bin/../lib/gcc/arm-none-eabi/11.3.1/../../../../arm-none-eabi/lib/thumb/v7-m/nofp\libc_nano.a(libc_a-memcpy-stub.o)
 .debug_frame   0x0000000000004684       0x38 C:/ST/STM32CubeIDE_1.13.2/STM32CubeIDE/plugins/com.st.stm32cube.ide.mcu.externaltools.gnu-tools-for-stm32.11.3.rel1.win32_1.1.1.202309131626/tools/bin/../lib/gcc/arm-none-eabi/11.3.1/../../../../arm-none-eabi/lib/thumb/v7-m/nofp\libc_nano.a(libc_a-freer.o)
 .debug_frame   0x00000000000046bc       0x50 C:/ST/STM32CubeIDE_1.13.2/STM32CubeIDE/plugins/com.st.stm32cube.ide.mcu.externaltools.gnu-tools-for-stm32.11.3.rel1.win32_1.1.1.202309131626/tools/bin/../lib/gcc/arm-none-eabi/11.3.1/../../../../arm-none-eabi/lib/thumb/v7-m/nofp\libc_nano.a(libc_a-mallocr.o)
 .debug_frame   0x000000000000470c       0x30 C:/ST/STM32CubeIDE_1.13.2/STM32CubeIDE/plugins/com.st.stm32cube.ide.mcu.externaltools.gnu-tools-for-stm32.11.3.rel1.win32_1.1.1.202309131626/tools/bin/../lib/gcc/arm-none-eabi/11.3.1/../../../../arm-none-eabi/lib/thumb/v7-m/nofp\libc_nano.a(libc_a-mlock.o)
 .debug_frame   0x000000000000473c       0x90 C:/ST/STM32CubeIDE_1.13.2/STM32CubeIDE/plugins/com.st.stm32cube.ide.mcu.externaltools.gnu-tools-for-stm32.11.3.rel1.win32_1.1.1.202309131626/tools/bin/../lib/gcc/arm-none-eabi/11.3.1/../../../../arm-none-eabi/lib/thumb/v7-m/nofp\libc_nano.a(libc_a-nano-svfprintf.o)
 .debug_frame   0x00000000000047cc       0x60 C:/ST/STM32CubeIDE_1.13.2/STM32CubeIDE/plugins/com.st.stm32cube.ide.mcu.externaltools.gnu-tools-for-stm32.11.3.rel1.win32_1.1.1.202309131626/tools/bin/../lib/gcc/arm-none-eabi/11.3.1/../../../../arm-none-eabi/lib/thumb/v7-m/nofp\libc_nano.a(libc_a-nano-vfprintf_i.o)
 .debug_frame   0x000000000000482c       0x28 C:/ST/STM32CubeIDE_1.13.2/STM32CubeIDE/plugins/com.st.stm32cube.ide.mcu.externaltools.gnu-tools-for-stm32.11.3.rel1.win32_1.1.1.202309131626/tools/bin/../lib/gcc/arm-none-eabi/11.3.1/../../../../arm-none-eabi/lib/thumb/v7-m/nofp\libc_nano.a(libc_a-memmove.o)
 .debug_frame   0x0000000000004854       0x2c C:/ST/STM32CubeIDE_1.13.2/STM32CubeIDE/plugins/com.st.stm32cube.ide.mcu.externaltools.gnu-tools-for-stm32.11.3.rel1.win32_1.1.1.202309131626/tools/bin/../lib/gcc/arm-none-eabi/11.3.1/../../../../arm-none-eabi/lib/thumb/v7-m/nofp\libc_nano.a(libc_a-sbrkr.o)
 .debug_frame   0x0000000000004880       0x28 C:/ST/STM32CubeIDE_1.13.2/STM32CubeIDE/plugins/com.st.stm32cube.ide.mcu.externaltools.gnu-tools-for-stm32.11.3.rel1.win32_1.1.1.202309131626/tools/bin/../lib/gcc/arm-none-eabi/11.3.1/../../../../arm-none-eabi/lib/thumb/v7-m/nofp\libc_nano.a(libc_a-memchr-stub.o)
 .debug_frame   0x00000000000048a8       0x3c C:/ST/STM32CubeIDE_1.13.2/STM32CubeIDE/plugins/com.st.stm32cube.ide.mcu.externaltools.gnu-tools-for-stm32.11.3.rel1.win32_1.1.1.202309131626/tools/bin/../lib/gcc/arm-none-eabi/11.3.1/../../../../arm-none-eabi/lib/thumb/v7-m/nofp\libc_nano.a(libc_a-reallocr.o)
 .debug_frame   0x00000000000048e4       0x20 C:/ST/STM32CubeIDE_1.13.2/STM32CubeIDE/plugins/com.st.stm32cube.ide.mcu.externaltools.gnu-tools-for-stm32.11.3.rel1.win32_1.1.1.202309131626/tools/bin/../lib/gcc/arm-none-eabi/11.3.1/../../../../arm-none-eabi/lib/thumb/v7-m/nofp\libc_nano.a(libc_a-msizer.o)

.debug_line_str
                0x0000000000000000       0x7d
 .debug_line_str
                0x0000000000000000       0x7d ./Core/Startup/startup_stm32f103rbtx.o
                                         0x95 (size before relaxing)
