../Core/Src/main.c:169:5:main	40	static
../Core/Src/main.c:241:6:SystemClock_Config	72	static
../Core/Src/main.c:277:13:MX_I2C1_Init	8	static
../Core/Src/main.c:311:13:MX_USART2_UART_Init	8	static
../Core/Src/main.c:344:13:MX_GPIO_Init	40	static
../Core/Src/main.c:400:6:lcd_send_byte	24	static
../Core/Src/main.c:421:6:send_bytes_i2c	24	static
../Core/Src/main.c:426:6:lcd_clear	8	static
../Core/Src/main.c:430:6:return_home	8	static
../Core/Src/main.c:434:6:lcd_set_position	24	static
../Core/Src/main.c:447:6:lcd_print_text	24	static
../Core/Src/main.c:455:6:control_backlight	32	static
../Core/Src/main.c:462:6:lcd_init	8	static
../Core/Src/main.c:491:6:Error_Handler	4	static,ignoring_inline_asm
