22:15:02 **** Clean-only build of configuration Debug for project PCSE_driver_LCD ****
make -j12 clean 
rm -rf ./Drivers/STM32F1xx_HAL_Driver/Src/stm32f1xx_hal.cyclo ./Drivers/STM32F1xx_HAL_Driver/Src/stm32f1xx_hal.d ./Drivers/STM32F1xx_HAL_Driver/Src/stm32f1xx_hal.o ./Drivers/STM32F1xx_HAL_Driver/Src/stm32f1xx_hal.su ./Drivers/STM32F1xx_HAL_Driver/Src/stm32f1xx_hal_cortex.cyclo ./Drivers/STM32F1xx_HAL_Driver/Src/stm32f1xx_hal_cortex.d ./Drivers/STM32F1xx_HAL_Driver/Src/stm32f1xx_hal_cortex.o ./Drivers/STM32F1xx_HAL_Driver/Src/stm32f1xx_hal_cortex.su ./Drivers/STM32F1xx_HAL_Driver/Src/stm32f1xx_hal_dma.cyclo ./Drivers/STM32F1xx_HAL_Driver/Src/stm32f1xx_hal_dma.d ./Drivers/STM32F1xx_HAL_Driver/Src/stm32f1xx_hal_dma.o ./Drivers/STM32F1xx_HAL_Driver/Src/stm32f1xx_hal_dma.su ./Drivers/STM32F1xx_HAL_Driver/Src/stm32f1xx_hal_exti.cyclo ./Drivers/STM32F1xx_HAL_Driver/Src/stm32f1xx_hal_exti.d ./Drivers/STM32F1xx_HAL_Driver/Src/stm32f1xx_hal_exti.o ./Drivers/STM32F1xx_HAL_Driver/Src/stm32f1xx_hal_exti.su ./Drivers/STM32F1xx_HAL_Driver/Src/stm32f1xx_hal_flash.cyclo ./Drivers/STM32F1xx_HAL_Driver/Src/stm32f1xx_hal_flash.d ./Drivers/STM32F1xx_HAL_Driver/Src/stm32f1xx_hal_flash.o ./Drivers/STM32F1xx_HAL_Driver/Src/stm32f1xx_hal_flash.su ./Drivers/STM32F1xx_HAL_Driver/Src/stm32f1xx_hal_flash_ex.cyclo ./Drivers/STM32F1xx_HAL_Driver/Src/stm32f1xx_hal_flash_ex.d ./Drivers/STM32F1xx_HAL_Driver/Src/stm32f1xx_hal_flash_ex.o ./Drivers/STM32F1xx_HAL_Driver/Src/stm32f1xx_hal_flash_ex.su ./Drivers/STM32F1xx_HAL_Driver/Src/stm32f1xx_hal_gpio.cyclo ./Drivers/STM32F1xx_HAL_Driver/Src/stm32f1xx_hal_gpio.d ./Drivers/STM32F1xx_HAL_Driver/Src/stm32f1xx_hal_gpio.o ./Drivers/STM32F1xx_HAL_Driver/Src/stm32f1xx_hal_gpio.su ./Drivers/STM32F1xx_HAL_Driver/Src/stm32f1xx_hal_gpio_ex.cyclo ./Drivers/STM32F1xx_HAL_Driver/Src/stm32f1xx_hal_gpio_ex.d ./Drivers/STM32F1xx_HAL_Driver/Src/stm32f1xx_hal_gpio_ex.o ./Drivers/STM32F1xx_HAL_Driver/Src/stm32f1xx_hal_gpio_ex.su ./Drivers/STM32F1xx_HAL_Driver/Src/stm32f1xx_hal_i2c.cyclo ./Drivers/STM32F1xx_HAL_Driver/Src/stm32f1xx_hal_i2c.d ./Drivers/STM32F1xx_HAL_Driver/Src/stm32f1xx_hal_i2c.o ./Drivers/STM32F1xx_HAL_Driver/Src/stm32f1xx_hal_i2c.su ./Drivers/STM32F1xx_HAL_Driver/Src/stm32f1xx_hal_pwr.cyclo ./Drivers/STM32F1xx_HAL_Driver/Src/stm32f1xx_hal_pwr.d ./Drivers/STM32F1xx_HAL_Driver/Src/stm32f1xx_hal_pwr.o ./Drivers/STM32F1xx_HAL_Driver/Src/stm32f1xx_hal_pwr.su ./Drivers/STM32F1xx_HAL_Driver/Src/stm32f1xx_hal_rcc.cyclo ./Drivers/STM32F1xx_HAL_Driver/Src/stm32f1xx_hal_rcc.d ./Drivers/STM32F1xx_HAL_Driver/Src/stm32f1xx_hal_rcc.o ./Drivers/STM32F1xx_HAL_Driver/Src/stm32f1xx_hal_rcc.su ./Drivers/STM32F1xx_HAL_Driver/Src/stm32f1xx_hal_rcc_ex.cyclo ./Drivers/STM32F1xx_HAL_Driver/Src/stm32f1xx_hal_rcc_ex.d ./Drivers/STM32F1xx_HAL_Driver/Src/stm32f1xx_hal_rcc_ex.o ./Drivers/STM32F1xx_HAL_Driver/Src/stm32f1xx_hal_rcc_ex.su ./Drivers/STM32F1xx_HAL_Driver/Src/stm32f1xx_hal_tim.cyclo ./Drivers/STM32F1xx_HAL_Driver/Src/stm32f1xx_hal_tim.d ./Drivers/STM32F1xx_HAL_Driver/Src/stm32f1xx_hal_tim.o ./Drivers/STM32F1xx_HAL_Driver/Src/stm32f1xx_hal_tim.su ./Drivers/STM32F1xx_HAL_Driver/Src/stm32f1xx_hal_tim_ex.cyclo ./Drivers/STM32F1xx_HAL_Driver/Src/stm32f1xx_hal_tim_ex.d ./Drivers/STM32F1xx_HAL_Driver/Src/stm32f1xx_hal_tim_ex.o ./Drivers/STM32F1xx_HAL_Driver/Src/stm32f1xx_hal_tim_ex.su ./Drivers/STM32F1xx_HAL_Driver/Src/stm32f1xx_hal_uart.cyclo ./Drivers/STM32F1xx_HAL_Driver/Src/stm32f1xx_hal_uart.d ./Drivers/STM32F1xx_HAL_Driver/Src/stm32f1xx_hal_uart.o ./Drivers/STM32F1xx_HAL_Driver/Src/stm32f1xx_hal_uart.su
rm -rf ./Drivers/API/Src/API_lcd_i2c.cyclo ./Drivers/API/Src/API_lcd_i2c.d ./Drivers/API/Src/API_lcd_i2c.o ./Drivers/API/Src/API_lcd_i2c.su
rm -rf ./Core/Startup/startup_stm32f103rbtx.d ./Core/Startup/startup_stm32f103rbtx.o
rm -rf ./Core/Src/main.cyclo ./Core/Src/main.d ./Core/Src/main.o ./Core/Src/main.su ./Core/Src/stm32f1xx_hal_msp.cyclo ./Core/Src/stm32f1xx_hal_msp.d ./Core/Src/stm32f1xx_hal_msp.o ./Core/Src/stm32f1xx_hal_msp.su ./Core/Src/stm32f1xx_it.cyclo ./Core/Src/stm32f1xx_it.d ./Core/Src/stm32f1xx_it.o ./Core/Src/stm32f1xx_it.su ./Core/Src/syscalls.cyclo ./Core/Src/syscalls.d ./Core/Src/syscalls.o ./Core/Src/syscalls.su ./Core/Src/sysmem.cyclo ./Core/Src/sysmem.d ./Core/Src/sysmem.o ./Core/Src/sysmem.su ./Core/Src/system_stm32f1xx.cyclo ./Core/Src/system_stm32f1xx.d ./Core/Src/system_stm32f1xx.o ./Core/Src/system_stm32f1xx.su
rm -rf PCSE_driver_LCD.elf PCSE_driver_LCD.list PCSE_driver_LCD.map default.size.stdout
 
22:15:09 **** Build of configuration Debug for project PCSE_driver_LCD ****
make -j12 all 
arm-none-eabi-gcc "../Drivers/STM32F1xx_HAL_Driver/Src/stm32f1xx_hal.c" -mcpu=cortex-m3 -std=gnu11 -g3 -DDEBUG -DUSE_HAL_DRIVER -DSTM32F103xB -c -I../Core/Inc -I../Drivers/STM32F1xx_HAL_Driver/Inc -I../Drivers/STM32F1xx_HAL_Driver/Inc/Legacy -I../Drivers/CMSIS/Device/ST/STM32F1xx/Include -I../Drivers/CMSIS/Include -I"C:/Users/chris/STM32CubeIDE/workspace_1.13.2/PdM_repositorio/PCSE_driver_LCD/Drivers/API/Inc" -I"C:/Users/chris/STM32CubeIDE/workspace_1.13.2/PdM_repositorio/PCSE_driver_LCD/Drivers/API/Src" -O0 -ffunction-sections -fdata-sections -Wall -fstack-usage -fcyclomatic-complexity -MMD -MP -MF"Drivers/STM32F1xx_HAL_Driver/Src/stm32f1xx_hal.d" -MT"Drivers/STM32F1xx_HAL_Driver/Src/stm32f1xx_hal.o" --specs=nano.specs -mfloat-abi=soft -mthumb -o "Drivers/STM32F1xx_HAL_Driver/Src/stm32f1xx_hal.o"
arm-none-eabi-gcc "../Drivers/STM32F1xx_HAL_Driver/Src/stm32f1xx_hal_cortex.c" -mcpu=cortex-m3 -std=gnu11 -g3 -DDEBUG -DUSE_HAL_DRIVER -DSTM32F103xB -c -I../Core/Inc -I../Drivers/STM32F1xx_HAL_Driver/Inc -I../Drivers/STM32F1xx_HAL_Driver/Inc/Legacy -I../Drivers/CMSIS/Device/ST/STM32F1xx/Include -I../Drivers/CMSIS/Include -I"C:/Users/chris/STM32CubeIDE/workspace_1.13.2/PdM_repositorio/PCSE_driver_LCD/Drivers/API/Inc" -I"C:/Users/chris/STM32CubeIDE/workspace_1.13.2/PdM_repositorio/PCSE_driver_LCD/Drivers/API/Src" -O0 -ffunction-sections -fdata-sections -Wall -fstack-usage -fcyclomatic-complexity -MMD -MP -MF"Drivers/STM32F1xx_HAL_Driver/Src/stm32f1xx_hal_cortex.d" -MT"Drivers/STM32F1xx_HAL_Driver/Src/stm32f1xx_hal_cortex.o" --specs=nano.specs -mfloat-abi=soft -mthumb -o "Drivers/STM32F1xx_HAL_Driver/Src/stm32f1xx_hal_cortex.o"
arm-none-eabi-gcc "../Drivers/STM32F1xx_HAL_Driver/Src/stm32f1xx_hal_dma.c" -mcpu=cortex-m3 -std=gnu11 -g3 -DDEBUG -DUSE_HAL_DRIVER -DSTM32F103xB -c -I../Core/Inc -I../Drivers/STM32F1xx_HAL_Driver/Inc -I../Drivers/STM32F1xx_HAL_Driver/Inc/Legacy -I../Drivers/CMSIS/Device/ST/STM32F1xx/Include -I../Drivers/CMSIS/Include -I"C:/Users/chris/STM32CubeIDE/workspace_1.13.2/PdM_repositorio/PCSE_driver_LCD/Drivers/API/Inc" -I"C:/Users/chris/STM32CubeIDE/workspace_1.13.2/PdM_repositorio/PCSE_driver_LCD/Drivers/API/Src" -O0 -ffunction-sections -fdata-sections -Wall -fstack-usage -fcyclomatic-complexity -MMD -MP -MF"Drivers/STM32F1xx_HAL_Driver/Src/stm32f1xx_hal_dma.d" -MT"Drivers/STM32F1xx_HAL_Driver/Src/stm32f1xx_hal_dma.o" --specs=nano.specs -mfloat-abi=soft -mthumb -o "Drivers/STM32F1xx_HAL_Driver/Src/stm32f1xx_hal_dma.o"
arm-none-eabi-gcc "../Drivers/STM32F1xx_HAL_Driver/Src/stm32f1xx_hal_exti.c" -mcpu=cortex-m3 -std=gnu11 -g3 -DDEBUG -DUSE_HAL_DRIVER -DSTM32F103xB -c -I../Core/Inc -I../Drivers/STM32F1xx_HAL_Driver/Inc -I../Drivers/STM32F1xx_HAL_Driver/Inc/Legacy -I../Drivers/CMSIS/Device/ST/STM32F1xx/Include -I../Drivers/CMSIS/Include -I"C:/Users/chris/STM32CubeIDE/workspace_1.13.2/PdM_repositorio/PCSE_driver_LCD/Drivers/API/Inc" -I"C:/Users/chris/STM32CubeIDE/workspace_1.13.2/PdM_repositorio/PCSE_driver_LCD/Drivers/API/Src" -O0 -ffunction-sections -fdata-sections -Wall -fstack-usage -fcyclomatic-complexity -MMD -MP -MF"Drivers/STM32F1xx_HAL_Driver/Src/stm32f1xx_hal_exti.d" -MT"Drivers/STM32F1xx_HAL_Driver/Src/stm32f1xx_hal_exti.o" --specs=nano.specs -mfloat-abi=soft -mthumb -o "Drivers/STM32F1xx_HAL_Driver/Src/stm32f1xx_hal_exti.o"
arm-none-eabi-gcc "../Drivers/STM32F1xx_HAL_Driver/Src/stm32f1xx_hal_flash.c" -mcpu=cortex-m3 -std=gnu11 -g3 -DDEBUG -DUSE_HAL_DRIVER -DSTM32F103xB -c -I../Core/Inc -I../Drivers/STM32F1xx_HAL_Driver/Inc -I../Drivers/STM32F1xx_HAL_Driver/Inc/Legacy -I../Drivers/CMSIS/Device/ST/STM32F1xx/Include -I../Drivers/CMSIS/Include -I"C:/Users/chris/STM32CubeIDE/workspace_1.13.2/PdM_repositorio/PCSE_driver_LCD/Drivers/API/Inc" -I"C:/Users/chris/STM32CubeIDE/workspace_1.13.2/PdM_repositorio/PCSE_driver_LCD/Drivers/API/Src" -O0 -ffunction-sections -fdata-sections -Wall -fstack-usage -fcyclomatic-complexity -MMD -MP -MF"Drivers/STM32F1xx_HAL_Driver/Src/stm32f1xx_hal_flash.d" -MT"Drivers/STM32F1xx_HAL_Driver/Src/stm32f1xx_hal_flash.o" --specs=nano.specs -mfloat-abi=soft -mthumb -o "Drivers/STM32F1xx_HAL_Driver/Src/stm32f1xx_hal_flash.o"
arm-none-eabi-gcc "../Drivers/STM32F1xx_HAL_Driver/Src/stm32f1xx_hal_flash_ex.c" -mcpu=cortex-m3 -std=gnu11 -g3 -DDEBUG -DUSE_HAL_DRIVER -DSTM32F103xB -c -I../Core/Inc -I../Drivers/STM32F1xx_HAL_Driver/Inc -I../Drivers/STM32F1xx_HAL_Driver/Inc/Legacy -I../Drivers/CMSIS/Device/ST/STM32F1xx/Include -I../Drivers/CMSIS/Include -I"C:/Users/chris/STM32CubeIDE/workspace_1.13.2/PdM_repositorio/PCSE_driver_LCD/Drivers/API/Inc" -I"C:/Users/chris/STM32CubeIDE/workspace_1.13.2/PdM_repositorio/PCSE_driver_LCD/Drivers/API/Src" -O0 -ffunction-sections -fdata-sections -Wall -fstack-usage -fcyclomatic-complexity -MMD -MP -MF"Drivers/STM32F1xx_HAL_Driver/Src/stm32f1xx_hal_flash_ex.d" -MT"Drivers/STM32F1xx_HAL_Driver/Src/stm32f1xx_hal_flash_ex.o" --specs=nano.specs -mfloat-abi=soft -mthumb -o "Drivers/STM32F1xx_HAL_Driver/Src/stm32f1xx_hal_flash_ex.o"
arm-none-eabi-gcc "../Drivers/STM32F1xx_HAL_Driver/Src/stm32f1xx_hal_gpio.c" -mcpu=cortex-m3 -std=gnu11 -g3 -DDEBUG -DUSE_HAL_DRIVER -DSTM32F103xB -c -I../Core/Inc -I../Drivers/STM32F1xx_HAL_Driver/Inc -I../Drivers/STM32F1xx_HAL_Driver/Inc/Legacy -I../Drivers/CMSIS/Device/ST/STM32F1xx/Include -I../Drivers/CMSIS/Include -I"C:/Users/chris/STM32CubeIDE/workspace_1.13.2/PdM_repositorio/PCSE_driver_LCD/Drivers/API/Inc" -I"C:/Users/chris/STM32CubeIDE/workspace_1.13.2/PdM_repositorio/PCSE_driver_LCD/Drivers/API/Src" -O0 -ffunction-sections -fdata-sections -Wall -fstack-usage -fcyclomatic-complexity -MMD -MP -MF"Drivers/STM32F1xx_HAL_Driver/Src/stm32f1xx_hal_gpio.d" -MT"Drivers/STM32F1xx_HAL_Driver/Src/stm32f1xx_hal_gpio.o" --specs=nano.specs -mfloat-abi=soft -mthumb -o "Drivers/STM32F1xx_HAL_Driver/Src/stm32f1xx_hal_gpio.o"
arm-none-eabi-gcc "../Drivers/STM32F1xx_HAL_Driver/Src/stm32f1xx_hal_gpio_ex.c" -mcpu=cortex-m3 -std=gnu11 -g3 -DDEBUG -DUSE_HAL_DRIVER -DSTM32F103xB -c -I../Core/Inc -I../Drivers/STM32F1xx_HAL_Driver/Inc -I../Drivers/STM32F1xx_HAL_Driver/Inc/Legacy -I../Drivers/CMSIS/Device/ST/STM32F1xx/Include -I../Drivers/CMSIS/Include -I"C:/Users/chris/STM32CubeIDE/workspace_1.13.2/PdM_repositorio/PCSE_driver_LCD/Drivers/API/Inc" -I"C:/Users/chris/STM32CubeIDE/workspace_1.13.2/PdM_repositorio/PCSE_driver_LCD/Drivers/API/Src" -O0 -ffunction-sections -fdata-sections -Wall -fstack-usage -fcyclomatic-complexity -MMD -MP -MF"Drivers/STM32F1xx_HAL_Driver/Src/stm32f1xx_hal_gpio_ex.d" -MT"Drivers/STM32F1xx_HAL_Driver/Src/stm32f1xx_hal_gpio_ex.o" --specs=nano.specs -mfloat-abi=soft -mthumb -o "Drivers/STM32F1xx_HAL_Driver/Src/stm32f1xx_hal_gpio_ex.o"
arm-none-eabi-gcc "../Drivers/STM32F1xx_HAL_Driver/Src/stm32f1xx_hal_i2c.c" -mcpu=cortex-m3 -std=gnu11 -g3 -DDEBUG -DUSE_HAL_DRIVER -DSTM32F103xB -c -I../Core/Inc -I../Drivers/STM32F1xx_HAL_Driver/Inc -I../Drivers/STM32F1xx_HAL_Driver/Inc/Legacy -I../Drivers/CMSIS/Device/ST/STM32F1xx/Include -I../Drivers/CMSIS/Include -I"C:/Users/chris/STM32CubeIDE/workspace_1.13.2/PdM_repositorio/PCSE_driver_LCD/Drivers/API/Inc" -I"C:/Users/chris/STM32CubeIDE/workspace_1.13.2/PdM_repositorio/PCSE_driver_LCD/Drivers/API/Src" -O0 -ffunction-sections -fdata-sections -Wall -fstack-usage -fcyclomatic-complexity -MMD -MP -MF"Drivers/STM32F1xx_HAL_Driver/Src/stm32f1xx_hal_i2c.d" -MT"Drivers/STM32F1xx_HAL_Driver/Src/stm32f1xx_hal_i2c.o" --specs=nano.specs -mfloat-abi=soft -mthumb -o "Drivers/STM32F1xx_HAL_Driver/Src/stm32f1xx_hal_i2c.o"
arm-none-eabi-gcc "../Drivers/STM32F1xx_HAL_Driver/Src/stm32f1xx_hal_pwr.c" -mcpu=cortex-m3 -std=gnu11 -g3 -DDEBUG -DUSE_HAL_DRIVER -DSTM32F103xB -c -I../Core/Inc -I../Drivers/STM32F1xx_HAL_Driver/Inc -I../Drivers/STM32F1xx_HAL_Driver/Inc/Legacy -I../Drivers/CMSIS/Device/ST/STM32F1xx/Include -I../Drivers/CMSIS/Include -I"C:/Users/chris/STM32CubeIDE/workspace_1.13.2/PdM_repositorio/PCSE_driver_LCD/Drivers/API/Inc" -I"C:/Users/chris/STM32CubeIDE/workspace_1.13.2/PdM_repositorio/PCSE_driver_LCD/Drivers/API/Src" -O0 -ffunction-sections -fdata-sections -Wall -fstack-usage -fcyclomatic-complexity -MMD -MP -MF"Drivers/STM32F1xx_HAL_Driver/Src/stm32f1xx_hal_pwr.d" -MT"Drivers/STM32F1xx_HAL_Driver/Src/stm32f1xx_hal_pwr.o" --specs=nano.specs -mfloat-abi=soft -mthumb -o "Drivers/STM32F1xx_HAL_Driver/Src/stm32f1xx_hal_pwr.o"
arm-none-eabi-gcc "../Drivers/STM32F1xx_HAL_Driver/Src/stm32f1xx_hal_rcc.c" -mcpu=cortex-m3 -std=gnu11 -g3 -DDEBUG -DUSE_HAL_DRIVER -DSTM32F103xB -c -I../Core/Inc -I../Drivers/STM32F1xx_HAL_Driver/Inc -I../Drivers/STM32F1xx_HAL_Driver/Inc/Legacy -I../Drivers/CMSIS/Device/ST/STM32F1xx/Include -I../Drivers/CMSIS/Include -I"C:/Users/chris/STM32CubeIDE/workspace_1.13.2/PdM_repositorio/PCSE_driver_LCD/Drivers/API/Inc" -I"C:/Users/chris/STM32CubeIDE/workspace_1.13.2/PdM_repositorio/PCSE_driver_LCD/Drivers/API/Src" -O0 -ffunction-sections -fdata-sections -Wall -fstack-usage -fcyclomatic-complexity -MMD -MP -MF"Drivers/STM32F1xx_HAL_Driver/Src/stm32f1xx_hal_rcc.d" -MT"Drivers/STM32F1xx_HAL_Driver/Src/stm32f1xx_hal_rcc.o" --specs=nano.specs -mfloat-abi=soft -mthumb -o "Drivers/STM32F1xx_HAL_Driver/Src/stm32f1xx_hal_rcc.o"
arm-none-eabi-gcc "../Drivers/STM32F1xx_HAL_Driver/Src/stm32f1xx_hal_rcc_ex.c" -mcpu=cortex-m3 -std=gnu11 -g3 -DDEBUG -DUSE_HAL_DRIVER -DSTM32F103xB -c -I../Core/Inc -I../Drivers/STM32F1xx_HAL_Driver/Inc -I../Drivers/STM32F1xx_HAL_Driver/Inc/Legacy -I../Drivers/CMSIS/Device/ST/STM32F1xx/Include -I../Drivers/CMSIS/Include -I"C:/Users/chris/STM32CubeIDE/workspace_1.13.2/PdM_repositorio/PCSE_driver_LCD/Drivers/API/Inc" -I"C:/Users/chris/STM32CubeIDE/workspace_1.13.2/PdM_repositorio/PCSE_driver_LCD/Drivers/API/Src" -O0 -ffunction-sections -fdata-sections -Wall -fstack-usage -fcyclomatic-complexity -MMD -MP -MF"Drivers/STM32F1xx_HAL_Driver/Src/stm32f1xx_hal_rcc_ex.d" -MT"Drivers/STM32F1xx_HAL_Driver/Src/stm32f1xx_hal_rcc_ex.o" --specs=nano.specs -mfloat-abi=soft -mthumb -o "Drivers/STM32F1xx_HAL_Driver/Src/stm32f1xx_hal_rcc_ex.o"
arm-none-eabi-gcc "../Drivers/STM32F1xx_HAL_Driver/Src/stm32f1xx_hal_tim.c" -mcpu=cortex-m3 -std=gnu11 -g3 -DDEBUG -DUSE_HAL_DRIVER -DSTM32F103xB -c -I../Core/Inc -I../Drivers/STM32F1xx_HAL_Driver/Inc -I../Drivers/STM32F1xx_HAL_Driver/Inc/Legacy -I../Drivers/CMSIS/Device/ST/STM32F1xx/Include -I../Drivers/CMSIS/Include -I"C:/Users/chris/STM32CubeIDE/workspace_1.13.2/PdM_repositorio/PCSE_driver_LCD/Drivers/API/Inc" -I"C:/Users/chris/STM32CubeIDE/workspace_1.13.2/PdM_repositorio/PCSE_driver_LCD/Drivers/API/Src" -O0 -ffunction-sections -fdata-sections -Wall -fstack-usage -fcyclomatic-complexity -MMD -MP -MF"Drivers/STM32F1xx_HAL_Driver/Src/stm32f1xx_hal_tim.d" -MT"Drivers/STM32F1xx_HAL_Driver/Src/stm32f1xx_hal_tim.o" --specs=nano.specs -mfloat-abi=soft -mthumb -o "Drivers/STM32F1xx_HAL_Driver/Src/stm32f1xx_hal_tim.o"
arm-none-eabi-gcc "../Drivers/STM32F1xx_HAL_Driver/Src/stm32f1xx_hal_tim_ex.c" -mcpu=cortex-m3 -std=gnu11 -g3 -DDEBUG -DUSE_HAL_DRIVER -DSTM32F103xB -c -I../Core/Inc -I../Drivers/STM32F1xx_HAL_Driver/Inc -I../Drivers/STM32F1xx_HAL_Driver/Inc/Legacy -I../Drivers/CMSIS/Device/ST/STM32F1xx/Include -I../Drivers/CMSIS/Include -I"C:/Users/chris/STM32CubeIDE/workspace_1.13.2/PdM_repositorio/PCSE_driver_LCD/Drivers/API/Inc" -I"C:/Users/chris/STM32CubeIDE/workspace_1.13.2/PdM_repositorio/PCSE_driver_LCD/Drivers/API/Src" -O0 -ffunction-sections -fdata-sections -Wall -fstack-usage -fcyclomatic-complexity -MMD -MP -MF"Drivers/STM32F1xx_HAL_Driver/Src/stm32f1xx_hal_tim_ex.d" -MT"Drivers/STM32F1xx_HAL_Driver/Src/stm32f1xx_hal_tim_ex.o" --specs=nano.specs -mfloat-abi=soft -mthumb -o "Drivers/STM32F1xx_HAL_Driver/Src/stm32f1xx_hal_tim_ex.o"
arm-none-eabi-gcc "../Drivers/STM32F1xx_HAL_Driver/Src/stm32f1xx_hal_uart.c" -mcpu=cortex-m3 -std=gnu11 -g3 -DDEBUG -DUSE_HAL_DRIVER -DSTM32F103xB -c -I../Core/Inc -I../Drivers/STM32F1xx_HAL_Driver/Inc -I../Drivers/STM32F1xx_HAL_Driver/Inc/Legacy -I../Drivers/CMSIS/Device/ST/STM32F1xx/Include -I../Drivers/CMSIS/Include -I"C:/Users/chris/STM32CubeIDE/workspace_1.13.2/PdM_repositorio/PCSE_driver_LCD/Drivers/API/Inc" -I"C:/Users/chris/STM32CubeIDE/workspace_1.13.2/PdM_repositorio/PCSE_driver_LCD/Drivers/API/Src" -O0 -ffunction-sections -fdata-sections -Wall -fstack-usage -fcyclomatic-complexity -MMD -MP -MF"Drivers/STM32F1xx_HAL_Driver/Src/stm32f1xx_hal_uart.d" -MT"Drivers/STM32F1xx_HAL_Driver/Src/stm32f1xx_hal_uart.o" --specs=nano.specs -mfloat-abi=soft -mthumb -o "Drivers/STM32F1xx_HAL_Driver/Src/stm32f1xx_hal_uart.o"
arm-none-eabi-gcc "../Drivers/API/Src/API_lcd_i2c.c" -mcpu=cortex-m3 -std=gnu11 -g3 -DDEBUG -DUSE_HAL_DRIVER -DSTM32F103xB -c -I../Core/Inc -I../Drivers/STM32F1xx_HAL_Driver/Inc -I../Drivers/STM32F1xx_HAL_Driver/Inc/Legacy -I../Drivers/CMSIS/Device/ST/STM32F1xx/Include -I../Drivers/CMSIS/Include -I"C:/Users/chris/STM32CubeIDE/workspace_1.13.2/PdM_repositorio/PCSE_driver_LCD/Drivers/API/Inc" -I"C:/Users/chris/STM32CubeIDE/workspace_1.13.2/PdM_repositorio/PCSE_driver_LCD/Drivers/API/Src" -O0 -ffunction-sections -fdata-sections -Wall -fstack-usage -fcyclomatic-complexity -MMD -MP -MF"Drivers/API/Src/API_lcd_i2c.d" -MT"Drivers/API/Src/API_lcd_i2c.o" --specs=nano.specs -mfloat-abi=soft -mthumb -o "Drivers/API/Src/API_lcd_i2c.o"
arm-none-eabi-gcc -mcpu=cortex-m3 -g3 -DDEBUG -c -I"C:/Users/chris/STM32CubeIDE/workspace_1.13.2/PdM_repositorio/PCSE_driver_LCD/Drivers/API/Inc" -I"C:/Users/chris/STM32CubeIDE/workspace_1.13.2/PdM_repositorio/PCSE_driver_LCD/Drivers/API/Src" -x assembler-with-cpp -MMD -MP -MF"Core/Startup/startup_stm32f103rbtx.d" -MT"Core/Startup/startup_stm32f103rbtx.o" --specs=nano.specs -mfloat-abi=soft -mthumb -o "Core/Startup/startup_stm32f103rbtx.o" "../Core/Startup/startup_stm32f103rbtx.s"
arm-none-eabi-gcc "../Core/Src/main.c" -mcpu=cortex-m3 -std=gnu11 -g3 -DDEBUG -DUSE_HAL_DRIVER -DSTM32F103xB -c -I../Core/Inc -I../Drivers/STM32F1xx_HAL_Driver/Inc -I../Drivers/STM32F1xx_HAL_Driver/Inc/Legacy -I../Drivers/CMSIS/Device/ST/STM32F1xx/Include -I../Drivers/CMSIS/Include -I"C:/Users/chris/STM32CubeIDE/workspace_1.13.2/PdM_repositorio/PCSE_driver_LCD/Drivers/API/Inc" -I"C:/Users/chris/STM32CubeIDE/workspace_1.13.2/PdM_repositorio/PCSE_driver_LCD/Drivers/API/Src" -O0 -ffunction-sections -fdata-sections -Wall -fstack-usage -fcyclomatic-complexity -MMD -MP -MF"Core/Src/main.d" -MT"Core/Src/main.o" --specs=nano.specs -mfloat-abi=soft -mthumb -o "Core/Src/main.o"
arm-none-eabi-gcc "../Core/Src/stm32f1xx_hal_msp.c" -mcpu=cortex-m3 -std=gnu11 -g3 -DDEBUG -DUSE_HAL_DRIVER -DSTM32F103xB -c -I../Core/Inc -I../Drivers/STM32F1xx_HAL_Driver/Inc -I../Drivers/STM32F1xx_HAL_Driver/Inc/Legacy -I../Drivers/CMSIS/Device/ST/STM32F1xx/Include -I../Drivers/CMSIS/Include -I"C:/Users/chris/STM32CubeIDE/workspace_1.13.2/PdM_repositorio/PCSE_driver_LCD/Drivers/API/Inc" -I"C:/Users/chris/STM32CubeIDE/workspace_1.13.2/PdM_repositorio/PCSE_driver_LCD/Drivers/API/Src" -O0 -ffunction-sections -fdata-sections -Wall -fstack-usage -fcyclomatic-complexity -MMD -MP -MF"Core/Src/stm32f1xx_hal_msp.d" -MT"Core/Src/stm32f1xx_hal_msp.o" --specs=nano.specs -mfloat-abi=soft -mthumb -o "Core/Src/stm32f1xx_hal_msp.o"
arm-none-eabi-gcc "../Core/Src/stm32f1xx_it.c" -mcpu=cortex-m3 -std=gnu11 -g3 -DDEBUG -DUSE_HAL_DRIVER -DSTM32F103xB -c -I../Core/Inc -I../Drivers/STM32F1xx_HAL_Driver/Inc -I../Drivers/STM32F1xx_HAL_Driver/Inc/Legacy -I../Drivers/CMSIS/Device/ST/STM32F1xx/Include -I../Drivers/CMSIS/Include -I"C:/Users/chris/STM32CubeIDE/workspace_1.13.2/PdM_repositorio/PCSE_driver_LCD/Drivers/API/Inc" -I"C:/Users/chris/STM32CubeIDE/workspace_1.13.2/PdM_repositorio/PCSE_driver_LCD/Drivers/API/Src" -O0 -ffunction-sections -fdata-sections -Wall -fstack-usage -fcyclomatic-complexity -MMD -MP -MF"Core/Src/stm32f1xx_it.d" -MT"Core/Src/stm32f1xx_it.o" --specs=nano.specs -mfloat-abi=soft -mthumb -o "Core/Src/stm32f1xx_it.o"
arm-none-eabi-gcc "../Core/Src/syscalls.c" -mcpu=cortex-m3 -std=gnu11 -g3 -DDEBUG -DUSE_HAL_DRIVER -DSTM32F103xB -c -I../Core/Inc -I../Drivers/STM32F1xx_HAL_Driver/Inc -I../Drivers/STM32F1xx_HAL_Driver/Inc/Legacy -I../Drivers/CMSIS/Device/ST/STM32F1xx/Include -I../Drivers/CMSIS/Include -I"C:/Users/chris/STM32CubeIDE/workspace_1.13.2/PdM_repositorio/PCSE_driver_LCD/Drivers/API/Inc" -I"C:/Users/chris/STM32CubeIDE/workspace_1.13.2/PdM_repositorio/PCSE_driver_LCD/Drivers/API/Src" -O0 -ffunction-sections -fdata-sections -Wall -fstack-usage -fcyclomatic-complexity -MMD -MP -MF"Core/Src/syscalls.d" -MT"Core/Src/syscalls.o" --specs=nano.specs -mfloat-abi=soft -mthumb -o "Core/Src/syscalls.o"
arm-none-eabi-gcc "../Core/Src/sysmem.c" -mcpu=cortex-m3 -std=gnu11 -g3 -DDEBUG -DUSE_HAL_DRIVER -DSTM32F103xB -c -I../Core/Inc -I../Drivers/STM32F1xx_HAL_Driver/Inc -I../Drivers/STM32F1xx_HAL_Driver/Inc/Legacy -I../Drivers/CMSIS/Device/ST/STM32F1xx/Include -I../Drivers/CMSIS/Include -I"C:/Users/chris/STM32CubeIDE/workspace_1.13.2/PdM_repositorio/PCSE_driver_LCD/Drivers/API/Inc" -I"C:/Users/chris/STM32CubeIDE/workspace_1.13.2/PdM_repositorio/PCSE_driver_LCD/Drivers/API/Src" -O0 -ffunction-sections -fdata-sections -Wall -fstack-usage -fcyclomatic-complexity -MMD -MP -MF"Core/Src/sysmem.d" -MT"Core/Src/sysmem.o" --specs=nano.specs -mfloat-abi=soft -mthumb -o "Core/Src/sysmem.o"
arm-none-eabi-gcc "../Core/Src/system_stm32f1xx.c" -mcpu=cortex-m3 -std=gnu11 -g3 -DDEBUG -DUSE_HAL_DRIVER -DSTM32F103xB -c -I../Core/Inc -I../Drivers/STM32F1xx_HAL_Driver/Inc -I../Drivers/STM32F1xx_HAL_Driver/Inc/Legacy -I../Drivers/CMSIS/Device/ST/STM32F1xx/Include -I../Drivers/CMSIS/Include -I"C:/Users/chris/STM32CubeIDE/workspace_1.13.2/PdM_repositorio/PCSE_driver_LCD/Drivers/API/Inc" -I"C:/Users/chris/STM32CubeIDE/workspace_1.13.2/PdM_repositorio/PCSE_driver_LCD/Drivers/API/Src" -O0 -ffunction-sections -fdata-sections -Wall -fstack-usage -fcyclomatic-complexity -MMD -MP -MF"Core/Src/system_stm32f1xx.d" -MT"Core/Src/system_stm32f1xx.o" --specs=nano.specs -mfloat-abi=soft -mthumb -o "Core/Src/system_stm32f1xx.o"
../Drivers/API/Src/API_lcd_i2c.c: In function 'control_backlight':
../Drivers/API/Src/API_lcd_i2c.c:89:59: warning: passing argument 3 of 'HAL_I2C_Master_Transmit' makes pointer from integer without a cast [-Wint-conversion]
   89 |         HAL_I2C_Master_Transmit(&i2cHandle, slaveAddress, cmd, 1, 100);
      |                                                           ^~~
      |                                                           |
      |                                                           uint8_t {aka unsigned char}
In file included from ../Core/Inc/stm32f1xx_hal_conf.h:298,
                 from ../Drivers/STM32F1xx_HAL_Driver/Inc/stm32f1xx_hal.h:29,
                 from C:/Users/chris/STM32CubeIDE/workspace_1.13.2/PdM_repositorio/PCSE_driver_LCD/Drivers/API/Inc/API_lcd_i2c.h:18,
                 from ../Drivers/API/Src/API_lcd_i2c.c:8:
../Drivers/STM32F1xx_HAL_Driver/Inc/stm32f1xx_hal_i2c.h:563:98: note: expected 'uint8_t *' {aka 'unsigned char *'} but argument is of type 'uint8_t' {aka 'unsigned char'}
  563 | HAL_StatusTypeDef HAL_I2C_Master_Transmit(I2C_HandleTypeDef *hi2c, uint16_t DevAddress, uint8_t *pData, uint16_t Size, uint32_t Timeout);
      |                                                                                         ~~~~~~~~~^~~~~
arm-none-eabi-gcc -o "PCSE_driver_LCD.elf" @"objects.list"   -mcpu=cortex-m3 -T"C:\Users\chris\STM32CubeIDE\workspace_1.13.2\PdM_repositorio\PCSE_driver_LCD\STM32F103RBTX_FLASH.ld" --specs=nosys.specs -Wl,-Map="PCSE_driver_LCD.map" -Wl,--gc-sections -static --specs=nano.specs -mfloat-abi=soft -mthumb -Wl,--start-group -lc -lm -Wl,--end-group
C:/ST/STM32CubeIDE_1.13.2/STM32CubeIDE/plugins/com.st.stm32cube.ide.mcu.externaltools.gnu-tools-for-stm32.11.3.rel1.win32_1.1.1.202309131626/tools/bin/../lib/gcc/arm-none-eabi/11.3.1/../../../../arm-none-eabi/bin/ld.exe: ./Core/Src/stm32f1xx_hal_msp.o:C:/Users/chris/STM32CubeIDE/workspace_1.13.2/PdM_repositorio/PCSE_driver_LCD/Drivers/API/Inc/API_lcd_i2c.h:109: multiple definition of `ddram_address_16x2'; ./Core/Src/main.o:C:/Users/chris/STM32CubeIDE/workspace_1.13.2/PdM_repositorio/PCSE_driver_LCD/Drivers/API/Inc/API_lcd_i2c.h:109: first defined here
C:/ST/STM32CubeIDE_1.13.2/STM32CubeIDE/plugins/com.st.stm32cube.ide.mcu.externaltools.gnu-tools-for-stm32.11.3.rel1.win32_1.1.1.202309131626/tools/bin/../lib/gcc/arm-none-eabi/11.3.1/../../../../arm-none-eabi/bin/ld.exe: ./Core/Src/stm32f1xx_it.o:C:/Users/chris/STM32CubeIDE/workspace_1.13.2/PdM_repositorio/PCSE_driver_LCD/Drivers/API/Inc/API_lcd_i2c.h:109: multiple definition of `ddram_address_16x2'; ./Core/Src/main.o:C:/Users/chris/STM32CubeIDE/workspace_1.13.2/PdM_repositorio/PCSE_driver_LCD/Drivers/API/Inc/API_lcd_i2c.h:109: first defined here
C:/ST/STM32CubeIDE_1.13.2/STM32CubeIDE/plugins/com.st.stm32cube.ide.mcu.externaltools.gnu-tools-for-stm32.11.3.rel1.win32_1.1.1.202309131626/tools/bin/../lib/gcc/arm-none-eabi/11.3.1/../../../../arm-none-eabi/bin/ld.exe: ./Drivers/API/Src/API_lcd_i2c.o:C:/Users/chris/STM32CubeIDE/workspace_1.13.2/PdM_repositorio/PCSE_driver_LCD/Drivers/API/Inc/API_lcd_i2c.h:109: multiple definition of `ddram_address_16x2'; ./Core/Src/main.o:C:/Users/chris/STM32CubeIDE/workspace_1.13.2/PdM_repositorio/PCSE_driver_LCD/Drivers/API/Inc/API_lcd_i2c.h:109: first defined here
collect2.exe: error: ld returned 1 exit status
make: *** [makefile:65: PCSE_driver_LCD.elf] Error 1
"make -j12 all" terminated with exit code 2. Build might be incomplete.
22:16:22 **** Incremental Build of configuration Debug for project PCSE_driver_LCD ****
make -j12 all 
arm-none-eabi-gcc "../Core/Src/main.c" -mcpu=cortex-m3 -std=gnu11 -g3 -DDEBUG -DUSE_HAL_DRIVER -DSTM32F103xB -c -I../Core/Inc -I../Drivers/STM32F1xx_HAL_Driver/Inc -I../Drivers/STM32F1xx_HAL_Driver/Inc/Legacy -I../Drivers/CMSIS/Device/ST/STM32F1xx/Include -I../Drivers/CMSIS/Include -I"C:/Users/chris/STM32CubeIDE/workspace_1.13.2/PdM_repositorio/PCSE_driver_LCD/Drivers/API/Inc" -I"C:/Users/chris/STM32CubeIDE/workspace_1.13.2/PdM_repositorio/PCSE_driver_LCD/Drivers/API/Src" -O0 -ffunction-sections -fdata-sections -Wall -fstack-usage -fcyclomatic-complexity -MMD -MP -MF"Core/Src/main.d" -MT"Core/Src/main.o" --specs=nano.specs -mfloat-abi=soft -mthumb -o "Core/Src/main.o"
arm-none-eabi-gcc -o "PCSE_driver_LCD.elf" @"objects.list"   -mcpu=cortex-m3 -T"C:\Users\chris\STM32CubeIDE\workspace_1.13.2\PdM_repositorio\PCSE_driver_LCD\STM32F103RBTX_FLASH.ld" --specs=nosys.specs -Wl,-Map="PCSE_driver_LCD.map" -Wl,--gc-sections -static --specs=nano.specs -mfloat-abi=soft -mthumb -Wl,--start-group -lc -lm -Wl,--end-group
C:/ST/STM32CubeIDE_1.13.2/STM32CubeIDE/plugins/com.st.stm32cube.ide.mcu.externaltools.gnu-tools-for-stm32.11.3.rel1.win32_1.1.1.202309131626/tools/bin/../lib/gcc/arm-none-eabi/11.3.1/../../../../arm-none-eabi/bin/ld.exe: ./Core/Src/stm32f1xx_hal_msp.o:C:/Users/chris/STM32CubeIDE/workspace_1.13.2/PdM_repositorio/PCSE_driver_LCD/Drivers/API/Inc/API_lcd_i2c.h:109: multiple definition of `ddram_address_16x2'; ./Core/Src/main.o:C:/Users/chris/STM32CubeIDE/workspace_1.13.2/PdM_repositorio/PCSE_driver_LCD/Drivers/API/Inc/API_lcd_i2c.h:109: first defined here
C:/ST/STM32CubeIDE_1.13.2/STM32CubeIDE/plugins/com.st.stm32cube.ide.mcu.externaltools.gnu-tools-for-stm32.11.3.rel1.win32_1.1.1.202309131626/tools/bin/../lib/gcc/arm-none-eabi/11.3.1/../../../../arm-none-eabi/bin/ld.exe: ./Core/Src/stm32f1xx_it.o:C:/Users/chris/STM32CubeIDE/workspace_1.13.2/PdM_repositorio/PCSE_driver_LCD/Drivers/API/Inc/API_lcd_i2c.h:109: multiple definition of `ddram_address_16x2'; ./Core/Src/main.o:C:/Users/chris/STM32CubeIDE/workspace_1.13.2/PdM_repositorio/PCSE_driver_LCD/Drivers/API/Inc/API_lcd_i2c.h:109: first defined here
C:/ST/STM32CubeIDE_1.13.2/STM32CubeIDE/plugins/com.st.stm32cube.ide.mcu.externaltools.gnu-tools-for-stm32.11.3.rel1.win32_1.1.1.202309131626/tools/bin/../lib/gcc/arm-none-eabi/11.3.1/../../../../arm-none-eabi/bin/ld.exe: ./Drivers/API/Src/API_lcd_i2c.o:C:/Users/chris/STM32CubeIDE/workspace_1.13.2/PdM_repositorio/PCSE_driver_LCD/Drivers/API/Inc/API_lcd_i2c.h:109: multiple definition of `ddram_address_16x2'; ./Core/Src/main.o:C:/Users/chris/STM32CubeIDE/workspace_1.13.2/PdM_repositorio/PCSE_driver_LCD/Drivers/API/Inc/API_lcd_i2c.h:109: first defined here
collect2.exe: error: ld returned 1 exit status
make: *** [makefile:65: PCSE_driver_LCD.elf] Error 1
"make -j12 all" terminated with exit code 2. Build might be incomplete.
22:18:03 **** Incremental Build of configuration Debug for project PCSE_driver_LCD ****
make -j12 all 
arm-none-eabi-gcc "../Core/Src/main.c" -mcpu=cortex-m3 -std=gnu11 -g3 -DDEBUG -DUSE_HAL_DRIVER -DSTM32F103xB -c -I../Core/Inc -I../Drivers/STM32F1xx_HAL_Driver/Inc -I../Drivers/STM32F1xx_HAL_Driver/Inc/Legacy -I../Drivers/CMSIS/Device/ST/STM32F1xx/Include -I../Drivers/CMSIS/Include -I"C:/Users/chris/STM32CubeIDE/workspace_1.13.2/PdM_repositorio/PCSE_driver_LCD/Drivers/API/Inc" -I"C:/Users/chris/STM32CubeIDE/workspace_1.13.2/PdM_repositorio/PCSE_driver_LCD/Drivers/API/Src" -O0 -ffunction-sections -fdata-sections -Wall -fstack-usage -fcyclomatic-complexity -MMD -MP -MF"Core/Src/main.d" -MT"Core/Src/main.o" --specs=nano.specs -mfloat-abi=soft -mthumb -o "Core/Src/main.o"
arm-none-eabi-gcc -o "PCSE_driver_LCD.elf" @"objects.list"   -mcpu=cortex-m3 -T"C:\Users\chris\STM32CubeIDE\workspace_1.13.2\PdM_repositorio\PCSE_driver_LCD\STM32F103RBTX_FLASH.ld" --specs=nosys.specs -Wl,-Map="PCSE_driver_LCD.map" -Wl,--gc-sections -static --specs=nano.specs -mfloat-abi=soft -mthumb -Wl,--start-group -lc -lm -Wl,--end-group
C:/ST/STM32CubeIDE_1.13.2/STM32CubeIDE/plugins/com.st.stm32cube.ide.mcu.externaltools.gnu-tools-for-stm32.11.3.rel1.win32_1.1.1.202309131626/tools/bin/../lib/gcc/arm-none-eabi/11.3.1/../../../../arm-none-eabi/bin/ld.exe: ./Core/Src/stm32f1xx_hal_msp.o:C:/Users/chris/STM32CubeIDE/workspace_1.13.2/PdM_repositorio/PCSE_driver_LCD/Drivers/API/Inc/API_lcd_i2c.h:109: multiple definition of `ddram_address_16x2'; ./Core/Src/main.o:C:/Users/chris/STM32CubeIDE/workspace_1.13.2/PdM_repositorio/PCSE_driver_LCD/Drivers/API/Inc/API_lcd_i2c.h:109: first defined here
C:/ST/STM32CubeIDE_1.13.2/STM32CubeIDE/plugins/com.st.stm32cube.ide.mcu.externaltools.gnu-tools-for-stm32.11.3.rel1.win32_1.1.1.202309131626/tools/bin/../lib/gcc/arm-none-eabi/11.3.1/../../../../arm-none-eabi/bin/ld.exe: ./Core/Src/stm32f1xx_it.o:C:/Users/chris/STM32CubeIDE/workspace_1.13.2/PdM_repositorio/PCSE_driver_LCD/Drivers/API/Inc/API_lcd_i2c.h:109: multiple definition of `ddram_address_16x2'; ./Core/Src/main.o:C:/Users/chris/STM32CubeIDE/workspace_1.13.2/PdM_repositorio/PCSE_driver_LCD/Drivers/API/Inc/API_lcd_i2c.h:109: first defined here
C:/ST/STM32CubeIDE_1.13.2/STM32CubeIDE/plugins/com.st.stm32cube.ide.mcu.externaltools.gnu-tools-for-stm32.11.3.rel1.win32_1.1.1.202309131626/tools/bin/../lib/gcc/arm-none-eabi/11.3.1/../../../../arm-none-eabi/bin/ld.exe: ./Drivers/API/Src/API_lcd_i2c.o:C:/Users/chris/STM32CubeIDE/workspace_1.13.2/PdM_repositorio/PCSE_driver_LCD/Drivers/API/Inc/API_lcd_i2c.h:109: multiple definition of `ddram_address_16x2'; ./Core/Src/main.o:C:/Users/chris/STM32CubeIDE/workspace_1.13.2/PdM_repositorio/PCSE_driver_LCD/Drivers/API/Inc/API_lcd_i2c.h:109: first defined here
collect2.exe: error: ld returned 1 exit status
make: *** [makefile:65: PCSE_driver_LCD.elf] Error 1
"make -j12 all" terminated with exit code 2. Build might be incomplete.
22:18:50 **** Incremental Build of configuration Debug for project PCSE_driver_LCD ****
make -j12 all 
arm-none-eabi-gcc "../Core/Src/main.c" -mcpu=cortex-m3 -std=gnu11 -g3 -DDEBUG -DUSE_HAL_DRIVER -DSTM32F103xB -c -I../Core/Inc -I../Drivers/STM32F1xx_HAL_Driver/Inc -I../Drivers/STM32F1xx_HAL_Driver/Inc/Legacy -I../Drivers/CMSIS/Device/ST/STM32F1xx/Include -I../Drivers/CMSIS/Include -I"C:/Users/chris/STM32CubeIDE/workspace_1.13.2/PdM_repositorio/PCSE_driver_LCD/Drivers/API/Inc" -I"C:/Users/chris/STM32CubeIDE/workspace_1.13.2/PdM_repositorio/PCSE_driver_LCD/Drivers/API/Src" -O0 -ffunction-sections -fdata-sections -Wall -fstack-usage -fcyclomatic-complexity -MMD -MP -MF"Core/Src/main.d" -MT"Core/Src/main.o" --specs=nano.specs -mfloat-abi=soft -mthumb -o "Core/Src/main.o"
arm-none-eabi-gcc "../Core/Src/stm32f1xx_hal_msp.c" -mcpu=cortex-m3 -std=gnu11 -g3 -DDEBUG -DUSE_HAL_DRIVER -DSTM32F103xB -c -I../Core/Inc -I../Drivers/STM32F1xx_HAL_Driver/Inc -I../Drivers/STM32F1xx_HAL_Driver/Inc/Legacy -I../Drivers/CMSIS/Device/ST/STM32F1xx/Include -I../Drivers/CMSIS/Include -I"C:/Users/chris/STM32CubeIDE/workspace_1.13.2/PdM_repositorio/PCSE_driver_LCD/Drivers/API/Inc" -I"C:/Users/chris/STM32CubeIDE/workspace_1.13.2/PdM_repositorio/PCSE_driver_LCD/Drivers/API/Src" -O0 -ffunction-sections -fdata-sections -Wall -fstack-usage -fcyclomatic-complexity -MMD -MP -MF"Core/Src/stm32f1xx_hal_msp.d" -MT"Core/Src/stm32f1xx_hal_msp.o" --specs=nano.specs -mfloat-abi=soft -mthumb -o "Core/Src/stm32f1xx_hal_msp.o"
arm-none-eabi-gcc "../Core/Src/stm32f1xx_it.c" -mcpu=cortex-m3 -std=gnu11 -g3 -DDEBUG -DUSE_HAL_DRIVER -DSTM32F103xB -c -I../Core/Inc -I../Drivers/STM32F1xx_HAL_Driver/Inc -I../Drivers/STM32F1xx_HAL_Driver/Inc/Legacy -I../Drivers/CMSIS/Device/ST/STM32F1xx/Include -I../Drivers/CMSIS/Include -I"C:/Users/chris/STM32CubeIDE/workspace_1.13.2/PdM_repositorio/PCSE_driver_LCD/Drivers/API/Inc" -I"C:/Users/chris/STM32CubeIDE/workspace_1.13.2/PdM_repositorio/PCSE_driver_LCD/Drivers/API/Src" -O0 -ffunction-sections -fdata-sections -Wall -fstack-usage -fcyclomatic-complexity -MMD -MP -MF"Core/Src/stm32f1xx_it.d" -MT"Core/Src/stm32f1xx_it.o" --specs=nano.specs -mfloat-abi=soft -mthumb -o "Core/Src/stm32f1xx_it.o"
../Core/Src/main.c: In function 'main':
../Core/Src/main.c:202:3: warning: implicit declaration of function 'i2c_linker' [-Wimplicit-function-declaration]
  202 |   i2c_linker(&hi2c1);
      |   ^~~~~~~~~~
../Core/Src/main.c:203:3: warning: implicit declaration of function 'lcd_init' [-Wimplicit-function-declaration]
  203 |   lcd_init();
      |   ^~~~~~~~
../Core/Src/main.c:214:3: warning: implicit declaration of function 'lcd_clear' [-Wimplicit-function-declaration]
  214 |   lcd_clear();
      |   ^~~~~~~~~
../Core/Src/main.c:216:3: warning: implicit declaration of function 'lcd_print_text' [-Wimplicit-function-declaration]
  216 |   lcd_print_text(text0, sizeof(text0));
      |   ^~~~~~~~~~~~~~
../Core/Src/main.c:220:3: warning: implicit declaration of function 'return_home' [-Wimplicit-function-declaration]
  220 |   return_home();
      |   ^~~~~~~~~~~
../Core/Src/main.c:222:3: warning: implicit declaration of function 'lcd_set_position' [-Wimplicit-function-declaration]
  222 |   lcd_set_position(2, 1);
      |   ^~~~~~~~~~~~~~~~
../Core/Src/main.c:226:3: warning: implicit declaration of function 'control_backlight' [-Wimplicit-function-declaration]
  226 |   control_backlight(0);
      |   ^~~~~~~~~~~~~~~~~
arm-none-eabi-gcc -o "PCSE_driver_LCD.elf" @"objects.list"   -mcpu=cortex-m3 -T"C:\Users\chris\STM32CubeIDE\workspace_1.13.2\PdM_repositorio\PCSE_driver_LCD\STM32F103RBTX_FLASH.ld" --specs=nosys.specs -Wl,-Map="PCSE_driver_LCD.map" -Wl,--gc-sections -static --specs=nano.specs -mfloat-abi=soft -mthumb -Wl,--start-group -lc -lm -Wl,--end-group
Finished building target: PCSE_driver_LCD.elf
 
arm-none-eabi-size   PCSE_driver_LCD.elf 
arm-none-eabi-objdump -h -S  PCSE_driver_LCD.elf  > "PCSE_driver_LCD.list"
   text	   data	    bss	    dec	    hex	filename
   9168	     20	   1812	  11000	   2af8	PCSE_driver_LCD.elf
Finished building: default.size.stdout
 
Finished building: PCSE_driver_LCD.list
 
22:18:56 **** Incremental Build of configuration Debug for project PCSE_driver_LCD ****
make -j12 all 
arm-none-eabi-size   PCSE_driver_LCD.elf 
   text	   data	    bss	    dec	    hex	filename
   9168	     20	   1812	  11000	   2af8	PCSE_driver_LCD.elf
Finished building: default.size.stdout
 
22:23:57 **** Incremental Build of configuration Debug for project PCSE_driver_LCD ****
make -j12 all 
arm-none-eabi-gcc "../Drivers/API/Src/API_lcd_i2c.c" -mcpu=cortex-m3 -std=gnu11 -g3 -DDEBUG -DUSE_HAL_DRIVER -DSTM32F103xB -c -I../Core/Inc -I../Drivers/STM32F1xx_HAL_Driver/Inc -I../Drivers/STM32F1xx_HAL_Driver/Inc/Legacy -I../Drivers/CMSIS/Device/ST/STM32F1xx/Include -I../Drivers/CMSIS/Include -I"C:/Users/chris/STM32CubeIDE/workspace_1.13.2/PdM_repositorio/PCSE_driver_LCD/Drivers/API/Inc" -I"C:/Users/chris/STM32CubeIDE/workspace_1.13.2/PdM_repositorio/PCSE_driver_LCD/Drivers/API/Src" -O0 -ffunction-sections -fdata-sections -Wall -fstack-usage -fcyclomatic-complexity -MMD -MP -MF"Drivers/API/Src/API_lcd_i2c.d" -MT"Drivers/API/Src/API_lcd_i2c.o" --specs=nano.specs -mfloat-abi=soft -mthumb -o "Drivers/API/Src/API_lcd_i2c.o"
../Drivers/API/Src/API_lcd_i2c.c: In function 'control_backlight':
../Drivers/API/Src/API_lcd_i2c.c:89:59: warning: passing argument 3 of 'HAL_I2C_Master_Transmit' makes pointer from integer without a cast [-Wint-conversion]
   89 |         HAL_I2C_Master_Transmit(&i2cHandle, slaveAddress, cmd, 1, 100);
      |                                                           ^~~
      |                                                           |
      |                                                           uint8_t {aka unsigned char}
In file included from ../Core/Inc/stm32f1xx_hal_conf.h:298,
                 from ../Drivers/STM32F1xx_HAL_Driver/Inc/stm32f1xx_hal.h:29,
                 from C:/Users/chris/STM32CubeIDE/workspace_1.13.2/PdM_repositorio/PCSE_driver_LCD/Drivers/API/Inc/API_lcd_i2c.h:18,
                 from ../Drivers/API/Src/API_lcd_i2c.c:8:
../Drivers/STM32F1xx_HAL_Driver/Inc/stm32f1xx_hal_i2c.h:563:98: note: expected 'uint8_t *' {aka 'unsigned char *'} but argument is of type 'uint8_t' {aka 'unsigned char'}
  563 | HAL_StatusTypeDef HAL_I2C_Master_Transmit(I2C_HandleTypeDef *hi2c, uint16_t DevAddress, uint8_t *pData, uint16_t Size, uint32_t Timeout);
      |                                                                                         ~~~~~~~~~^~~~~
arm-none-eabi-gcc -o "PCSE_driver_LCD.elf" @"objects.list"   -mcpu=cortex-m3 -T"C:\Users\chris\STM32CubeIDE\workspace_1.13.2\PdM_repositorio\PCSE_driver_LCD\STM32F103RBTX_FLASH.ld" --specs=nosys.specs -Wl,-Map="PCSE_driver_LCD.map" -Wl,--gc-sections -static --specs=nano.specs -mfloat-abi=soft -mthumb -Wl,--start-group -lc -lm -Wl,--end-group
Finished building target: PCSE_driver_LCD.elf
 
arm-none-eabi-size   PCSE_driver_LCD.elf 
arm-none-eabi-objdump -h -S  PCSE_driver_LCD.elf  > "PCSE_driver_LCD.list"
   text	   data	    bss	    dec	    hex	filename
   9168	     20	   1812	  11000	   2af8	PCSE_driver_LCD.elf
Finished building: default.size.stdout
 
Finished building: PCSE_driver_LCD.list
 
22:26:16 **** Incremental Build of configuration Debug for project PCSE_driver_LCD ****
make -j12 all 
arm-none-eabi-gcc "../Drivers/API/Src/API_lcd_i2c.c" -mcpu=cortex-m3 -std=gnu11 -g3 -DDEBUG -DUSE_HAL_DRIVER -DSTM32F103xB -c -I../Core/Inc -I../Drivers/STM32F1xx_HAL_Driver/Inc -I../Drivers/STM32F1xx_HAL_Driver/Inc/Legacy -I../Drivers/CMSIS/Device/ST/STM32F1xx/Include -I../Drivers/CMSIS/Include -I"C:/Users/chris/STM32CubeIDE/workspace_1.13.2/PdM_repositorio/PCSE_driver_LCD/Drivers/API/Inc" -I"C:/Users/chris/STM32CubeIDE/workspace_1.13.2/PdM_repositorio/PCSE_driver_LCD/Drivers/API/Src" -O0 -ffunction-sections -fdata-sections -Wall -fstack-usage -fcyclomatic-complexity -MMD -MP -MF"Drivers/API/Src/API_lcd_i2c.d" -MT"Drivers/API/Src/API_lcd_i2c.o" --specs=nano.specs -mfloat-abi=soft -mthumb -o "Drivers/API/Src/API_lcd_i2c.o"
arm-none-eabi-gcc "../Core/Src/main.c" -mcpu=cortex-m3 -std=gnu11 -g3 -DDEBUG -DUSE_HAL_DRIVER -DSTM32F103xB -c -I../Core/Inc -I../Drivers/STM32F1xx_HAL_Driver/Inc -I../Drivers/STM32F1xx_HAL_Driver/Inc/Legacy -I../Drivers/CMSIS/Device/ST/STM32F1xx/Include -I../Drivers/CMSIS/Include -I"C:/Users/chris/STM32CubeIDE/workspace_1.13.2/PdM_repositorio/PCSE_driver_LCD/Drivers/API/Inc" -I"C:/Users/chris/STM32CubeIDE/workspace_1.13.2/PdM_repositorio/PCSE_driver_LCD/Drivers/API/Src" -O0 -ffunction-sections -fdata-sections -Wall -fstack-usage -fcyclomatic-complexity -MMD -MP -MF"Core/Src/main.d" -MT"Core/Src/main.o" --specs=nano.specs -mfloat-abi=soft -mthumb -o "Core/Src/main.o"
../Drivers/API/Src/API_lcd_i2c.c: In function 'control_backlight':
../Drivers/API/Src/API_lcd_i2c.c:89:59: warning: passing argument 3 of 'HAL_I2C_Master_Transmit' makes pointer from integer without a cast [-Wint-conversion]
   89 |         HAL_I2C_Master_Transmit(&i2cHandle, slaveAddress, cmd, 1, 100);
      |                                                           ^~~
      |                                                           |
      |                                                           uint8_t {aka unsigned char}
In file included from ../Core/Inc/stm32f1xx_hal_conf.h:298,
                 from ../Drivers/STM32F1xx_HAL_Driver/Inc/stm32f1xx_hal.h:29,
                 from C:/Users/chris/STM32CubeIDE/workspace_1.13.2/PdM_repositorio/PCSE_driver_LCD/Drivers/API/Inc/API_lcd_i2c.h:18,
                 from ../Drivers/API/Src/API_lcd_i2c.c:8:
../Drivers/STM32F1xx_HAL_Driver/Inc/stm32f1xx_hal_i2c.h:563:98: note: expected 'uint8_t *' {aka 'unsigned char *'} but argument is of type 'uint8_t' {aka 'unsigned char'}
  563 | HAL_StatusTypeDef HAL_I2C_Master_Transmit(I2C_HandleTypeDef *hi2c, uint16_t DevAddress, uint8_t *pData, uint16_t Size, uint32_t Timeout);
      |                                                                                         ~~~~~~~~~^~~~~
../Core/Src/main.c: In function 'main':
../Core/Src/main.c:202:3: warning: implicit declaration of function 'i2c_linker' [-Wimplicit-function-declaration]
  202 |   i2c_linker(&hi2c1);
      |   ^~~~~~~~~~
../Core/Src/main.c:203:3: warning: implicit declaration of function 'lcd_init' [-Wimplicit-function-declaration]
  203 |   lcd_init();
      |   ^~~~~~~~
../Core/Src/main.c:214:3: warning: implicit declaration of function 'lcd_clear' [-Wimplicit-function-declaration]
  214 |   lcd_clear();
      |   ^~~~~~~~~
../Core/Src/main.c:216:3: warning: implicit declaration of function 'lcd_print_text' [-Wimplicit-function-declaration]
  216 |   lcd_print_text(text0, sizeof(text0));
      |   ^~~~~~~~~~~~~~
../Core/Src/main.c:220:3: warning: implicit declaration of function 'return_home' [-Wimplicit-function-declaration]
  220 |   return_home();
      |   ^~~~~~~~~~~
../Core/Src/main.c:222:3: warning: implicit declaration of function 'lcd_set_position' [-Wimplicit-function-declaration]
  222 |   lcd_set_position(2, 1);
      |   ^~~~~~~~~~~~~~~~
arm-none-eabi-gcc -o "PCSE_driver_LCD.elf" @"objects.list"   -mcpu=cortex-m3 -T"C:\Users\chris\STM32CubeIDE\workspace_1.13.2\PdM_repositorio\PCSE_driver_LCD\STM32F103RBTX_FLASH.ld" --specs=nosys.specs -Wl,-Map="PCSE_driver_LCD.map" -Wl,--gc-sections -static --specs=nano.specs -mfloat-abi=soft -mthumb -Wl,--start-group -lc -lm -Wl,--end-group
Finished building target: PCSE_driver_LCD.elf
 
arm-none-eabi-size   PCSE_driver_LCD.elf 
arm-none-eabi-objdump -h -S  PCSE_driver_LCD.elf  > "PCSE_driver_LCD.list"
   text	   data	    bss	    dec	    hex	filename
   9088	     20	   1812	  10920	   2aa8	PCSE_driver_LCD.elf
Finished building: default.size.stdout
 
Finished building: PCSE_driver_LCD.list
 
22:35:29 **** Incremental Build of configuration Debug for project PCSE_driver_LCD ****
make -j12 all 
arm-none-eabi-gcc "../Drivers/API/Src/API_lcd_i2c.c" -mcpu=cortex-m3 -std=gnu11 -g3 -DDEBUG -DUSE_HAL_DRIVER -DSTM32F103xB -c -I../Core/Inc -I../Drivers/STM32F1xx_HAL_Driver/Inc -I../Drivers/STM32F1xx_HAL_Driver/Inc/Legacy -I../Drivers/CMSIS/Device/ST/STM32F1xx/Include -I../Drivers/CMSIS/Include -I"C:/Users/chris/STM32CubeIDE/workspace_1.13.2/PdM_repositorio/PCSE_driver_LCD/Drivers/API/Inc" -I"C:/Users/chris/STM32CubeIDE/workspace_1.13.2/PdM_repositorio/PCSE_driver_LCD/Drivers/API/Src" -O0 -ffunction-sections -fdata-sections -Wall -fstack-usage -fcyclomatic-complexity -MMD -MP -MF"Drivers/API/Src/API_lcd_i2c.d" -MT"Drivers/API/Src/API_lcd_i2c.o" --specs=nano.specs -mfloat-abi=soft -mthumb -o "Drivers/API/Src/API_lcd_i2c.o"
../Drivers/API/Src/API_lcd_i2c.c: In function 'control_backlight':
../Drivers/API/Src/API_lcd_i2c.c:89:59: warning: passing argument 3 of 'HAL_I2C_Master_Transmit' makes pointer from integer without a cast [-Wint-conversion]
   89 |         HAL_I2C_Master_Transmit(&i2cHandle, slaveAddress, cmd, 1, 100);
      |                                                           ^~~
      |                                                           |
      |                                                           uint8_t {aka unsigned char}
In file included from ../Core/Inc/stm32f1xx_hal_conf.h:298,
                 from ../Drivers/STM32F1xx_HAL_Driver/Inc/stm32f1xx_hal.h:29,
                 from C:/Users/chris/STM32CubeIDE/workspace_1.13.2/PdM_repositorio/PCSE_driver_LCD/Drivers/API/Inc/API_lcd_i2c.h:18,
                 from ../Drivers/API/Src/API_lcd_i2c.c:8:
../Drivers/STM32F1xx_HAL_Driver/Inc/stm32f1xx_hal_i2c.h:563:98: note: expected 'uint8_t *' {aka 'unsigned char *'} but argument is of type 'uint8_t' {aka 'unsigned char'}
  563 | HAL_StatusTypeDef HAL_I2C_Master_Transmit(I2C_HandleTypeDef *hi2c, uint16_t DevAddress, uint8_t *pData, uint16_t Size, uint32_t Timeout);
      |                                                                                         ~~~~~~~~~^~~~~
arm-none-eabi-gcc -o "PCSE_driver_LCD.elf" @"objects.list"   -mcpu=cortex-m3 -T"C:\Users\chris\STM32CubeIDE\workspace_1.13.2\PdM_repositorio\PCSE_driver_LCD\STM32F103RBTX_FLASH.ld" --specs=nosys.specs -Wl,-Map="PCSE_driver_LCD.map" -Wl,--gc-sections -static --specs=nano.specs -mfloat-abi=soft -mthumb -Wl,--start-group -lc -lm -Wl,--end-group
Finished building target: PCSE_driver_LCD.elf
 
arm-none-eabi-size   PCSE_driver_LCD.elf 
arm-none-eabi-objdump -h -S  PCSE_driver_LCD.elf  > "PCSE_driver_LCD.list"
   text	   data	    bss	    dec	    hex	filename
   9096	     20	   1812	  10928	   2ab0	PCSE_driver_LCD.elf
Finished building: default.size.stdout
 
Finished building: PCSE_driver_LCD.list
 
22:37:24 **** Incremental Build of configuration Debug for project PCSE_driver_LCD ****
make -j12 all 
arm-none-eabi-gcc "../Drivers/API/Src/API_lcd_i2c.c" -mcpu=cortex-m3 -std=gnu11 -g3 -DDEBUG -DUSE_HAL_DRIVER -DSTM32F103xB -c -I../Core/Inc -I../Drivers/STM32F1xx_HAL_Driver/Inc -I../Drivers/STM32F1xx_HAL_Driver/Inc/Legacy -I../Drivers/CMSIS/Device/ST/STM32F1xx/Include -I../Drivers/CMSIS/Include -I"C:/Users/chris/STM32CubeIDE/workspace_1.13.2/PdM_repositorio/PCSE_driver_LCD/Drivers/API/Inc" -I"C:/Users/chris/STM32CubeIDE/workspace_1.13.2/PdM_repositorio/PCSE_driver_LCD/Drivers/API/Src" -O0 -ffunction-sections -fdata-sections -Wall -fstack-usage -fcyclomatic-complexity -MMD -MP -MF"Drivers/API/Src/API_lcd_i2c.d" -MT"Drivers/API/Src/API_lcd_i2c.o" --specs=nano.specs -mfloat-abi=soft -mthumb -o "Drivers/API/Src/API_lcd_i2c.o"
arm-none-eabi-gcc "../Core/Src/main.c" -mcpu=cortex-m3 -std=gnu11 -g3 -DDEBUG -DUSE_HAL_DRIVER -DSTM32F103xB -c -I../Core/Inc -I../Drivers/STM32F1xx_HAL_Driver/Inc -I../Drivers/STM32F1xx_HAL_Driver/Inc/Legacy -I../Drivers/CMSIS/Device/ST/STM32F1xx/Include -I../Drivers/CMSIS/Include -I"C:/Users/chris/STM32CubeIDE/workspace_1.13.2/PdM_repositorio/PCSE_driver_LCD/Drivers/API/Inc" -I"C:/Users/chris/STM32CubeIDE/workspace_1.13.2/PdM_repositorio/PCSE_driver_LCD/Drivers/API/Src" -O0 -ffunction-sections -fdata-sections -Wall -fstack-usage -fcyclomatic-complexity -MMD -MP -MF"Core/Src/main.d" -MT"Core/Src/main.o" --specs=nano.specs -mfloat-abi=soft -mthumb -o "Core/Src/main.o"
../Drivers/API/Src/API_lcd_i2c.c: In function 'control_backlight':
../Drivers/API/Src/API_lcd_i2c.c:89:59: warning: passing argument 3 of 'HAL_I2C_Master_Transmit' makes pointer from integer without a cast [-Wint-conversion]
   89 |         HAL_I2C_Master_Transmit(&i2cHandle, slaveAddress, cmd, 1, 100);
      |                                                           ^~~
      |                                                           |
      |                                                           uint8_t {aka unsigned char}
In file included from ../Core/Inc/stm32f1xx_hal_conf.h:298,
                 from ../Drivers/STM32F1xx_HAL_Driver/Inc/stm32f1xx_hal.h:29,
                 from C:/Users/chris/STM32CubeIDE/workspace_1.13.2/PdM_repositorio/PCSE_driver_LCD/Drivers/API/Inc/API_lcd_i2c.h:18,
                 from ../Drivers/API/Src/API_lcd_i2c.c:8:
../Drivers/STM32F1xx_HAL_Driver/Inc/stm32f1xx_hal_i2c.h:563:98: note: expected 'uint8_t *' {aka 'unsigned char *'} but argument is of type 'uint8_t' {aka 'unsigned char'}
  563 | HAL_StatusTypeDef HAL_I2C_Master_Transmit(I2C_HandleTypeDef *hi2c, uint16_t DevAddress, uint8_t *pData, uint16_t Size, uint32_t Timeout);
      |                                                                                         ~~~~~~~~~^~~~~
../Core/Src/main.c: In function 'main':
../Core/Src/main.c:202:3: warning: implicit declaration of function 'i2c_linker' [-Wimplicit-function-declaration]
  202 |   i2c_linker(&hi2c1);
      |   ^~~~~~~~~~
../Core/Src/main.c:203:3: warning: implicit declaration of function 'lcd_init' [-Wimplicit-function-declaration]
  203 |   lcd_init();
      |   ^~~~~~~~
../Core/Src/main.c:214:3: warning: implicit declaration of function 'lcd_clear' [-Wimplicit-function-declaration]
  214 |   lcd_clear();
      |   ^~~~~~~~~
../Core/Src/main.c:216:3: warning: implicit declaration of function 'lcd_print_text' [-Wimplicit-function-declaration]
  216 |   lcd_print_text(text0, sizeof(text0));
      |   ^~~~~~~~~~~~~~
../Core/Src/main.c:221:3: warning: implicit declaration of function 'return_home' [-Wimplicit-function-declaration]
  221 |   return_home();
      |   ^~~~~~~~~~~
../Core/Src/main.c:223:3: warning: implicit declaration of function 'lcd_set_position' [-Wimplicit-function-declaration]
  223 |   lcd_set_position(2, 1);
      |   ^~~~~~~~~~~~~~~~
../Core/Src/main.c:225:3: warning: implicit declaration of function 'lcd_send_byte' [-Wimplicit-function-declaration]
  225 |   lcd_send_byte(0x1C, RS_INSTRUCTION, RW_WRITE);
      |   ^~~~~~~~~~~~~
../Core/Src/main.c:225:23: error: 'RS_INSTRUCTION' undeclared (first use in this function)
  225 |   lcd_send_byte(0x1C, RS_INSTRUCTION, RW_WRITE);
      |                       ^~~~~~~~~~~~~~
../Core/Src/main.c:225:23: note: each undeclared identifier is reported only once for each function it appears in
../Core/Src/main.c:225:39: error: 'RW_WRITE' undeclared (first use in this function)
  225 |   lcd_send_byte(0x1C, RS_INSTRUCTION, RW_WRITE);
      |                                       ^~~~~~~~
make: *** [Core/Src/subdir.mk:34: Core/Src/main.o] Error 1
make: *** Waiting for unfinished jobs....
"make -j12 all" terminated with exit code 2. Build might be incomplete.
22:37:52 **** Incremental Build of configuration Debug for project PCSE_driver_LCD ****
make -j12 all 
arm-none-eabi-gcc "../Core/Src/main.c" -mcpu=cortex-m3 -std=gnu11 -g3 -DDEBUG -DUSE_HAL_DRIVER -DSTM32F103xB -c -I../Core/Inc -I../Drivers/STM32F1xx_HAL_Driver/Inc -I../Drivers/STM32F1xx_HAL_Driver/Inc/Legacy -I../Drivers/CMSIS/Device/ST/STM32F1xx/Include -I../Drivers/CMSIS/Include -I"C:/Users/chris/STM32CubeIDE/workspace_1.13.2/PdM_repositorio/PCSE_driver_LCD/Drivers/API/Inc" -I"C:/Users/chris/STM32CubeIDE/workspace_1.13.2/PdM_repositorio/PCSE_driver_LCD/Drivers/API/Src" -O0 -ffunction-sections -fdata-sections -Wall -fstack-usage -fcyclomatic-complexity -MMD -MP -MF"Core/Src/main.d" -MT"Core/Src/main.o" --specs=nano.specs -mfloat-abi=soft -mthumb -o "Core/Src/main.o"
../Core/Src/main.c: In function 'main':
../Core/Src/main.c:202:3: warning: implicit declaration of function 'i2c_linker' [-Wimplicit-function-declaration]
  202 |   i2c_linker(&hi2c1);
      |   ^~~~~~~~~~
../Core/Src/main.c:203:3: warning: implicit declaration of function 'lcd_init' [-Wimplicit-function-declaration]
  203 |   lcd_init();
      |   ^~~~~~~~
../Core/Src/main.c:214:3: warning: implicit declaration of function 'lcd_clear' [-Wimplicit-function-declaration]
  214 |   lcd_clear();
      |   ^~~~~~~~~
../Core/Src/main.c:216:3: warning: implicit declaration of function 'lcd_print_text' [-Wimplicit-function-declaration]
  216 |   lcd_print_text(text0, sizeof(text0));
      |   ^~~~~~~~~~~~~~
../Core/Src/main.c:221:3: warning: implicit declaration of function 'return_home' [-Wimplicit-function-declaration]
  221 |   return_home();
      |   ^~~~~~~~~~~
../Core/Src/main.c:223:3: warning: implicit declaration of function 'lcd_set_position' [-Wimplicit-function-declaration]
  223 |   lcd_set_position(2, 1);
      |   ^~~~~~~~~~~~~~~~
../Core/Src/main.c:225:3: warning: implicit declaration of function 'lcd_send_byte' [-Wimplicit-function-declaration]
  225 |   lcd_send_byte(0x1C, 0, 0);
      |   ^~~~~~~~~~~~~
arm-none-eabi-gcc -o "PCSE_driver_LCD.elf" @"objects.list"   -mcpu=cortex-m3 -T"C:\Users\chris\STM32CubeIDE\workspace_1.13.2\PdM_repositorio\PCSE_driver_LCD\STM32F103RBTX_FLASH.ld" --specs=nosys.specs -Wl,-Map="PCSE_driver_LCD.map" -Wl,--gc-sections -static --specs=nano.specs -mfloat-abi=soft -mthumb -Wl,--start-group -lc -lm -Wl,--end-group
Finished building target: PCSE_driver_LCD.elf
 
arm-none-eabi-size   PCSE_driver_LCD.elf 
arm-none-eabi-objdump -h -S  PCSE_driver_LCD.elf  > "PCSE_driver_LCD.list"
   text	   data	    bss	    dec	    hex	filename
   9100	     20	   1812	  10932	   2ab4	PCSE_driver_LCD.elf
Finished building: default.size.stdout
 
Finished building: PCSE_driver_LCD.list
 
22:38:43 **** Incremental Build of configuration Debug for project PCSE_driver_LCD ****
make -j12 all 
arm-none-eabi-gcc "../Core/Src/main.c" -mcpu=cortex-m3 -std=gnu11 -g3 -DDEBUG -DUSE_HAL_DRIVER -DSTM32F103xB -c -I../Core/Inc -I../Drivers/STM32F1xx_HAL_Driver/Inc -I../Drivers/STM32F1xx_HAL_Driver/Inc/Legacy -I../Drivers/CMSIS/Device/ST/STM32F1xx/Include -I../Drivers/CMSIS/Include -I"C:/Users/chris/STM32CubeIDE/workspace_1.13.2/PdM_repositorio/PCSE_driver_LCD/Drivers/API/Inc" -I"C:/Users/chris/STM32CubeIDE/workspace_1.13.2/PdM_repositorio/PCSE_driver_LCD/Drivers/API/Src" -O0 -ffunction-sections -fdata-sections -Wall -fstack-usage -fcyclomatic-complexity -MMD -MP -MF"Core/Src/main.d" -MT"Core/Src/main.o" --specs=nano.specs -mfloat-abi=soft -mthumb -o "Core/Src/main.o"
../Core/Src/main.c: In function 'main':
../Core/Src/main.c:202:3: warning: implicit declaration of function 'i2c_linker' [-Wimplicit-function-declaration]
  202 |   i2c_linker(&hi2c1);
      |   ^~~~~~~~~~
../Core/Src/main.c:203:3: warning: implicit declaration of function 'lcd_init' [-Wimplicit-function-declaration]
  203 |   lcd_init();
      |   ^~~~~~~~
../Core/Src/main.c:214:3: warning: implicit declaration of function 'lcd_clear' [-Wimplicit-function-declaration]
  214 |   lcd_clear();
      |   ^~~~~~~~~
../Core/Src/main.c:216:3: warning: implicit declaration of function 'lcd_print_text' [-Wimplicit-function-declaration]
  216 |   lcd_print_text(text0, sizeof(text0));
      |   ^~~~~~~~~~~~~~
../Core/Src/main.c:221:3: warning: implicit declaration of function 'return_home' [-Wimplicit-function-declaration]
  221 |   return_home();
      |   ^~~~~~~~~~~
../Core/Src/main.c:223:3: warning: implicit declaration of function 'lcd_set_position' [-Wimplicit-function-declaration]
  223 |   lcd_set_position(2, 1);
      |   ^~~~~~~~~~~~~~~~
../Core/Src/main.c:238:11: warning: implicit declaration of function 'lcd_send_byte' [-Wimplicit-function-declaration]
  238 |           lcd_send_byte(0x1C, 0, 0); // shift display to the right
      |           ^~~~~~~~~~~~~
arm-none-eabi-gcc -o "PCSE_driver_LCD.elf" @"objects.list"   -mcpu=cortex-m3 -T"C:\Users\chris\STM32CubeIDE\workspace_1.13.2\PdM_repositorio\PCSE_driver_LCD\STM32F103RBTX_FLASH.ld" --specs=nosys.specs -Wl,-Map="PCSE_driver_LCD.map" -Wl,--gc-sections -static --specs=nano.specs -mfloat-abi=soft -mthumb -Wl,--start-group -lc -lm -Wl,--end-group
Finished building target: PCSE_driver_LCD.elf
 
arm-none-eabi-size   PCSE_driver_LCD.elf 
arm-none-eabi-objdump -h -S  PCSE_driver_LCD.elf  > "PCSE_driver_LCD.list"
   text	   data	    bss	    dec	    hex	filename
   9100	     20	   1812	  10932	   2ab4	PCSE_driver_LCD.elf
Finished building: default.size.stdout
 
Finished building: PCSE_driver_LCD.list
 
22:53:33 **** Incremental Build of configuration Debug for project PCSE_driver_LCD ****
make -j12 all 
arm-none-eabi-gcc "../Drivers/API/Src/API_lcd_i2c.c" -mcpu=cortex-m3 -std=gnu11 -g3 -DDEBUG -DUSE_HAL_DRIVER -DSTM32F103xB -c -I../Core/Inc -I../Drivers/STM32F1xx_HAL_Driver/Inc -I../Drivers/STM32F1xx_HAL_Driver/Inc/Legacy -I../Drivers/CMSIS/Device/ST/STM32F1xx/Include -I../Drivers/CMSIS/Include -I"C:/Users/chris/STM32CubeIDE/workspace_1.13.2/PdM_repositorio/PCSE_driver_LCD/Drivers/API/Inc" -I"C:/Users/chris/STM32CubeIDE/workspace_1.13.2/PdM_repositorio/PCSE_driver_LCD/Drivers/API/Src" -O0 -ffunction-sections -fdata-sections -Wall -fstack-usage -fcyclomatic-complexity -MMD -MP -MF"Drivers/API/Src/API_lcd_i2c.d" -MT"Drivers/API/Src/API_lcd_i2c.o" --specs=nano.specs -mfloat-abi=soft -mthumb -o "Drivers/API/Src/API_lcd_i2c.o"
arm-none-eabi-gcc "../Core/Src/main.c" -mcpu=cortex-m3 -std=gnu11 -g3 -DDEBUG -DUSE_HAL_DRIVER -DSTM32F103xB -c -I../Core/Inc -I../Drivers/STM32F1xx_HAL_Driver/Inc -I../Drivers/STM32F1xx_HAL_Driver/Inc/Legacy -I../Drivers/CMSIS/Device/ST/STM32F1xx/Include -I../Drivers/CMSIS/Include -I"C:/Users/chris/STM32CubeIDE/workspace_1.13.2/PdM_repositorio/PCSE_driver_LCD/Drivers/API/Inc" -I"C:/Users/chris/STM32CubeIDE/workspace_1.13.2/PdM_repositorio/PCSE_driver_LCD/Drivers/API/Src" -O0 -ffunction-sections -fdata-sections -Wall -fstack-usage -fcyclomatic-complexity -MMD -MP -MF"Core/Src/main.d" -MT"Core/Src/main.o" --specs=nano.specs -mfloat-abi=soft -mthumb -o "Core/Src/main.o"
../Drivers/API/Src/API_lcd_i2c.c: In function 'control_backlight':
../Drivers/API/Src/API_lcd_i2c.c:89:59: warning: passing argument 3 of 'HAL_I2C_Master_Transmit' makes pointer from integer without a cast [-Wint-conversion]
   89 |         HAL_I2C_Master_Transmit(&i2cHandle, slaveAddress, cmd, 1, 100);
      |                                                           ^~~
      |                                                           |
      |                                                           uint8_t {aka unsigned char}
In file included from ../Core/Inc/stm32f1xx_hal_conf.h:298,
                 from ../Drivers/STM32F1xx_HAL_Driver/Inc/stm32f1xx_hal.h:29,
                 from C:/Users/chris/STM32CubeIDE/workspace_1.13.2/PdM_repositorio/PCSE_driver_LCD/Drivers/API/Inc/API_lcd_i2c.h:18,
                 from ../Drivers/API/Src/API_lcd_i2c.c:8:
../Drivers/STM32F1xx_HAL_Driver/Inc/stm32f1xx_hal_i2c.h:563:98: note: expected 'uint8_t *' {aka 'unsigned char *'} but argument is of type 'uint8_t' {aka 'unsigned char'}
  563 | HAL_StatusTypeDef HAL_I2C_Master_Transmit(I2C_HandleTypeDef *hi2c, uint16_t DevAddress, uint8_t *pData, uint16_t Size, uint32_t Timeout);
      |                                                                                         ~~~~~~~~~^~~~~
../Drivers/API/Src/API_lcd_i2c.c: In function 'shift_display':
../Drivers/API/Src/API_lcd_i2c.c:93:17: warning: unused variable 'cmd' [-Wunused-variable]
   93 |         uint8_t cmd = ((direction<<SHIFT_DIRECTION_POS)|(shiftType<<CURSOR_DISPLAY_SHIFT_POS));
      |                 ^~~
arm-none-eabi-gcc -o "PCSE_driver_LCD.elf" @"objects.list"   -mcpu=cortex-m3 -T"C:\Users\chris\STM32CubeIDE\workspace_1.13.2\PdM_repositorio\PCSE_driver_LCD\STM32F103RBTX_FLASH.ld" --specs=nosys.specs -Wl,-Map="PCSE_driver_LCD.map" -Wl,--gc-sections -static --specs=nano.specs -mfloat-abi=soft -mthumb -Wl,--start-group -lc -lm -Wl,--end-group
C:/ST/STM32CubeIDE_1.13.2/STM32CubeIDE/plugins/com.st.stm32cube.ide.mcu.externaltools.gnu-tools-for-stm32.11.3.rel1.win32_1.1.1.202309131626/tools/bin/../lib/gcc/arm-none-eabi/11.3.1/../../../../arm-none-eabi/bin/ld.exe: ./Drivers/API/Src/API_lcd_i2c.o:C:/Users/chris/STM32CubeIDE/workspace_1.13.2/PdM_repositorio/PCSE_driver_LCD/Drivers/API/Inc/API_lcd_i2c.h:109: multiple definition of `ddram_address_16x2'; ./Core/Src/main.o:C:/Users/chris/STM32CubeIDE/workspace_1.13.2/PdM_repositorio/PCSE_driver_LCD/Drivers/API/Inc/API_lcd_i2c.h:109: first defined here
collect2.exe: error: ld returned 1 exit status
make: *** [makefile:65: PCSE_driver_LCD.elf] Error 1
"make -j12 all" terminated with exit code 2. Build might be incomplete.
22:54:16 **** Incremental Build of configuration Debug for project PCSE_driver_LCD ****
make -j12 all 
arm-none-eabi-gcc "../Core/Src/main.c" -mcpu=cortex-m3 -std=gnu11 -g3 -DDEBUG -DUSE_HAL_DRIVER -DSTM32F103xB -c -I../Core/Inc -I../Drivers/STM32F1xx_HAL_Driver/Inc -I../Drivers/STM32F1xx_HAL_Driver/Inc/Legacy -I../Drivers/CMSIS/Device/ST/STM32F1xx/Include -I../Drivers/CMSIS/Include -I"C:/Users/chris/STM32CubeIDE/workspace_1.13.2/PdM_repositorio/PCSE_driver_LCD/Drivers/API/Inc" -I"C:/Users/chris/STM32CubeIDE/workspace_1.13.2/PdM_repositorio/PCSE_driver_LCD/Drivers/API/Src" -O0 -ffunction-sections -fdata-sections -Wall -fstack-usage -fcyclomatic-complexity -MMD -MP -MF"Core/Src/main.d" -MT"Core/Src/main.o" --specs=nano.specs -mfloat-abi=soft -mthumb -o "Core/Src/main.o"
arm-none-eabi-gcc -o "PCSE_driver_LCD.elf" @"objects.list"   -mcpu=cortex-m3 -T"C:\Users\chris\STM32CubeIDE\workspace_1.13.2\PdM_repositorio\PCSE_driver_LCD\STM32F103RBTX_FLASH.ld" --specs=nosys.specs -Wl,-Map="PCSE_driver_LCD.map" -Wl,--gc-sections -static --specs=nano.specs -mfloat-abi=soft -mthumb -Wl,--start-group -lc -lm -Wl,--end-group
C:/ST/STM32CubeIDE_1.13.2/STM32CubeIDE/plugins/com.st.stm32cube.ide.mcu.externaltools.gnu-tools-for-stm32.11.3.rel1.win32_1.1.1.202309131626/tools/bin/../lib/gcc/arm-none-eabi/11.3.1/../../../../arm-none-eabi/bin/ld.exe: ./Drivers/API/Src/API_lcd_i2c.o:C:/Users/chris/STM32CubeIDE/workspace_1.13.2/PdM_repositorio/PCSE_driver_LCD/Drivers/API/Inc/API_lcd_i2c.h:109: multiple definition of `ddram_address_16x2'; ./Core/Src/main.o:C:/Users/chris/STM32CubeIDE/workspace_1.13.2/PdM_repositorio/PCSE_driver_LCD/Drivers/API/Inc/API_lcd_i2c.h:109: first defined here
collect2.exe: error: ld returned 1 exit status
make: *** [makefile:65: PCSE_driver_LCD.elf] Error 1
"make -j12 all" terminated with exit code 2. Build might be incomplete.
22:58:29 **** Incremental Build of configuration Debug for project PCSE_driver_LCD ****
make -j12 all 
arm-none-eabi-gcc "../Drivers/API/Src/API_lcd_i2c.c" -mcpu=cortex-m3 -std=gnu11 -g3 -DDEBUG -DUSE_HAL_DRIVER -DSTM32F103xB -c -I../Core/Inc -I../Drivers/STM32F1xx_HAL_Driver/Inc -I../Drivers/STM32F1xx_HAL_Driver/Inc/Legacy -I../Drivers/CMSIS/Device/ST/STM32F1xx/Include -I../Drivers/CMSIS/Include -I"C:/Users/chris/STM32CubeIDE/workspace_1.13.2/PdM_repositorio/PCSE_driver_LCD/Drivers/API/Inc" -I"C:/Users/chris/STM32CubeIDE/workspace_1.13.2/PdM_repositorio/PCSE_driver_LCD/Drivers/API/Src" -O0 -ffunction-sections -fdata-sections -Wall -fstack-usage -fcyclomatic-complexity -MMD -MP -MF"Drivers/API/Src/API_lcd_i2c.d" -MT"Drivers/API/Src/API_lcd_i2c.o" --specs=nano.specs -mfloat-abi=soft -mthumb -o "Drivers/API/Src/API_lcd_i2c.o"
arm-none-eabi-gcc "../Core/Src/main.c" -mcpu=cortex-m3 -std=gnu11 -g3 -DDEBUG -DUSE_HAL_DRIVER -DSTM32F103xB -c -I../Core/Inc -I../Drivers/STM32F1xx_HAL_Driver/Inc -I../Drivers/STM32F1xx_HAL_Driver/Inc/Legacy -I../Drivers/CMSIS/Device/ST/STM32F1xx/Include -I../Drivers/CMSIS/Include -I"C:/Users/chris/STM32CubeIDE/workspace_1.13.2/PdM_repositorio/PCSE_driver_LCD/Drivers/API/Inc" -I"C:/Users/chris/STM32CubeIDE/workspace_1.13.2/PdM_repositorio/PCSE_driver_LCD/Drivers/API/Src" -O0 -ffunction-sections -fdata-sections -Wall -fstack-usage -fcyclomatic-complexity -MMD -MP -MF"Core/Src/main.d" -MT"Core/Src/main.o" --specs=nano.specs -mfloat-abi=soft -mthumb -o "Core/Src/main.o"
../Drivers/API/Src/API_lcd_i2c.c: In function 'control_backlight':
../Drivers/API/Src/API_lcd_i2c.c:89:59: warning: passing argument 3 of 'HAL_I2C_Master_Transmit' makes pointer from integer without a cast [-Wint-conversion]
   89 |         HAL_I2C_Master_Transmit(&i2cHandle, slaveAddress, cmd, 1, 100);
      |                                                           ^~~
      |                                                           |
      |                                                           uint8_t {aka unsigned char}
In file included from ../Core/Inc/stm32f1xx_hal_conf.h:298,
                 from ../Drivers/STM32F1xx_HAL_Driver/Inc/stm32f1xx_hal.h:29,
                 from C:/Users/chris/STM32CubeIDE/workspace_1.13.2/PdM_repositorio/PCSE_driver_LCD/Drivers/API/Inc/API_lcd_i2c.h:18,
                 from ../Drivers/API/Src/API_lcd_i2c.c:8:
../Drivers/STM32F1xx_HAL_Driver/Inc/stm32f1xx_hal_i2c.h:563:98: note: expected 'uint8_t *' {aka 'unsigned char *'} but argument is of type 'uint8_t' {aka 'unsigned char'}
  563 | HAL_StatusTypeDef HAL_I2C_Master_Transmit(I2C_HandleTypeDef *hi2c, uint16_t DevAddress, uint8_t *pData, uint16_t Size, uint32_t Timeout);
      |                                                                                         ~~~~~~~~~^~~~~
../Drivers/API/Src/API_lcd_i2c.c: In function 'shift_display':
../Drivers/API/Src/API_lcd_i2c.c:93:17: warning: unused variable 'cmd' [-Wunused-variable]
   93 |         uint8_t cmd = ((direction<<SHIFT_DIRECTION_POS)|(shiftType<<CURSOR_DISPLAY_SHIFT_POS));
      |                 ^~~
arm-none-eabi-gcc -o "PCSE_driver_LCD.elf" @"objects.list"   -mcpu=cortex-m3 -T"C:\Users\chris\STM32CubeIDE\workspace_1.13.2\PdM_repositorio\PCSE_driver_LCD\STM32F103RBTX_FLASH.ld" --specs=nosys.specs -Wl,-Map="PCSE_driver_LCD.map" -Wl,--gc-sections -static --specs=nano.specs -mfloat-abi=soft -mthumb -Wl,--start-group -lc -lm -Wl,--end-group
C:/ST/STM32CubeIDE_1.13.2/STM32CubeIDE/plugins/com.st.stm32cube.ide.mcu.externaltools.gnu-tools-for-stm32.11.3.rel1.win32_1.1.1.202309131626/tools/bin/../lib/gcc/arm-none-eabi/11.3.1/../../../../arm-none-eabi/bin/ld.exe: ./Drivers/API/Src/API_lcd_i2c.o:C:/Users/chris/STM32CubeIDE/workspace_1.13.2/PdM_repositorio/PCSE_driver_LCD/Drivers/API/Inc/API_lcd_i2c.h:109: multiple definition of `ddram_address_16x2'; ./Core/Src/main.o:C:/Users/chris/STM32CubeIDE/workspace_1.13.2/PdM_repositorio/PCSE_driver_LCD/Drivers/API/Inc/API_lcd_i2c.h:109: first defined here
collect2.exe: error: ld returned 1 exit status
make: *** [makefile:65: PCSE_driver_LCD.elf] Error 1
"make -j12 all" terminated with exit code 2. Build might be incomplete.
22:59:03 **** Incremental Build of configuration Debug for project PCSE_driver_LCD ****
make -j12 all 
arm-none-eabi-gcc "../Drivers/API/Src/API_lcd_i2c.c" -mcpu=cortex-m3 -std=gnu11 -g3 -DDEBUG -DUSE_HAL_DRIVER -DSTM32F103xB -c -I../Core/Inc -I../Drivers/STM32F1xx_HAL_Driver/Inc -I../Drivers/STM32F1xx_HAL_Driver/Inc/Legacy -I../Drivers/CMSIS/Device/ST/STM32F1xx/Include -I../Drivers/CMSIS/Include -I"C:/Users/chris/STM32CubeIDE/workspace_1.13.2/PdM_repositorio/PCSE_driver_LCD/Drivers/API/Inc" -I"C:/Users/chris/STM32CubeIDE/workspace_1.13.2/PdM_repositorio/PCSE_driver_LCD/Drivers/API/Src" -O0 -ffunction-sections -fdata-sections -Wall -fstack-usage -fcyclomatic-complexity -MMD -MP -MF"Drivers/API/Src/API_lcd_i2c.d" -MT"Drivers/API/Src/API_lcd_i2c.o" --specs=nano.specs -mfloat-abi=soft -mthumb -o "Drivers/API/Src/API_lcd_i2c.o"
arm-none-eabi-gcc "../Core/Src/main.c" -mcpu=cortex-m3 -std=gnu11 -g3 -DDEBUG -DUSE_HAL_DRIVER -DSTM32F103xB -c -I../Core/Inc -I../Drivers/STM32F1xx_HAL_Driver/Inc -I../Drivers/STM32F1xx_HAL_Driver/Inc/Legacy -I../Drivers/CMSIS/Device/ST/STM32F1xx/Include -I../Drivers/CMSIS/Include -I"C:/Users/chris/STM32CubeIDE/workspace_1.13.2/PdM_repositorio/PCSE_driver_LCD/Drivers/API/Inc" -I"C:/Users/chris/STM32CubeIDE/workspace_1.13.2/PdM_repositorio/PCSE_driver_LCD/Drivers/API/Src" -O0 -ffunction-sections -fdata-sections -Wall -fstack-usage -fcyclomatic-complexity -MMD -MP -MF"Core/Src/main.d" -MT"Core/Src/main.o" --specs=nano.specs -mfloat-abi=soft -mthumb -o "Core/Src/main.o"
../Drivers/API/Src/API_lcd_i2c.c: In function 'control_backlight':
../Drivers/API/Src/API_lcd_i2c.c:89:59: warning: passing argument 3 of 'HAL_I2C_Master_Transmit' makes pointer from integer without a cast [-Wint-conversion]
   89 |         HAL_I2C_Master_Transmit(&i2cHandle, slaveAddress, cmd, 1, 100);
      |                                                           ^~~
      |                                                           |
      |                                                           uint8_t {aka unsigned char}
In file included from ../Core/Inc/stm32f1xx_hal_conf.h:298,
                 from ../Drivers/STM32F1xx_HAL_Driver/Inc/stm32f1xx_hal.h:29,
                 from C:/Users/chris/STM32CubeIDE/workspace_1.13.2/PdM_repositorio/PCSE_driver_LCD/Drivers/API/Inc/API_lcd_i2c.h:18,
                 from ../Drivers/API/Src/API_lcd_i2c.c:8:
../Drivers/STM32F1xx_HAL_Driver/Inc/stm32f1xx_hal_i2c.h:563:98: note: expected 'uint8_t *' {aka 'unsigned char *'} but argument is of type 'uint8_t' {aka 'unsigned char'}
  563 | HAL_StatusTypeDef HAL_I2C_Master_Transmit(I2C_HandleTypeDef *hi2c, uint16_t DevAddress, uint8_t *pData, uint16_t Size, uint32_t Timeout);
      |                                                                                         ~~~~~~~~~^~~~~
../Drivers/API/Src/API_lcd_i2c.c: In function 'shift_display':
../Drivers/API/Src/API_lcd_i2c.c:93:17: warning: unused variable 'cmd' [-Wunused-variable]
   93 |         uint8_t cmd = ((direction<<SHIFT_DIRECTION_POS)|(shiftType<<CURSOR_DISPLAY_SHIFT_POS));
      |                 ^~~
arm-none-eabi-gcc -o "PCSE_driver_LCD.elf" @"objects.list"   -mcpu=cortex-m3 -T"C:\Users\chris\STM32CubeIDE\workspace_1.13.2\PdM_repositorio\PCSE_driver_LCD\STM32F103RBTX_FLASH.ld" --specs=nosys.specs -Wl,-Map="PCSE_driver_LCD.map" -Wl,--gc-sections -static --specs=nano.specs -mfloat-abi=soft -mthumb -Wl,--start-group -lc -lm -Wl,--end-group
Finished building target: PCSE_driver_LCD.elf
 
arm-none-eabi-size   PCSE_driver_LCD.elf 
arm-none-eabi-objdump -h -S  PCSE_driver_LCD.elf  > "PCSE_driver_LCD.list"
   text	   data	    bss	    dec	    hex	filename
   9148	     20	   1812	  10980	   2ae4	PCSE_driver_LCD.elf
Finished building: default.size.stdout
 
Finished building: PCSE_driver_LCD.list
 
