13:26:25 **** Build of configuration Debug for project PdM_Practica_2 ****
make -j12 all 
arm-none-eabi-gcc "../Drivers/STM32F1xx_HAL_Driver/Src/stm32f1xx_hal.c" -mcpu=cortex-m3 -std=gnu11 -g3 -DDEBUG -DUSE_HAL_DRIVER -DSTM32F103xB -c -I../Core/Inc -I../Drivers/STM32F1xx_HAL_Driver/Inc -I../Drivers/STM32F1xx_HAL_Driver/Inc/Legacy -I../Drivers/CMSIS/Device/ST/STM32F1xx/Include -I../Drivers/CMSIS/Include -O0 -ffunction-sections -fdata-sections -Wall -fstack-usage -fcyclomatic-complexity -MMD -MP -MF"Drivers/STM32F1xx_HAL_Driver/Src/stm32f1xx_hal.d" -MT"Drivers/STM32F1xx_HAL_Driver/Src/stm32f1xx_hal.o" --specs=nano.specs -mfloat-abi=soft -mthumb -o "Drivers/STM32F1xx_HAL_Driver/Src/stm32f1xx_hal.o"
arm-none-eabi-gcc "../Drivers/STM32F1xx_HAL_Driver/Src/stm32f1xx_hal_cortex.c" -mcpu=cortex-m3 -std=gnu11 -g3 -DDEBUG -DUSE_HAL_DRIVER -DSTM32F103xB -c -I../Core/Inc -I../Drivers/STM32F1xx_HAL_Driver/Inc -I../Drivers/STM32F1xx_HAL_Driver/Inc/Legacy -I../Drivers/CMSIS/Device/ST/STM32F1xx/Include -I../Drivers/CMSIS/Include -O0 -ffunction-sections -fdata-sections -Wall -fstack-usage -fcyclomatic-complexity -MMD -MP -MF"Drivers/STM32F1xx_HAL_Driver/Src/stm32f1xx_hal_cortex.d" -MT"Drivers/STM32F1xx_HAL_Driver/Src/stm32f1xx_hal_cortex.o" --specs=nano.specs -mfloat-abi=soft -mthumb -o "Drivers/STM32F1xx_HAL_Driver/Src/stm32f1xx_hal_cortex.o"
arm-none-eabi-gcc "../Drivers/STM32F1xx_HAL_Driver/Src/stm32f1xx_hal_dma.c" -mcpu=cortex-m3 -std=gnu11 -g3 -DDEBUG -DUSE_HAL_DRIVER -DSTM32F103xB -c -I../Core/Inc -I../Drivers/STM32F1xx_HAL_Driver/Inc -I../Drivers/STM32F1xx_HAL_Driver/Inc/Legacy -I../Drivers/CMSIS/Device/ST/STM32F1xx/Include -I../Drivers/CMSIS/Include -O0 -ffunction-sections -fdata-sections -Wall -fstack-usage -fcyclomatic-complexity -MMD -MP -MF"Drivers/STM32F1xx_HAL_Driver/Src/stm32f1xx_hal_dma.d" -MT"Drivers/STM32F1xx_HAL_Driver/Src/stm32f1xx_hal_dma.o" --specs=nano.specs -mfloat-abi=soft -mthumb -o "Drivers/STM32F1xx_HAL_Driver/Src/stm32f1xx_hal_dma.o"
arm-none-eabi-gcc "../Drivers/STM32F1xx_HAL_Driver/Src/stm32f1xx_hal_exti.c" -mcpu=cortex-m3 -std=gnu11 -g3 -DDEBUG -DUSE_HAL_DRIVER -DSTM32F103xB -c -I../Core/Inc -I../Drivers/STM32F1xx_HAL_Driver/Inc -I../Drivers/STM32F1xx_HAL_Driver/Inc/Legacy -I../Drivers/CMSIS/Device/ST/STM32F1xx/Include -I../Drivers/CMSIS/Include -O0 -ffunction-sections -fdata-sections -Wall -fstack-usage -fcyclomatic-complexity -MMD -MP -MF"Drivers/STM32F1xx_HAL_Driver/Src/stm32f1xx_hal_exti.d" -MT"Drivers/STM32F1xx_HAL_Driver/Src/stm32f1xx_hal_exti.o" --specs=nano.specs -mfloat-abi=soft -mthumb -o "Drivers/STM32F1xx_HAL_Driver/Src/stm32f1xx_hal_exti.o"
arm-none-eabi-gcc "../Drivers/STM32F1xx_HAL_Driver/Src/stm32f1xx_hal_flash.c" -mcpu=cortex-m3 -std=gnu11 -g3 -DDEBUG -DUSE_HAL_DRIVER -DSTM32F103xB -c -I../Core/Inc -I../Drivers/STM32F1xx_HAL_Driver/Inc -I../Drivers/STM32F1xx_HAL_Driver/Inc/Legacy -I../Drivers/CMSIS/Device/ST/STM32F1xx/Include -I../Drivers/CMSIS/Include -O0 -ffunction-sections -fdata-sections -Wall -fstack-usage -fcyclomatic-complexity -MMD -MP -MF"Drivers/STM32F1xx_HAL_Driver/Src/stm32f1xx_hal_flash.d" -MT"Drivers/STM32F1xx_HAL_Driver/Src/stm32f1xx_hal_flash.o" --specs=nano.specs -mfloat-abi=soft -mthumb -o "Drivers/STM32F1xx_HAL_Driver/Src/stm32f1xx_hal_flash.o"
arm-none-eabi-gcc "../Drivers/STM32F1xx_HAL_Driver/Src/stm32f1xx_hal_flash_ex.c" -mcpu=cortex-m3 -std=gnu11 -g3 -DDEBUG -DUSE_HAL_DRIVER -DSTM32F103xB -c -I../Core/Inc -I../Drivers/STM32F1xx_HAL_Driver/Inc -I../Drivers/STM32F1xx_HAL_Driver/Inc/Legacy -I../Drivers/CMSIS/Device/ST/STM32F1xx/Include -I../Drivers/CMSIS/Include -O0 -ffunction-sections -fdata-sections -Wall -fstack-usage -fcyclomatic-complexity -MMD -MP -MF"Drivers/STM32F1xx_HAL_Driver/Src/stm32f1xx_hal_flash_ex.d" -MT"Drivers/STM32F1xx_HAL_Driver/Src/stm32f1xx_hal_flash_ex.o" --specs=nano.specs -mfloat-abi=soft -mthumb -o "Drivers/STM32F1xx_HAL_Driver/Src/stm32f1xx_hal_flash_ex.o"
arm-none-eabi-gcc "../Drivers/STM32F1xx_HAL_Driver/Src/stm32f1xx_hal_gpio.c" -mcpu=cortex-m3 -std=gnu11 -g3 -DDEBUG -DUSE_HAL_DRIVER -DSTM32F103xB -c -I../Core/Inc -I../Drivers/STM32F1xx_HAL_Driver/Inc -I../Drivers/STM32F1xx_HAL_Driver/Inc/Legacy -I../Drivers/CMSIS/Device/ST/STM32F1xx/Include -I../Drivers/CMSIS/Include -O0 -ffunction-sections -fdata-sections -Wall -fstack-usage -fcyclomatic-complexity -MMD -MP -MF"Drivers/STM32F1xx_HAL_Driver/Src/stm32f1xx_hal_gpio.d" -MT"Drivers/STM32F1xx_HAL_Driver/Src/stm32f1xx_hal_gpio.o" --specs=nano.specs -mfloat-abi=soft -mthumb -o "Drivers/STM32F1xx_HAL_Driver/Src/stm32f1xx_hal_gpio.o"
arm-none-eabi-gcc "../Drivers/STM32F1xx_HAL_Driver/Src/stm32f1xx_hal_gpio_ex.c" -mcpu=cortex-m3 -std=gnu11 -g3 -DDEBUG -DUSE_HAL_DRIVER -DSTM32F103xB -c -I../Core/Inc -I../Drivers/STM32F1xx_HAL_Driver/Inc -I../Drivers/STM32F1xx_HAL_Driver/Inc/Legacy -I../Drivers/CMSIS/Device/ST/STM32F1xx/Include -I../Drivers/CMSIS/Include -O0 -ffunction-sections -fdata-sections -Wall -fstack-usage -fcyclomatic-complexity -MMD -MP -MF"Drivers/STM32F1xx_HAL_Driver/Src/stm32f1xx_hal_gpio_ex.d" -MT"Drivers/STM32F1xx_HAL_Driver/Src/stm32f1xx_hal_gpio_ex.o" --specs=nano.specs -mfloat-abi=soft -mthumb -o "Drivers/STM32F1xx_HAL_Driver/Src/stm32f1xx_hal_gpio_ex.o"
arm-none-eabi-gcc "../Drivers/STM32F1xx_HAL_Driver/Src/stm32f1xx_hal_pwr.c" -mcpu=cortex-m3 -std=gnu11 -g3 -DDEBUG -DUSE_HAL_DRIVER -DSTM32F103xB -c -I../Core/Inc -I../Drivers/STM32F1xx_HAL_Driver/Inc -I../Drivers/STM32F1xx_HAL_Driver/Inc/Legacy -I../Drivers/CMSIS/Device/ST/STM32F1xx/Include -I../Drivers/CMSIS/Include -O0 -ffunction-sections -fdata-sections -Wall -fstack-usage -fcyclomatic-complexity -MMD -MP -MF"Drivers/STM32F1xx_HAL_Driver/Src/stm32f1xx_hal_pwr.d" -MT"Drivers/STM32F1xx_HAL_Driver/Src/stm32f1xx_hal_pwr.o" --specs=nano.specs -mfloat-abi=soft -mthumb -o "Drivers/STM32F1xx_HAL_Driver/Src/stm32f1xx_hal_pwr.o"
arm-none-eabi-gcc "../Drivers/STM32F1xx_HAL_Driver/Src/stm32f1xx_hal_rcc.c" -mcpu=cortex-m3 -std=gnu11 -g3 -DDEBUG -DUSE_HAL_DRIVER -DSTM32F103xB -c -I../Core/Inc -I../Drivers/STM32F1xx_HAL_Driver/Inc -I../Drivers/STM32F1xx_HAL_Driver/Inc/Legacy -I../Drivers/CMSIS/Device/ST/STM32F1xx/Include -I../Drivers/CMSIS/Include -O0 -ffunction-sections -fdata-sections -Wall -fstack-usage -fcyclomatic-complexity -MMD -MP -MF"Drivers/STM32F1xx_HAL_Driver/Src/stm32f1xx_hal_rcc.d" -MT"Drivers/STM32F1xx_HAL_Driver/Src/stm32f1xx_hal_rcc.o" --specs=nano.specs -mfloat-abi=soft -mthumb -o "Drivers/STM32F1xx_HAL_Driver/Src/stm32f1xx_hal_rcc.o"
arm-none-eabi-gcc "../Drivers/STM32F1xx_HAL_Driver/Src/stm32f1xx_hal_rcc_ex.c" -mcpu=cortex-m3 -std=gnu11 -g3 -DDEBUG -DUSE_HAL_DRIVER -DSTM32F103xB -c -I../Core/Inc -I../Drivers/STM32F1xx_HAL_Driver/Inc -I../Drivers/STM32F1xx_HAL_Driver/Inc/Legacy -I../Drivers/CMSIS/Device/ST/STM32F1xx/Include -I../Drivers/CMSIS/Include -O0 -ffunction-sections -fdata-sections -Wall -fstack-usage -fcyclomatic-complexity -MMD -MP -MF"Drivers/STM32F1xx_HAL_Driver/Src/stm32f1xx_hal_rcc_ex.d" -MT"Drivers/STM32F1xx_HAL_Driver/Src/stm32f1xx_hal_rcc_ex.o" --specs=nano.specs -mfloat-abi=soft -mthumb -o "Drivers/STM32F1xx_HAL_Driver/Src/stm32f1xx_hal_rcc_ex.o"
arm-none-eabi-gcc "../Drivers/STM32F1xx_HAL_Driver/Src/stm32f1xx_hal_tim.c" -mcpu=cortex-m3 -std=gnu11 -g3 -DDEBUG -DUSE_HAL_DRIVER -DSTM32F103xB -c -I../Core/Inc -I../Drivers/STM32F1xx_HAL_Driver/Inc -I../Drivers/STM32F1xx_HAL_Driver/Inc/Legacy -I../Drivers/CMSIS/Device/ST/STM32F1xx/Include -I../Drivers/CMSIS/Include -O0 -ffunction-sections -fdata-sections -Wall -fstack-usage -fcyclomatic-complexity -MMD -MP -MF"Drivers/STM32F1xx_HAL_Driver/Src/stm32f1xx_hal_tim.d" -MT"Drivers/STM32F1xx_HAL_Driver/Src/stm32f1xx_hal_tim.o" --specs=nano.specs -mfloat-abi=soft -mthumb -o "Drivers/STM32F1xx_HAL_Driver/Src/stm32f1xx_hal_tim.o"
arm-none-eabi-gcc "../Drivers/STM32F1xx_HAL_Driver/Src/stm32f1xx_hal_tim_ex.c" -mcpu=cortex-m3 -std=gnu11 -g3 -DDEBUG -DUSE_HAL_DRIVER -DSTM32F103xB -c -I../Core/Inc -I../Drivers/STM32F1xx_HAL_Driver/Inc -I../Drivers/STM32F1xx_HAL_Driver/Inc/Legacy -I../Drivers/CMSIS/Device/ST/STM32F1xx/Include -I../Drivers/CMSIS/Include -O0 -ffunction-sections -fdata-sections -Wall -fstack-usage -fcyclomatic-complexity -MMD -MP -MF"Drivers/STM32F1xx_HAL_Driver/Src/stm32f1xx_hal_tim_ex.d" -MT"Drivers/STM32F1xx_HAL_Driver/Src/stm32f1xx_hal_tim_ex.o" --specs=nano.specs -mfloat-abi=soft -mthumb -o "Drivers/STM32F1xx_HAL_Driver/Src/stm32f1xx_hal_tim_ex.o"
arm-none-eabi-gcc "../Drivers/STM32F1xx_HAL_Driver/Src/stm32f1xx_hal_uart.c" -mcpu=cortex-m3 -std=gnu11 -g3 -DDEBUG -DUSE_HAL_DRIVER -DSTM32F103xB -c -I../Core/Inc -I../Drivers/STM32F1xx_HAL_Driver/Inc -I../Drivers/STM32F1xx_HAL_Driver/Inc/Legacy -I../Drivers/CMSIS/Device/ST/STM32F1xx/Include -I../Drivers/CMSIS/Include -O0 -ffunction-sections -fdata-sections -Wall -fstack-usage -fcyclomatic-complexity -MMD -MP -MF"Drivers/STM32F1xx_HAL_Driver/Src/stm32f1xx_hal_uart.d" -MT"Drivers/STM32F1xx_HAL_Driver/Src/stm32f1xx_hal_uart.o" --specs=nano.specs -mfloat-abi=soft -mthumb -o "Drivers/STM32F1xx_HAL_Driver/Src/stm32f1xx_hal_uart.o"
arm-none-eabi-gcc -mcpu=cortex-m3 -g3 -DDEBUG -c -x assembler-with-cpp -MMD -MP -MF"Core/Startup/startup_stm32f103rbtx.d" -MT"Core/Startup/startup_stm32f103rbtx.o" --specs=nano.specs -mfloat-abi=soft -mthumb -o "Core/Startup/startup_stm32f103rbtx.o" "../Core/Startup/startup_stm32f103rbtx.s"
arm-none-eabi-gcc "../Core/Src/main.c" -mcpu=cortex-m3 -std=gnu11 -g3 -DDEBUG -DUSE_HAL_DRIVER -DSTM32F103xB -c -I../Core/Inc -I../Drivers/STM32F1xx_HAL_Driver/Inc -I../Drivers/STM32F1xx_HAL_Driver/Inc/Legacy -I../Drivers/CMSIS/Device/ST/STM32F1xx/Include -I../Drivers/CMSIS/Include -O0 -ffunction-sections -fdata-sections -Wall -fstack-usage -fcyclomatic-complexity -MMD -MP -MF"Core/Src/main.d" -MT"Core/Src/main.o" --specs=nano.specs -mfloat-abi=soft -mthumb -o "Core/Src/main.o"
arm-none-eabi-gcc "../Core/Src/stm32f1xx_hal_msp.c" -mcpu=cortex-m3 -std=gnu11 -g3 -DDEBUG -DUSE_HAL_DRIVER -DSTM32F103xB -c -I../Core/Inc -I../Drivers/STM32F1xx_HAL_Driver/Inc -I../Drivers/STM32F1xx_HAL_Driver/Inc/Legacy -I../Drivers/CMSIS/Device/ST/STM32F1xx/Include -I../Drivers/CMSIS/Include -O0 -ffunction-sections -fdata-sections -Wall -fstack-usage -fcyclomatic-complexity -MMD -MP -MF"Core/Src/stm32f1xx_hal_msp.d" -MT"Core/Src/stm32f1xx_hal_msp.o" --specs=nano.specs -mfloat-abi=soft -mthumb -o "Core/Src/stm32f1xx_hal_msp.o"
arm-none-eabi-gcc "../Core/Src/stm32f1xx_it.c" -mcpu=cortex-m3 -std=gnu11 -g3 -DDEBUG -DUSE_HAL_DRIVER -DSTM32F103xB -c -I../Core/Inc -I../Drivers/STM32F1xx_HAL_Driver/Inc -I../Drivers/STM32F1xx_HAL_Driver/Inc/Legacy -I../Drivers/CMSIS/Device/ST/STM32F1xx/Include -I../Drivers/CMSIS/Include -O0 -ffunction-sections -fdata-sections -Wall -fstack-usage -fcyclomatic-complexity -MMD -MP -MF"Core/Src/stm32f1xx_it.d" -MT"Core/Src/stm32f1xx_it.o" --specs=nano.specs -mfloat-abi=soft -mthumb -o "Core/Src/stm32f1xx_it.o"
arm-none-eabi-gcc "../Core/Src/syscalls.c" -mcpu=cortex-m3 -std=gnu11 -g3 -DDEBUG -DUSE_HAL_DRIVER -DSTM32F103xB -c -I../Core/Inc -I../Drivers/STM32F1xx_HAL_Driver/Inc -I../Drivers/STM32F1xx_HAL_Driver/Inc/Legacy -I../Drivers/CMSIS/Device/ST/STM32F1xx/Include -I../Drivers/CMSIS/Include -O0 -ffunction-sections -fdata-sections -Wall -fstack-usage -fcyclomatic-complexity -MMD -MP -MF"Core/Src/syscalls.d" -MT"Core/Src/syscalls.o" --specs=nano.specs -mfloat-abi=soft -mthumb -o "Core/Src/syscalls.o"
arm-none-eabi-gcc "../Core/Src/sysmem.c" -mcpu=cortex-m3 -std=gnu11 -g3 -DDEBUG -DUSE_HAL_DRIVER -DSTM32F103xB -c -I../Core/Inc -I../Drivers/STM32F1xx_HAL_Driver/Inc -I../Drivers/STM32F1xx_HAL_Driver/Inc/Legacy -I../Drivers/CMSIS/Device/ST/STM32F1xx/Include -I../Drivers/CMSIS/Include -O0 -ffunction-sections -fdata-sections -Wall -fstack-usage -fcyclomatic-complexity -MMD -MP -MF"Core/Src/sysmem.d" -MT"Core/Src/sysmem.o" --specs=nano.specs -mfloat-abi=soft -mthumb -o "Core/Src/sysmem.o"
arm-none-eabi-gcc "../Core/Src/system_stm32f1xx.c" -mcpu=cortex-m3 -std=gnu11 -g3 -DDEBUG -DUSE_HAL_DRIVER -DSTM32F103xB -c -I../Core/Inc -I../Drivers/STM32F1xx_HAL_Driver/Inc -I../Drivers/STM32F1xx_HAL_Driver/Inc/Legacy -I../Drivers/CMSIS/Device/ST/STM32F1xx/Include -I../Drivers/CMSIS/Include -O0 -ffunction-sections -fdata-sections -Wall -fstack-usage -fcyclomatic-complexity -MMD -MP -MF"Core/Src/system_stm32f1xx.d" -MT"Core/Src/system_stm32f1xx.o" --specs=nano.specs -mfloat-abi=soft -mthumb -o "Core/Src/system_stm32f1xx.o"
../Core/Src/main.c: In function 'main':
../Core/Src/main.c:79:13: error: incompatible type for argument 1 of 'delayInit'
   79 |   delayInit(delayHandle, 100); // inicializar configuracion de delay de 100 ms
      |             ^~~~~~~~~~~
      |             |
      |             delay_t
In file included from ../Core/Src/main.c:20:
../Core/Inc/main.h:67:27: note: expected 'delay_t *' but argument is of type 'delay_t'
   67 | void delayInit( delay_t * delay, tick_t duration ); // asignar duracion y setear el flag running
      |                 ~~~~~~~~~~^~~~~
../Core/Src/main.c:103:24: error: incompatible type for argument 1 of 'delayRead'
  103 |           if(delayRead(delayHandle) == true){ // si timeout cambiar estado del LED
      |                        ^~~~~~~~~~~
      |                        |
      |                        delay_t
In file included from ../Core/Src/main.c:20:
../Core/Inc/main.h:68:29: note: expected 'delay_t *' but argument is of type 'delay_t'
   68 | bool_t delayRead( delay_t * delay ); // verifica el flag running y compara el contador/duracion. Inicia el timer si no comenzo
      |                   ~~~~~~~~~~^~~~~
../Core/Src/main.c: In function 'delayRead':
../Core/Src/main.c:242:32: warning: statement with no effect [-Wunused-value]
  242 |                 delay->running == true;
      |                                ^
../Core/Src/main.c:248:40: warning: statement with no effect [-Wunused-value]
  248 |                         delay->running == false; // reset el flag
      |                                        ^
make: *** [Core/Src/subdir.mk:34: Core/Src/main.o] Error 1
make: *** Waiting for unfinished jobs....
"make -j12 all" terminated with exit code 2. Build might be incomplete.
13:28:47 **** Incremental Build of configuration Debug for project PdM_Practica_2 ****
make -j12 all 
arm-none-eabi-gcc "../Core/Src/main.c" -mcpu=cortex-m3 -std=gnu11 -g3 -DDEBUG -DUSE_HAL_DRIVER -DSTM32F103xB -c -I../Core/Inc -I../Drivers/STM32F1xx_HAL_Driver/Inc -I../Drivers/STM32F1xx_HAL_Driver/Inc/Legacy -I../Drivers/CMSIS/Device/ST/STM32F1xx/Include -I../Drivers/CMSIS/Include -O0 -ffunction-sections -fdata-sections -Wall -fstack-usage -fcyclomatic-complexity -MMD -MP -MF"Core/Src/main.d" -MT"Core/Src/main.o" --specs=nano.specs -mfloat-abi=soft -mthumb -o "Core/Src/main.o"
../Core/Src/main.c: In function 'main':
../Core/Src/main.c:79:13: error: incompatible type for argument 1 of 'delayInit'
   79 |   delayInit(delayHandle, 100); // inicializar configuracion de delay de 100 ms
      |             ^~~~~~~~~~~
      |             |
      |             delay_t
In file included from ../Core/Src/main.c:20:
../Core/Inc/main.h:67:27: note: expected 'delay_t *' but argument is of type 'delay_t'
   67 | void delayInit( delay_t * delay, tick_t duration ); // asignar duracion y setear el flag running
      |                 ~~~~~~~~~~^~~~~
../Core/Src/main.c:103:24: error: incompatible type for argument 1 of 'delayRead'
  103 |           if(delayRead(delayHandle) == true){ // si timeout cambiar estado del LED
      |                        ^~~~~~~~~~~
      |                        |
      |                        delay_t
In file included from ../Core/Src/main.c:20:
../Core/Inc/main.h:68:29: note: expected 'delay_t *' but argument is of type 'delay_t'
   68 | bool_t delayRead( delay_t * delay ); // verifica el flag running y compara el contador/duracion. Inicia el timer si no comenzo
      |                   ~~~~~~~~~~^~~~~
../Core/Src/main.c: In function 'delayRead':
../Core/Src/main.c:242:32: warning: statement with no effect [-Wunused-value]
  242 |                 delay->running == true;
      |                                ^
../Core/Src/main.c:248:40: warning: statement with no effect [-Wunused-value]
  248 |                         delay->running == false; // reset el flag
      |                                        ^
make: *** [Core/Src/subdir.mk:34: Core/Src/main.o] Error 1
"make -j12 all" terminated with exit code 2. Build might be incomplete.
13:29:54 **** Incremental Build of configuration Debug for project PdM_Practica_2 ****
make -j12 all 
arm-none-eabi-gcc "../Core/Src/main.c" -mcpu=cortex-m3 -std=gnu11 -g3 -DDEBUG -DUSE_HAL_DRIVER -DSTM32F103xB -c -I../Core/Inc -I../Drivers/STM32F1xx_HAL_Driver/Inc -I../Drivers/STM32F1xx_HAL_Driver/Inc/Legacy -I../Drivers/CMSIS/Device/ST/STM32F1xx/Include -I../Drivers/CMSIS/Include -O0 -ffunction-sections -fdata-sections -Wall -fstack-usage -fcyclomatic-complexity -MMD -MP -MF"Core/Src/main.d" -MT"Core/Src/main.o" --specs=nano.specs -mfloat-abi=soft -mthumb -o "Core/Src/main.o"
../Core/Src/main.c: In function 'delayRead':
../Core/Src/main.c:242:32: warning: statement with no effect [-Wunused-value]
  242 |                 delay->running == true;
      |                                ^
../Core/Src/main.c:248:40: warning: statement with no effect [-Wunused-value]
  248 |                         delay->running == false; // reset el flag
      |                                        ^
arm-none-eabi-gcc -o "PdM_Practica_2.elf" @"objects.list"   -mcpu=cortex-m3 -T"C:\Users\chris\STM32CubeIDE\workspace_1.13.2\PdM_repositorio\PdM_Practica_2\STM32F103RBTX_FLASH.ld" --specs=nosys.specs -Wl,-Map="PdM_Practica_2.map" -Wl,--gc-sections -static --specs=nano.specs -mfloat-abi=soft -mthumb -Wl,--start-group -lc -lm -Wl,--end-group
Finished building target: PdM_Practica_2.elf
 
arm-none-eabi-size   PdM_Practica_2.elf 
arm-none-eabi-objdump -h -S  PdM_Practica_2.elf  > "PdM_Practica_2.list"
   text	   data	    bss	    dec	    hex	filename
   5712	     20	   1644	   7376	   1cd0	PdM_Practica_2.elf
Finished building: default.size.stdout
 
Finished building: PdM_Practica_2.list
 
13:30:07 **** Incremental Build of configuration Debug for project PdM_Practica_2 ****
make -j12 all 
arm-none-eabi-gcc "../Core/Src/main.c" -mcpu=cortex-m3 -std=gnu11 -g3 -DDEBUG -DUSE_HAL_DRIVER -DSTM32F103xB -c -I../Core/Inc -I../Drivers/STM32F1xx_HAL_Driver/Inc -I../Drivers/STM32F1xx_HAL_Driver/Inc/Legacy -I../Drivers/CMSIS/Device/ST/STM32F1xx/Include -I../Drivers/CMSIS/Include -O0 -ffunction-sections -fdata-sections -Wall -fstack-usage -fcyclomatic-complexity -MMD -MP -MF"Core/Src/main.d" -MT"Core/Src/main.o" --specs=nano.specs -mfloat-abi=soft -mthumb -o "Core/Src/main.o"
arm-none-eabi-gcc "../Core/Src/stm32f1xx_hal_msp.c" -mcpu=cortex-m3 -std=gnu11 -g3 -DDEBUG -DUSE_HAL_DRIVER -DSTM32F103xB -c -I../Core/Inc -I../Drivers/STM32F1xx_HAL_Driver/Inc -I../Drivers/STM32F1xx_HAL_Driver/Inc/Legacy -I../Drivers/CMSIS/Device/ST/STM32F1xx/Include -I../Drivers/CMSIS/Include -O0 -ffunction-sections -fdata-sections -Wall -fstack-usage -fcyclomatic-complexity -MMD -MP -MF"Core/Src/stm32f1xx_hal_msp.d" -MT"Core/Src/stm32f1xx_hal_msp.o" --specs=nano.specs -mfloat-abi=soft -mthumb -o "Core/Src/stm32f1xx_hal_msp.o"
arm-none-eabi-gcc "../Core/Src/stm32f1xx_it.c" -mcpu=cortex-m3 -std=gnu11 -g3 -DDEBUG -DUSE_HAL_DRIVER -DSTM32F103xB -c -I../Core/Inc -I../Drivers/STM32F1xx_HAL_Driver/Inc -I../Drivers/STM32F1xx_HAL_Driver/Inc/Legacy -I../Drivers/CMSIS/Device/ST/STM32F1xx/Include -I../Drivers/CMSIS/Include -O0 -ffunction-sections -fdata-sections -Wall -fstack-usage -fcyclomatic-complexity -MMD -MP -MF"Core/Src/stm32f1xx_it.d" -MT"Core/Src/stm32f1xx_it.o" --specs=nano.specs -mfloat-abi=soft -mthumb -o "Core/Src/stm32f1xx_it.o"
../Core/Src/main.c: In function 'delayRead':
../Core/Src/main.c:242:32: warning: statement with no effect [-Wunused-value]
  242 |                 delay->running == true;
      |                                ^
../Core/Src/main.c:248:40: warning: statement with no effect [-Wunused-value]
  248 |                         delay->running == false; // reset el flag
      |                                        ^
arm-none-eabi-gcc -o "PdM_Practica_2.elf" @"objects.list"   -mcpu=cortex-m3 -T"C:\Users\chris\STM32CubeIDE\workspace_1.13.2\PdM_repositorio\PdM_Practica_2\STM32F103RBTX_FLASH.ld" --specs=nosys.specs -Wl,-Map="PdM_Practica_2.map" -Wl,--gc-sections -static --specs=nano.specs -mfloat-abi=soft -mthumb -Wl,--start-group -lc -lm -Wl,--end-group
Finished building target: PdM_Practica_2.elf
 
arm-none-eabi-size   PdM_Practica_2.elf 
arm-none-eabi-objdump -h -S  PdM_Practica_2.elf  > "PdM_Practica_2.list"
   text	   data	    bss	    dec	    hex	filename
   5712	     20	   1644	   7376	   1cd0	PdM_Practica_2.elf
Finished building: default.size.stdout
 
Finished building: PdM_Practica_2.list
 
13:30:26 **** Incremental Build of configuration Debug for project PdM_Practica_2 ****
make -j12 all 
arm-none-eabi-size   PdM_Practica_2.elf 
   text	   data	    bss	    dec	    hex	filename
   5712	     20	   1644	   7376	   1cd0	PdM_Practica_2.elf
Finished building: default.size.stdout
 
13:31:20 **** Incremental Build of configuration Debug for project PdM_Practica_2 ****
make -j12 all 
arm-none-eabi-size   PdM_Practica_2.elf 
   text	   data	    bss	    dec	    hex	filename
   5712	     20	   1644	   7376	   1cd0	PdM_Practica_2.elf
Finished building: default.size.stdout
 
13:33:38 **** Incremental Build of configuration Debug for project PdM_Practica_2 ****
make -j12 all 
arm-none-eabi-gcc "../Core/Src/main.c" -mcpu=cortex-m3 -std=gnu11 -g3 -DDEBUG -DUSE_HAL_DRIVER -DSTM32F103xB -c -I../Core/Inc -I../Drivers/STM32F1xx_HAL_Driver/Inc -I../Drivers/STM32F1xx_HAL_Driver/Inc/Legacy -I../Drivers/CMSIS/Device/ST/STM32F1xx/Include -I../Drivers/CMSIS/Include -O0 -ffunction-sections -fdata-sections -Wall -fstack-usage -fcyclomatic-complexity -MMD -MP -MF"Core/Src/main.d" -MT"Core/Src/main.o" --specs=nano.specs -mfloat-abi=soft -mthumb -o "Core/Src/main.o"
arm-none-eabi-gcc "../Core/Src/stm32f1xx_hal_msp.c" -mcpu=cortex-m3 -std=gnu11 -g3 -DDEBUG -DUSE_HAL_DRIVER -DSTM32F103xB -c -I../Core/Inc -I../Drivers/STM32F1xx_HAL_Driver/Inc -I../Drivers/STM32F1xx_HAL_Driver/Inc/Legacy -I../Drivers/CMSIS/Device/ST/STM32F1xx/Include -I../Drivers/CMSIS/Include -O0 -ffunction-sections -fdata-sections -Wall -fstack-usage -fcyclomatic-complexity -MMD -MP -MF"Core/Src/stm32f1xx_hal_msp.d" -MT"Core/Src/stm32f1xx_hal_msp.o" --specs=nano.specs -mfloat-abi=soft -mthumb -o "Core/Src/stm32f1xx_hal_msp.o"
arm-none-eabi-gcc "../Core/Src/stm32f1xx_it.c" -mcpu=cortex-m3 -std=gnu11 -g3 -DDEBUG -DUSE_HAL_DRIVER -DSTM32F103xB -c -I../Core/Inc -I../Drivers/STM32F1xx_HAL_Driver/Inc -I../Drivers/STM32F1xx_HAL_Driver/Inc/Legacy -I../Drivers/CMSIS/Device/ST/STM32F1xx/Include -I../Drivers/CMSIS/Include -O0 -ffunction-sections -fdata-sections -Wall -fstack-usage -fcyclomatic-complexity -MMD -MP -MF"Core/Src/stm32f1xx_it.d" -MT"Core/Src/stm32f1xx_it.o" --specs=nano.specs -mfloat-abi=soft -mthumb -o "Core/Src/stm32f1xx_it.o"
../Core/Src/main.c: In function 'delayRead':
../Core/Src/main.c:242:32: warning: statement with no effect [-Wunused-value]
  242 |                 delay->running == true;
      |                                ^
../Core/Src/main.c:248:40: warning: statement with no effect [-Wunused-value]
  248 |                         delay->running == false; // reset el flag
      |                                        ^
arm-none-eabi-gcc -o "PdM_Practica_2.elf" @"objects.list"   -mcpu=cortex-m3 -T"C:\Users\chris\STM32CubeIDE\workspace_1.13.2\PdM_repositorio\PdM_Practica_2\STM32F103RBTX_FLASH.ld" --specs=nosys.specs -Wl,-Map="PdM_Practica_2.map" -Wl,--gc-sections -static --specs=nano.specs -mfloat-abi=soft -mthumb -Wl,--start-group -lc -lm -Wl,--end-group
Finished building target: PdM_Practica_2.elf
 
arm-none-eabi-size   PdM_Practica_2.elf 
arm-none-eabi-objdump -h -S  PdM_Practica_2.elf  > "PdM_Practica_2.list"
   text	   data	    bss	    dec	    hex	filename
   5716	     20	   1644	   7380	   1cd4	PdM_Practica_2.elf
Finished building: default.size.stdout
 
Finished building: PdM_Practica_2.list
 
13:33:58 **** Incremental Build of configuration Debug for project PdM_Practica_2 ****
make -j12 all 
arm-none-eabi-size   PdM_Practica_2.elf 
   text	   data	    bss	    dec	    hex	filename
   5716	     20	   1644	   7380	   1cd4	PdM_Practica_2.elf
Finished building: default.size.stdout
 
13:39:38 **** Incremental Build of configuration Debug for project PdM_Practica_2 ****
make -j12 all 
arm-none-eabi-gcc "../Core/Src/main.c" -mcpu=cortex-m3 -std=gnu11 -g3 -DDEBUG -DUSE_HAL_DRIVER -DSTM32F103xB -c -I../Core/Inc -I../Drivers/STM32F1xx_HAL_Driver/Inc -I../Drivers/STM32F1xx_HAL_Driver/Inc/Legacy -I../Drivers/CMSIS/Device/ST/STM32F1xx/Include -I../Drivers/CMSIS/Include -O0 -ffunction-sections -fdata-sections -Wall -fstack-usage -fcyclomatic-complexity -MMD -MP -MF"Core/Src/main.d" -MT"Core/Src/main.o" --specs=nano.specs -mfloat-abi=soft -mthumb -o "Core/Src/main.o"
../Core/Src/main.c: In function 'main':
../Core/Src/main.c:79:13: error: incompatible type for argument 1 of 'delayInit'
   79 |   delayInit(delayHandle, 500); // inicializar configuracion de delay de 100 ms
      |             ^~~~~~~~~~~
      |             |
      |             delay_t
In file included from ../Core/Src/main.c:20:
../Core/Inc/main.h:67:27: note: expected 'delay_t *' but argument is of type 'delay_t'
   67 | void delayInit( delay_t * delay, tick_t duration ); // asignar duracion y setear el flag running
      |                 ~~~~~~~~~~^~~~~
../Core/Src/main.c:103:24: error: incompatible type for argument 1 of 'delayRead'
  103 |           if(delayRead(delayHandle) == true){ // si timeout cambiar estado del LED
      |                        ^~~~~~~~~~~
      |                        |
      |                        delay_t
In file included from ../Core/Src/main.c:20:
../Core/Inc/main.h:68:29: note: expected 'delay_t *' but argument is of type 'delay_t'
   68 | bool_t delayRead( delay_t * delay ); // verifica el flag running y compara el contador/duracion. Inicia el timer si no comenzo
      |                   ~~~~~~~~~~^~~~~
../Core/Src/main.c: In function 'delayRead':
../Core/Src/main.c:242:32: warning: statement with no effect [-Wunused-value]
  242 |                 delay->running == true;
      |                                ^
../Core/Src/main.c:248:40: warning: statement with no effect [-Wunused-value]
  248 |                         delay->running == false; // reset el flag
      |                                        ^
make: *** [Core/Src/subdir.mk:34: Core/Src/main.o] Error 1
"make -j12 all" terminated with exit code 2. Build might be incomplete.
13:41:20 **** Incremental Build of configuration Debug for project PdM_Practica_2 ****
make -j12 all 
arm-none-eabi-gcc "../Core/Src/main.c" -mcpu=cortex-m3 -std=gnu11 -g3 -DDEBUG -DUSE_HAL_DRIVER -DSTM32F103xB -c -I../Core/Inc -I../Drivers/STM32F1xx_HAL_Driver/Inc -I../Drivers/STM32F1xx_HAL_Driver/Inc/Legacy -I../Drivers/CMSIS/Device/ST/STM32F1xx/Include -I../Drivers/CMSIS/Include -O0 -ffunction-sections -fdata-sections -Wall -fstack-usage -fcyclomatic-complexity -MMD -MP -MF"Core/Src/main.d" -MT"Core/Src/main.o" --specs=nano.specs -mfloat-abi=soft -mthumb -o "Core/Src/main.o"
../Core/Src/main.c: In function 'delayRead':
../Core/Src/main.c:242:32: warning: statement with no effect [-Wunused-value]
  242 |                 delay->running == true;
      |                                ^
../Core/Src/main.c:248:40: warning: statement with no effect [-Wunused-value]
  248 |                         delay->running == false; // reset el flag
      |                                        ^
arm-none-eabi-gcc -o "PdM_Practica_2.elf" @"objects.list"   -mcpu=cortex-m3 -T"C:\Users\chris\STM32CubeIDE\workspace_1.13.2\PdM_repositorio\PdM_Practica_2\STM32F103RBTX_FLASH.ld" --specs=nosys.specs -Wl,-Map="PdM_Practica_2.map" -Wl,--gc-sections -static --specs=nano.specs -mfloat-abi=soft -mthumb -Wl,--start-group -lc -lm -Wl,--end-group
Finished building target: PdM_Practica_2.elf
 
arm-none-eabi-size   PdM_Practica_2.elf 
arm-none-eabi-objdump -h -S  PdM_Practica_2.elf  > "PdM_Practica_2.list"
   text	   data	    bss	    dec	    hex	filename
   5792	     20	   1644	   7456	   1d20	PdM_Practica_2.elf
Finished building: default.size.stdout
 
Finished building: PdM_Practica_2.list
 
13:46:17 **** Incremental Build of configuration Debug for project PdM_Practica_2 ****
make -j12 all 
arm-none-eabi-gcc "../Core/Src/main.c" -mcpu=cortex-m3 -std=gnu11 -g3 -DDEBUG -DUSE_HAL_DRIVER -DSTM32F103xB -c -I../Core/Inc -I../Drivers/STM32F1xx_HAL_Driver/Inc -I../Drivers/STM32F1xx_HAL_Driver/Inc/Legacy -I../Drivers/CMSIS/Device/ST/STM32F1xx/Include -I../Drivers/CMSIS/Include -O0 -ffunction-sections -fdata-sections -Wall -fstack-usage -fcyclomatic-complexity -MMD -MP -MF"Core/Src/main.d" -MT"Core/Src/main.o" --specs=nano.specs -mfloat-abi=soft -mthumb -o "Core/Src/main.o"
../Core/Src/main.c: In function 'main':
../Core/Src/main.c:80:13: error: incompatible type for argument 1 of 'delayInit'
   80 |   delayInit(delayHandle, 500); // inicializar configuracion de delay de 100 ms
      |             ^~~~~~~~~~~
      |             |
      |             delay_t
In file included from ../Core/Src/main.c:20:
../Core/Inc/main.h:67:27: note: expected 'delay_t *' but argument is of type 'delay_t'
   67 | void delayInit( delay_t * delay, tick_t duration ); // asignar duracion y setear el flag running
      |                 ~~~~~~~~~~^~~~~
../Core/Src/main.c:104:24: error: incompatible type for argument 1 of 'delayRead'
  104 |           if(delayRead(delayHandle) == true){ // si timeout cambiar estado del LED
      |                        ^~~~~~~~~~~
      |                        |
      |                        delay_t
In file included from ../Core/Src/main.c:20:
../Core/Inc/main.h:68:29: note: expected 'delay_t *' but argument is of type 'delay_t'
   68 | bool_t delayRead( delay_t * delay ); // verifica el flag running y compara el contador/duracion. Inicia el timer si no comenzo
      |                   ~~~~~~~~~~^~~~~
../Core/Src/main.c: In function 'delayRead':
../Core/Src/main.c:243:32: warning: statement with no effect [-Wunused-value]
  243 |                 delay->running == true;
      |                                ^
../Core/Src/main.c:249:40: warning: statement with no effect [-Wunused-value]
  249 |                         delay->running == false; // reset el flag
      |                                        ^
make: *** [Core/Src/subdir.mk:34: Core/Src/main.o] Error 1
"make -j12 all" terminated with exit code 2. Build might be incomplete.
13:46:25 **** Incremental Build of configuration Debug for project PdM_Practica_2 ****
make -j12 all 
arm-none-eabi-gcc "../Core/Src/main.c" -mcpu=cortex-m3 -std=gnu11 -g3 -DDEBUG -DUSE_HAL_DRIVER -DSTM32F103xB -c -I../Core/Inc -I../Drivers/STM32F1xx_HAL_Driver/Inc -I../Drivers/STM32F1xx_HAL_Driver/Inc/Legacy -I../Drivers/CMSIS/Device/ST/STM32F1xx/Include -I../Drivers/CMSIS/Include -O0 -ffunction-sections -fdata-sections -Wall -fstack-usage -fcyclomatic-complexity -MMD -MP -MF"Core/Src/main.d" -MT"Core/Src/main.o" --specs=nano.specs -mfloat-abi=soft -mthumb -o "Core/Src/main.o"
../Core/Src/main.c: In function 'delayRead':
../Core/Src/main.c:243:32: warning: statement with no effect [-Wunused-value]
  243 |                 delay->running == true;
      |                                ^
../Core/Src/main.c:249:40: warning: statement with no effect [-Wunused-value]
  249 |                         delay->running == false; // reset el flag
      |                                        ^
../Core/Src/main.c: In function 'main':
../Core/Src/main.c:80:3: warning: 'delayHandle' is used uninitialized [-Wuninitialized]
   80 |   delayInit(delayHandle, 500); // inicializar configuracion de delay de 100 ms
      |   ^~~~~~~~~~~~~~~~~~~~~~~~~~~
arm-none-eabi-gcc -o "PdM_Practica_2.elf" @"objects.list"   -mcpu=cortex-m3 -T"C:\Users\chris\STM32CubeIDE\workspace_1.13.2\PdM_repositorio\PdM_Practica_2\STM32F103RBTX_FLASH.ld" --specs=nosys.specs -Wl,-Map="PdM_Practica_2.map" -Wl,--gc-sections -static --specs=nano.specs -mfloat-abi=soft -mthumb -Wl,--start-group -lc -lm -Wl,--end-group
Finished building target: PdM_Practica_2.elf
 
arm-none-eabi-size   PdM_Practica_2.elf 
arm-none-eabi-objdump -h -S  PdM_Practica_2.elf  > "PdM_Practica_2.list"
   text	   data	    bss	    dec	    hex	filename
   5784	     20	   1644	   7448	   1d18	PdM_Practica_2.elf
Finished building: default.size.stdout
 
Finished building: PdM_Practica_2.list
 
13:47:14 **** Incremental Build of configuration Debug for project PdM_Practica_2 ****
make -j12 all 
arm-none-eabi-gcc "../Core/Src/main.c" -mcpu=cortex-m3 -std=gnu11 -g3 -DDEBUG -DUSE_HAL_DRIVER -DSTM32F103xB -c -I../Core/Inc -I../Drivers/STM32F1xx_HAL_Driver/Inc -I../Drivers/STM32F1xx_HAL_Driver/Inc/Legacy -I../Drivers/CMSIS/Device/ST/STM32F1xx/Include -I../Drivers/CMSIS/Include -O0 -ffunction-sections -fdata-sections -Wall -fstack-usage -fcyclomatic-complexity -MMD -MP -MF"Core/Src/main.d" -MT"Core/Src/main.o" --specs=nano.specs -mfloat-abi=soft -mthumb -o "Core/Src/main.o"
../Core/Src/main.c: In function 'delayRead':
../Core/Src/main.c:243:32: warning: statement with no effect [-Wunused-value]
  243 |                 delay->running == true;
      |                                ^
../Core/Src/main.c:249:40: warning: statement with no effect [-Wunused-value]
  249 |                         delay->running == false; // reset el flag
      |                                        ^
../Core/Src/main.c: In function 'main':
../Core/Src/main.c:80:3: warning: 'delayHandle' is used uninitialized [-Wuninitialized]
   80 |   delayInit(delayHandle, 500); // inicializar configuracion de delay de 100 ms
      |   ^~~~~~~~~~~~~~~~~~~~~~~~~~~
arm-none-eabi-gcc -o "PdM_Practica_2.elf" @"objects.list"   -mcpu=cortex-m3 -T"C:\Users\chris\STM32CubeIDE\workspace_1.13.2\PdM_repositorio\PdM_Practica_2\STM32F103RBTX_FLASH.ld" --specs=nosys.specs -Wl,-Map="PdM_Practica_2.map" -Wl,--gc-sections -static --specs=nano.specs -mfloat-abi=soft -mthumb -Wl,--start-group -lc -lm -Wl,--end-group
Finished building target: PdM_Practica_2.elf
 
arm-none-eabi-size   PdM_Practica_2.elf 
arm-none-eabi-objdump -h -S  PdM_Practica_2.elf  > "PdM_Practica_2.list"
   text	   data	    bss	    dec	    hex	filename
   5784	     20	   1644	   7448	   1d18	PdM_Practica_2.elf
Finished building: default.size.stdout
 
Finished building: PdM_Practica_2.list
 
14:06:18 **** Incremental Build of configuration Debug for project PdM_Practica_2 ****
make -j12 all 
arm-none-eabi-gcc "../Core/Src/main.c" -mcpu=cortex-m3 -std=gnu11 -g3 -DDEBUG -DUSE_HAL_DRIVER -DSTM32F103xB -c -I../Core/Inc -I../Drivers/STM32F1xx_HAL_Driver/Inc -I../Drivers/STM32F1xx_HAL_Driver/Inc/Legacy -I../Drivers/CMSIS/Device/ST/STM32F1xx/Include -I../Drivers/CMSIS/Include -O0 -ffunction-sections -fdata-sections -Wall -fstack-usage -fcyclomatic-complexity -MMD -MP -MF"Core/Src/main.d" -MT"Core/Src/main.o" --specs=nano.specs -mfloat-abi=soft -mthumb -o "Core/Src/main.o"
../Core/Src/main.c: In function 'main':
../Core/Src/main.c:80:13: error: 'delayHandle' undeclared (first use in this function)
   80 |   delayInit(delayHandle, 500); // inicializar configuracion de delay de 100 ms
      |             ^~~~~~~~~~~
../Core/Src/main.c:80:13: note: each undeclared identifier is reported only once for each function it appears in
../Core/Src/main.c: In function 'delayInit':
../Core/Src/main.c:231:9: error: invalid type argument of unary '*' (have 'tick_t' {aka 'long unsigned int'})
  231 |         *delay->duration = duration;
      |         ^~~~~~~~~~~~~~~~
../Core/Src/main.c:232:9: error: invalid type argument of unary '*' (have 'int')
  232 |         *delay->running = false;
      |         ^~~~~~~~~~~~~~~
../Core/Src/main.c: In function 'delayRead':
../Core/Src/main.c:242:12: error: invalid type argument of unary '*' (have 'int')
  242 |         if(*delay->running == false){ // activar timer
      |            ^~~~~~~~~~~~~~~
../Core/Src/main.c:243:17: error: invalid type argument of unary '*' (have 'int')
  243 |                 *delay->running == true;
      |                 ^~~~~~~~~~~~~~~
../Core/Src/main.c:244:17: error: invalid type argument of unary '*' (have 'tick_t' {aka 'long unsigned int'})
  244 |                 *delay->startTime = HAL_GetTick(); // tomar valor de contador en [ms] actual
      |                 ^~~~~~~~~~~~~~~~~
../Core/Src/main.c:248:36: error: invalid type argument of unary '*' (have 'tick_t' {aka 'long unsigned int'})
  248 |                 if(HAL_GetTick() - *delay->startTime > *delay->duration){ // si es timeout
      |                                    ^~~~~~~~~~~~~~~~~
../Core/Src/main.c:248:56: error: invalid type argument of unary '*' (have 'tick_t' {aka 'long unsigned int'})
  248 |                 if(HAL_GetTick() - *delay->startTime > *delay->duration){ // si es timeout
      |                                                        ^~~~~~~~~~~~~~~~
../Core/Src/main.c:249:25: error: invalid type argument of unary '*' (have 'int')
  249 |                         *delay->running == false; // reset el flag
      |                         ^~~~~~~~~~~~~~~
../Core/Src/main.c: In function 'delayWrite':
../Core/Src/main.c:264:9: error: invalid type argument of unary '*' (have 'tick_t' {aka 'long unsigned int'})
  264 |         *delay->duration = duration;
      |         ^~~~~~~~~~~~~~~~
../Core/Src/main.c: In function 'delayRead':
../Core/Src/main.c:256:1: warning: control reaches end of non-void function [-Wreturn-type]
  256 | }
      | ^
make: *** [Core/Src/subdir.mk:34: Core/Src/main.o] Error 1
"make -j12 all" terminated with exit code 2. Build might be incomplete.
14:12:46 **** Incremental Build of configuration Debug for project PdM_Practica_2 ****
make -j12 all 
arm-none-eabi-gcc "../Core/Src/main.c" -mcpu=cortex-m3 -std=gnu11 -g3 -DDEBUG -DUSE_HAL_DRIVER -DSTM32F103xB -c -I../Core/Inc -I../Drivers/STM32F1xx_HAL_Driver/Inc -I../Drivers/STM32F1xx_HAL_Driver/Inc/Legacy -I../Drivers/CMSIS/Device/ST/STM32F1xx/Include -I../Drivers/CMSIS/Include -O0 -ffunction-sections -fdata-sections -Wall -fstack-usage -fcyclomatic-complexity -MMD -MP -MF"Core/Src/main.d" -MT"Core/Src/main.o" --specs=nano.specs -mfloat-abi=soft -mthumb -o "Core/Src/main.o"
../Core/Src/main.c: In function 'main':
../Core/Src/main.c:80:14: error: 'delayHandle' undeclared (first use in this function)
   80 |   delayInit(&delayHandle, 500); // inicializar configuracion de delay de 100 ms
      |              ^~~~~~~~~~~
../Core/Src/main.c:80:14: note: each undeclared identifier is reported only once for each function it appears in
../Core/Src/main.c: In function 'delayRead':
../Core/Src/main.c:243:32: warning: statement with no effect [-Wunused-value]
  243 |                 delay->running == true;
      |                                ^
../Core/Src/main.c:249:40: warning: statement with no effect [-Wunused-value]
  249 |                         delay->running == false; // reset el flag
      |                                        ^
make: *** [Core/Src/subdir.mk:34: Core/Src/main.o] Error 1
"make -j12 all" terminated with exit code 2. Build might be incomplete.
14:13:03 **** Incremental Build of configuration Debug for project PdM_Practica_2 ****
make -j12 all 
arm-none-eabi-gcc "../Core/Src/main.c" -mcpu=cortex-m3 -std=gnu11 -g3 -DDEBUG -DUSE_HAL_DRIVER -DSTM32F103xB -c -I../Core/Inc -I../Drivers/STM32F1xx_HAL_Driver/Inc -I../Drivers/STM32F1xx_HAL_Driver/Inc/Legacy -I../Drivers/CMSIS/Device/ST/STM32F1xx/Include -I../Drivers/CMSIS/Include -O0 -ffunction-sections -fdata-sections -Wall -fstack-usage -fcyclomatic-complexity -MMD -MP -MF"Core/Src/main.d" -MT"Core/Src/main.o" --specs=nano.specs -mfloat-abi=soft -mthumb -o "Core/Src/main.o"
../Core/Src/main.c: In function 'delayRead':
../Core/Src/main.c:243:32: warning: statement with no effect [-Wunused-value]
  243 |                 delay->running == true;
      |                                ^
../Core/Src/main.c:249:40: warning: statement with no effect [-Wunused-value]
  249 |                         delay->running == false; // reset el flag
      |                                        ^
arm-none-eabi-gcc -o "PdM_Practica_2.elf" @"objects.list"   -mcpu=cortex-m3 -T"C:\Users\chris\STM32CubeIDE\workspace_1.13.2\PdM_repositorio\PdM_Practica_2\STM32F103RBTX_FLASH.ld" --specs=nosys.specs -Wl,-Map="PdM_Practica_2.map" -Wl,--gc-sections -static --specs=nano.specs -mfloat-abi=soft -mthumb -Wl,--start-group -lc -lm -Wl,--end-group
Finished building target: PdM_Practica_2.elf
 
arm-none-eabi-size   PdM_Practica_2.elf 
arm-none-eabi-objdump -h -S  PdM_Practica_2.elf  > "PdM_Practica_2.list"
   text	   data	    bss	    dec	    hex	filename
   5784	     20	   1652	   7456	   1d20	PdM_Practica_2.elf
Finished building: default.size.stdout
 
Finished building: PdM_Practica_2.list
 
14:13:54 **** Incremental Build of configuration Debug for project PdM_Practica_2 ****
make -j12 all 
arm-none-eabi-size   PdM_Practica_2.elf 
   text	   data	    bss	    dec	    hex	filename
   5784	     20	   1652	   7456	   1d20	PdM_Practica_2.elf
Finished building: default.size.stdout
 
14:17:43 **** Incremental Build of configuration Debug for project PdM_Practica_2 ****
make -j12 all 
arm-none-eabi-gcc "../Core/Src/main.c" -mcpu=cortex-m3 -std=gnu11 -g3 -DDEBUG -DUSE_HAL_DRIVER -DSTM32F103xB -c -I../Core/Inc -I../Drivers/STM32F1xx_HAL_Driver/Inc -I../Drivers/STM32F1xx_HAL_Driver/Inc/Legacy -I../Drivers/CMSIS/Device/ST/STM32F1xx/Include -I../Drivers/CMSIS/Include -O0 -ffunction-sections -fdata-sections -Wall -fstack-usage -fcyclomatic-complexity -MMD -MP -MF"Core/Src/main.d" -MT"Core/Src/main.o" --specs=nano.specs -mfloat-abi=soft -mthumb -o "Core/Src/main.o"
arm-none-eabi-gcc -o "PdM_Practica_2.elf" @"objects.list"   -mcpu=cortex-m3 -T"C:\Users\chris\STM32CubeIDE\workspace_1.13.2\PdM_repositorio\PdM_Practica_2\STM32F103RBTX_FLASH.ld" --specs=nosys.specs -Wl,-Map="PdM_Practica_2.map" -Wl,--gc-sections -static --specs=nano.specs -mfloat-abi=soft -mthumb -Wl,--start-group -lc -lm -Wl,--end-group
Finished building target: PdM_Practica_2.elf
 
arm-none-eabi-size   PdM_Practica_2.elf 
arm-none-eabi-objdump -h -S  PdM_Practica_2.elf  > "PdM_Practica_2.list"
   text	   data	    bss	    dec	    hex	filename
   5796	     20	   1652	   7468	   1d2c	PdM_Practica_2.elf
Finished building: default.size.stdout
 
Finished building: PdM_Practica_2.list
 
14:26:34 **** Incremental Build of configuration Debug for project PdM_Practica_2 ****
make -j12 all 
arm-none-eabi-gcc "../Core/Src/main.c" -mcpu=cortex-m3 -std=gnu11 -g3 -DDEBUG -DUSE_HAL_DRIVER -DSTM32F103xB -c -I../Core/Inc -I../Drivers/STM32F1xx_HAL_Driver/Inc -I../Drivers/STM32F1xx_HAL_Driver/Inc/Legacy -I../Drivers/CMSIS/Device/ST/STM32F1xx/Include -I../Drivers/CMSIS/Include -O0 -ffunction-sections -fdata-sections -Wall -fstack-usage -fcyclomatic-complexity -MMD -MP -MF"Core/Src/main.d" -MT"Core/Src/main.o" --specs=nano.specs -mfloat-abi=soft -mthumb -o "Core/Src/main.o"
arm-none-eabi-gcc -o "PdM_Practica_2.elf" @"objects.list"   -mcpu=cortex-m3 -T"C:\Users\chris\STM32CubeIDE\workspace_1.13.2\PdM_repositorio\PdM_Practica_2\STM32F103RBTX_FLASH.ld" --specs=nosys.specs -Wl,-Map="PdM_Practica_2.map" -Wl,--gc-sections -static --specs=nano.specs -mfloat-abi=soft -mthumb -Wl,--start-group -lc -lm -Wl,--end-group
Finished building target: PdM_Practica_2.elf
 
arm-none-eabi-size   PdM_Practica_2.elf 
arm-none-eabi-objdump -h -S  PdM_Practica_2.elf  > "PdM_Practica_2.list"
   text	   data	    bss	    dec	    hex	filename
   5796	     20	   1652	   7468	   1d2c	PdM_Practica_2.elf
Finished building: default.size.stdout
 
Finished building: PdM_Practica_2.list
 
14:26:56 **** Incremental Build of configuration Debug for project PdM_Practica_2 ****
make -j12 all 
arm-none-eabi-size   PdM_Practica_2.elf 
   text	   data	    bss	    dec	    hex	filename
   5796	     20	   1652	   7468	   1d2c	PdM_Practica_2.elf
Finished building: default.size.stdout
 
14:27:14 **** Incremental Build of configuration Debug for project PdM_Practica_2 ****
make -j12 all 
arm-none-eabi-size   PdM_Practica_2.elf 
   text	   data	    bss	    dec	    hex	filename
   5796	     20	   1652	   7468	   1d2c	PdM_Practica_2.elf
Finished building: default.size.stdout
 
15:14:18 **** Incremental Build of configuration Debug for project PdM_Practica_2 ****
make -j12 all 
arm-none-eabi-gcc "../Core/Src/main.c" -mcpu=cortex-m3 -std=gnu11 -g3 -DDEBUG -DUSE_HAL_DRIVER -DSTM32F103xB -c -I../Core/Inc -I../Drivers/STM32F1xx_HAL_Driver/Inc -I../Drivers/STM32F1xx_HAL_Driver/Inc/Legacy -I../Drivers/CMSIS/Device/ST/STM32F1xx/Include -I../Drivers/CMSIS/Include -O0 -ffunction-sections -fdata-sections -Wall -fstack-usage -fcyclomatic-complexity -MMD -MP -MF"Core/Src/main.d" -MT"Core/Src/main.o" --specs=nano.specs -mfloat-abi=soft -mthumb -o "Core/Src/main.o"
arm-none-eabi-gcc "../Core/Src/stm32f1xx_hal_msp.c" -mcpu=cortex-m3 -std=gnu11 -g3 -DDEBUG -DUSE_HAL_DRIVER -DSTM32F103xB -c -I../Core/Inc -I../Drivers/STM32F1xx_HAL_Driver/Inc -I../Drivers/STM32F1xx_HAL_Driver/Inc/Legacy -I../Drivers/CMSIS/Device/ST/STM32F1xx/Include -I../Drivers/CMSIS/Include -O0 -ffunction-sections -fdata-sections -Wall -fstack-usage -fcyclomatic-complexity -MMD -MP -MF"Core/Src/stm32f1xx_hal_msp.d" -MT"Core/Src/stm32f1xx_hal_msp.o" --specs=nano.specs -mfloat-abi=soft -mthumb -o "Core/Src/stm32f1xx_hal_msp.o"
arm-none-eabi-gcc "../Core/Src/stm32f1xx_it.c" -mcpu=cortex-m3 -std=gnu11 -g3 -DDEBUG -DUSE_HAL_DRIVER -DSTM32F103xB -c -I../Core/Inc -I../Drivers/STM32F1xx_HAL_Driver/Inc -I../Drivers/STM32F1xx_HAL_Driver/Inc/Legacy -I../Drivers/CMSIS/Device/ST/STM32F1xx/Include -I../Drivers/CMSIS/Include -O0 -ffunction-sections -fdata-sections -Wall -fstack-usage -fcyclomatic-complexity -MMD -MP -MF"Core/Src/stm32f1xx_it.d" -MT"Core/Src/stm32f1xx_it.o" --specs=nano.specs -mfloat-abi=soft -mthumb -o "Core/Src/stm32f1xx_it.o"
In file included from ../Core/Src/main.c:20:
../Core/Inc/main.h:93:12: warning: unsigned conversion from 'int' to 'unsigned char' changes value from '1000' to '232' [-Woverflow]
   93 | #define D1 1000
      |            ^~~~
../Core/Src/main.c:48:20: note: in expansion of macro 'D1'
   48 | uint8_t delay[] = {D1,D2,D3}; // retardos definidos en main.h para el parpadeo del LED en c/ciclo
      |                    ^~
arm-none-eabi-gcc -o "PdM_Practica_2.elf" @"objects.list"   -mcpu=cortex-m3 -T"C:\Users\chris\STM32CubeIDE\workspace_1.13.2\PdM_repositorio\PdM_Practica_2\STM32F103RBTX_FLASH.ld" --specs=nosys.specs -Wl,-Map="PdM_Practica_2.map" -Wl,--gc-sections -static --specs=nano.specs -mfloat-abi=soft -mthumb -Wl,--start-group -lc -lm -Wl,--end-group
Finished building target: PdM_Practica_2.elf
 
arm-none-eabi-size   PdM_Practica_2.elf 
arm-none-eabi-objdump -h -S  PdM_Practica_2.elf  > "PdM_Practica_2.list"
   text	   data	    bss	    dec	    hex	filename
   5892	     28	   1652	   7572	   1d94	PdM_Practica_2.elf
Finished building: default.size.stdout
 
Finished building: PdM_Practica_2.list
 
15:15:37 **** Incremental Build of configuration Debug for project PdM_Practica_2 ****
make -j12 all 
arm-none-eabi-gcc "../Core/Src/main.c" -mcpu=cortex-m3 -std=gnu11 -g3 -DDEBUG -DUSE_HAL_DRIVER -DSTM32F103xB -c -I../Core/Inc -I../Drivers/STM32F1xx_HAL_Driver/Inc -I../Drivers/STM32F1xx_HAL_Driver/Inc/Legacy -I../Drivers/CMSIS/Device/ST/STM32F1xx/Include -I../Drivers/CMSIS/Include -O0 -ffunction-sections -fdata-sections -Wall -fstack-usage -fcyclomatic-complexity -MMD -MP -MF"Core/Src/main.d" -MT"Core/Src/main.o" --specs=nano.specs -mfloat-abi=soft -mthumb -o "Core/Src/main.o"
In file included from ../Core/Src/main.c:20:
../Core/Inc/main.h:93:12: warning: unsigned conversion from 'int' to 'unsigned char' changes value from '1000' to '232' [-Woverflow]
   93 | #define D1 1000
      |            ^~~~
../Core/Src/main.c:48:20: note: in expansion of macro 'D1'
   48 | uint8_t delay[] = {D1,D2,D3}; // retardos definidos en main.h para el parpadeo del LED en c/ciclo
      |                    ^~
arm-none-eabi-gcc -o "PdM_Practica_2.elf" @"objects.list"   -mcpu=cortex-m3 -T"C:\Users\chris\STM32CubeIDE\workspace_1.13.2\PdM_repositorio\PdM_Practica_2\STM32F103RBTX_FLASH.ld" --specs=nosys.specs -Wl,-Map="PdM_Practica_2.map" -Wl,--gc-sections -static --specs=nano.specs -mfloat-abi=soft -mthumb -Wl,--start-group -lc -lm -Wl,--end-group
Finished building target: PdM_Practica_2.elf
 
arm-none-eabi-size   PdM_Practica_2.elf 
arm-none-eabi-objdump -h -S  PdM_Practica_2.elf  > "PdM_Practica_2.list"
   text	   data	    bss	    dec	    hex	filename
   5892	     28	   1652	   7572	   1d94	PdM_Practica_2.elf
Finished building: default.size.stdout
 
Finished building: PdM_Practica_2.list
 
15:17:12 **** Incremental Build of configuration Debug for project PdM_Practica_2 ****
make -j12 all 
arm-none-eabi-size   PdM_Practica_2.elf 
   text	   data	    bss	    dec	    hex	filename
   5892	     28	   1652	   7572	   1d94	PdM_Practica_2.elf
Finished building: default.size.stdout
 
15:20:45 **** Incremental Build of configuration Debug for project PdM_Practica_2 ****
make -j12 all 
arm-none-eabi-gcc "../Core/Src/main.c" -mcpu=cortex-m3 -std=gnu11 -g3 -DDEBUG -DUSE_HAL_DRIVER -DSTM32F103xB -c -I../Core/Inc -I../Drivers/STM32F1xx_HAL_Driver/Inc -I../Drivers/STM32F1xx_HAL_Driver/Inc/Legacy -I../Drivers/CMSIS/Device/ST/STM32F1xx/Include -I../Drivers/CMSIS/Include -O0 -ffunction-sections -fdata-sections -Wall -fstack-usage -fcyclomatic-complexity -MMD -MP -MF"Core/Src/main.d" -MT"Core/Src/main.o" --specs=nano.specs -mfloat-abi=soft -mthumb -o "Core/Src/main.o"
arm-none-eabi-gcc -o "PdM_Practica_2.elf" @"objects.list"   -mcpu=cortex-m3 -T"C:\Users\chris\STM32CubeIDE\workspace_1.13.2\PdM_repositorio\PdM_Practica_2\STM32F103RBTX_FLASH.ld" --specs=nosys.specs -Wl,-Map="PdM_Practica_2.map" -Wl,--gc-sections -static --specs=nano.specs -mfloat-abi=soft -mthumb -Wl,--start-group -lc -lm -Wl,--end-group
Finished building target: PdM_Practica_2.elf
 
arm-none-eabi-size   PdM_Practica_2.elf 
arm-none-eabi-objdump -h -S  PdM_Practica_2.elf  > "PdM_Practica_2.list"
   text	   data	    bss	    dec	    hex	filename
   5896	     32	   1656	   7584	   1da0	PdM_Practica_2.elf
Finished building: default.size.stdout
 
Finished building: PdM_Practica_2.list
 
15:22:52 **** Incremental Build of configuration Debug for project PdM_Practica_2 ****
make -j12 all 
arm-none-eabi-gcc "../Core/Src/main.c" -mcpu=cortex-m3 -std=gnu11 -g3 -DDEBUG -DUSE_HAL_DRIVER -DSTM32F103xB -c -I../Core/Inc -I../Drivers/STM32F1xx_HAL_Driver/Inc -I../Drivers/STM32F1xx_HAL_Driver/Inc/Legacy -I../Drivers/CMSIS/Device/ST/STM32F1xx/Include -I../Drivers/CMSIS/Include -O0 -ffunction-sections -fdata-sections -Wall -fstack-usage -fcyclomatic-complexity -MMD -MP -MF"Core/Src/main.d" -MT"Core/Src/main.o" --specs=nano.specs -mfloat-abi=soft -mthumb -o "Core/Src/main.o"
arm-none-eabi-gcc -o "PdM_Practica_2.elf" @"objects.list"   -mcpu=cortex-m3 -T"C:\Users\chris\STM32CubeIDE\workspace_1.13.2\PdM_repositorio\PdM_Practica_2\STM32F103RBTX_FLASH.ld" --specs=nosys.specs -Wl,-Map="PdM_Practica_2.map" -Wl,--gc-sections -static --specs=nano.specs -mfloat-abi=soft -mthumb -Wl,--start-group -lc -lm -Wl,--end-group
Finished building target: PdM_Practica_2.elf
 
arm-none-eabi-size   PdM_Practica_2.elf 
arm-none-eabi-objdump -h -S  PdM_Practica_2.elf  > "PdM_Practica_2.list"
   text	   data	    bss	    dec	    hex	filename
   5808	     32	   1656	   7496	   1d48	PdM_Practica_2.elf
Finished building: default.size.stdout
 
Finished building: PdM_Practica_2.list
 
15:27:19 **** Incremental Build of configuration Debug for project PdM_Practica_2 ****
make -j12 all 
arm-none-eabi-size   PdM_Practica_2.elf 
   text	   data	    bss	    dec	    hex	filename
   5808	     32	   1656	   7496	   1d48	PdM_Practica_2.elf
Finished building: default.size.stdout
 
15:28:52 **** Incremental Build of configuration Debug for project PdM_Practica_2 ****
make -j12 all 
arm-none-eabi-gcc "../Core/Src/main.c" -mcpu=cortex-m3 -std=gnu11 -g3 -DDEBUG -DUSE_HAL_DRIVER -DSTM32F103xB -c -I../Core/Inc -I../Drivers/STM32F1xx_HAL_Driver/Inc -I../Drivers/STM32F1xx_HAL_Driver/Inc/Legacy -I../Drivers/CMSIS/Device/ST/STM32F1xx/Include -I../Drivers/CMSIS/Include -O0 -ffunction-sections -fdata-sections -Wall -fstack-usage -fcyclomatic-complexity -MMD -MP -MF"Core/Src/main.d" -MT"Core/Src/main.o" --specs=nano.specs -mfloat-abi=soft -mthumb -o "Core/Src/main.o"
arm-none-eabi-gcc "../Core/Src/stm32f1xx_hal_msp.c" -mcpu=cortex-m3 -std=gnu11 -g3 -DDEBUG -DUSE_HAL_DRIVER -DSTM32F103xB -c -I../Core/Inc -I../Drivers/STM32F1xx_HAL_Driver/Inc -I../Drivers/STM32F1xx_HAL_Driver/Inc/Legacy -I../Drivers/CMSIS/Device/ST/STM32F1xx/Include -I../Drivers/CMSIS/Include -O0 -ffunction-sections -fdata-sections -Wall -fstack-usage -fcyclomatic-complexity -MMD -MP -MF"Core/Src/stm32f1xx_hal_msp.d" -MT"Core/Src/stm32f1xx_hal_msp.o" --specs=nano.specs -mfloat-abi=soft -mthumb -o "Core/Src/stm32f1xx_hal_msp.o"
arm-none-eabi-gcc "../Core/Src/stm32f1xx_it.c" -mcpu=cortex-m3 -std=gnu11 -g3 -DDEBUG -DUSE_HAL_DRIVER -DSTM32F103xB -c -I../Core/Inc -I../Drivers/STM32F1xx_HAL_Driver/Inc -I../Drivers/STM32F1xx_HAL_Driver/Inc/Legacy -I../Drivers/CMSIS/Device/ST/STM32F1xx/Include -I../Drivers/CMSIS/Include -O0 -ffunction-sections -fdata-sections -Wall -fstack-usage -fcyclomatic-complexity -MMD -MP -MF"Core/Src/stm32f1xx_it.d" -MT"Core/Src/stm32f1xx_it.o" --specs=nano.specs -mfloat-abi=soft -mthumb -o "Core/Src/stm32f1xx_it.o"
arm-none-eabi-gcc -o "PdM_Practica_2.elf" @"objects.list"   -mcpu=cortex-m3 -T"C:\Users\chris\STM32CubeIDE\workspace_1.13.2\PdM_repositorio\PdM_Practica_2\STM32F103RBTX_FLASH.ld" --specs=nosys.specs -Wl,-Map="PdM_Practica_2.map" -Wl,--gc-sections -static --specs=nano.specs -mfloat-abi=soft -mthumb -Wl,--start-group -lc -lm -Wl,--end-group
Finished building target: PdM_Practica_2.elf
 
arm-none-eabi-size   PdM_Practica_2.elf 
arm-none-eabi-objdump -h -S  PdM_Practica_2.elf  > "PdM_Practica_2.list"
   text	   data	    bss	    dec	    hex	filename
   5808	     32	   1656	   7496	   1d48	PdM_Practica_2.elf
Finished building: default.size.stdout
 
Finished building: PdM_Practica_2.list
 
20:32:14 **** Incremental Build of configuration Debug for project PdM_Practica_2 ****
make -j12 all 
arm-none-eabi-gcc "../Core/Src/main.c" -mcpu=cortex-m3 -std=gnu11 -g3 -DDEBUG -DUSE_HAL_DRIVER -DSTM32F103xB -c -I../Core/Inc -I../Drivers/STM32F1xx_HAL_Driver/Inc -I../Drivers/STM32F1xx_HAL_Driver/Inc/Legacy -I../Drivers/CMSIS/Device/ST/STM32F1xx/Include -I../Drivers/CMSIS/Include -O0 -ffunction-sections -fdata-sections -Wall -fstack-usage -fcyclomatic-complexity -MMD -MP -MF"Core/Src/main.d" -MT"Core/Src/main.o" --specs=nano.specs -mfloat-abi=soft -mthumb -o "Core/Src/main.o"
arm-none-eabi-gcc "../Core/Src/stm32f1xx_hal_msp.c" -mcpu=cortex-m3 -std=gnu11 -g3 -DDEBUG -DUSE_HAL_DRIVER -DSTM32F103xB -c -I../Core/Inc -I../Drivers/STM32F1xx_HAL_Driver/Inc -I../Drivers/STM32F1xx_HAL_Driver/Inc/Legacy -I../Drivers/CMSIS/Device/ST/STM32F1xx/Include -I../Drivers/CMSIS/Include -O0 -ffunction-sections -fdata-sections -Wall -fstack-usage -fcyclomatic-complexity -MMD -MP -MF"Core/Src/stm32f1xx_hal_msp.d" -MT"Core/Src/stm32f1xx_hal_msp.o" --specs=nano.specs -mfloat-abi=soft -mthumb -o "Core/Src/stm32f1xx_hal_msp.o"
arm-none-eabi-gcc "../Core/Src/stm32f1xx_it.c" -mcpu=cortex-m3 -std=gnu11 -g3 -DDEBUG -DUSE_HAL_DRIVER -DSTM32F103xB -c -I../Core/Inc -I../Drivers/STM32F1xx_HAL_Driver/Inc -I../Drivers/STM32F1xx_HAL_Driver/Inc/Legacy -I../Drivers/CMSIS/Device/ST/STM32F1xx/Include -I../Drivers/CMSIS/Include -O0 -ffunction-sections -fdata-sections -Wall -fstack-usage -fcyclomatic-complexity -MMD -MP -MF"Core/Src/stm32f1xx_it.d" -MT"Core/Src/stm32f1xx_it.o" --specs=nano.specs -mfloat-abi=soft -mthumb -o "Core/Src/stm32f1xx_it.o"
arm-none-eabi-gcc -o "PdM_Practica_2.elf" @"objects.list"   -mcpu=cortex-m3 -T"C:\Users\chris\STM32CubeIDE\workspace_1.13.2\PdM_repositorio\PdM_Practica_2\STM32F103RBTX_FLASH.ld" --specs=nosys.specs -Wl,-Map="PdM_Practica_2.map" -Wl,--gc-sections -static --specs=nano.specs -mfloat-abi=soft -mthumb -Wl,--start-group -lc -lm -Wl,--end-group
Finished building target: PdM_Practica_2.elf
 
arm-none-eabi-size   PdM_Practica_2.elf 
arm-none-eabi-objdump -h -S  PdM_Practica_2.elf  > "PdM_Practica_2.list"
   text	   data	    bss	    dec	    hex	filename
   5808	     32	   1656	   7496	   1d48	PdM_Practica_2.elf
Finished building: default.size.stdout
 
Finished building: PdM_Practica_2.list
 
14:03:42 **** Clean-only build of configuration Debug for project Practica2_P3 ****
make -j12 clean 
rm -rf ./Drivers/STM32F4xx_HAL_Driver/Src/stm32f4xx_hal.cyclo ./Drivers/STM32F4xx_HAL_Driver/Src/stm32f4xx_hal.d ./Drivers/STM32F4xx_HAL_Driver/Src/stm32f4xx_hal.o ./Drivers/STM32F4xx_HAL_Driver/Src/stm32f4xx_hal.su ./Drivers/STM32F4xx_HAL_Driver/Src/stm32f4xx_hal_cortex.cyclo ./Drivers/STM32F4xx_HAL_Driver/Src/stm32f4xx_hal_cortex.d ./Drivers/STM32F4xx_HAL_Driver/Src/stm32f4xx_hal_cortex.o ./Drivers/STM32F4xx_HAL_Driver/Src/stm32f4xx_hal_cortex.su ./Drivers/STM32F4xx_HAL_Driver/Src/stm32f4xx_hal_dma.cyclo ./Drivers/STM32F4xx_HAL_Driver/Src/stm32f4xx_hal_dma.d ./Drivers/STM32F4xx_HAL_Driver/Src/stm32f4xx_hal_dma.o ./Drivers/STM32F4xx_HAL_Driver/Src/stm32f4xx_hal_dma.su ./Drivers/STM32F4xx_HAL_Driver/Src/stm32f4xx_hal_dma_ex.cyclo ./Drivers/STM32F4xx_HAL_Driver/Src/stm32f4xx_hal_dma_ex.d ./Drivers/STM32F4xx_HAL_Driver/Src/stm32f4xx_hal_dma_ex.o ./Drivers/STM32F4xx_HAL_Driver/Src/stm32f4xx_hal_dma_ex.su ./Drivers/STM32F4xx_HAL_Driver/Src/stm32f4xx_hal_exti.cyclo ./Drivers/STM32F4xx_HAL_Driver/Src/stm32f4xx_hal_exti.d ./Drivers/STM32F4xx_HAL_Driver/Src/stm32f4xx_hal_exti.o ./Drivers/STM32F4xx_HAL_Driver/Src/stm32f4xx_hal_exti.su ./Drivers/STM32F4xx_HAL_Driver/Src/stm32f4xx_hal_flash.cyclo ./Drivers/STM32F4xx_HAL_Driver/Src/stm32f4xx_hal_flash.d ./Drivers/STM32F4xx_HAL_Driver/Src/stm32f4xx_hal_flash.o ./Drivers/STM32F4xx_HAL_Driver/Src/stm32f4xx_hal_flash.su ./Drivers/STM32F4xx_HAL_Driver/Src/stm32f4xx_hal_flash_ex.cyclo ./Drivers/STM32F4xx_HAL_Driver/Src/stm32f4xx_hal_flash_ex.d ./Drivers/STM32F4xx_HAL_Driver/Src/stm32f4xx_hal_flash_ex.o ./Drivers/STM32F4xx_HAL_Driver/Src/stm32f4xx_hal_flash_ex.su ./Drivers/STM32F4xx_HAL_Driver/Src/stm32f4xx_hal_flash_ramfunc.cyclo ./Drivers/STM32F4xx_HAL_Driver/Src/stm32f4xx_hal_flash_ramfunc.d ./Drivers/STM32F4xx_HAL_Driver/Src/stm32f4xx_hal_flash_ramfunc.o ./Drivers/STM32F4xx_HAL_Driver/Src/stm32f4xx_hal_flash_ramfunc.su ./Drivers/STM32F4xx_HAL_Driver/Src/stm32f4xx_hal_gpio.cyclo ./Drivers/STM32F4xx_HAL_Driver/Src/stm32f4xx_hal_gpio.d ./Drivers/STM32F4xx_HAL_Driver/Src/stm32f4xx_hal_gpio.o ./Drivers/STM32F4xx_HAL_Driver/Src/stm32f4xx_hal_gpio.su ./Drivers/STM32F4xx_HAL_Driver/Src/stm32f4xx_hal_pwr.cyclo ./Drivers/STM32F4xx_HAL_Driver/Src/stm32f4xx_hal_pwr.d ./Drivers/STM32F4xx_HAL_Driver/Src/stm32f4xx_hal_pwr.o ./Drivers/STM32F4xx_HAL_Driver/Src/stm32f4xx_hal_pwr.su ./Drivers/STM32F4xx_HAL_Driver/Src/stm32f4xx_hal_pwr_ex.cyclo ./Drivers/STM32F4xx_HAL_Driver/Src/stm32f4xx_hal_pwr_ex.d ./Drivers/STM32F4xx_HAL_Driver/Src/stm32f4xx_hal_pwr_ex.o ./Drivers/STM32F4xx_HAL_Driver/Src/stm32f4xx_hal_pwr_ex.su ./Drivers/STM32F4xx_HAL_Driver/Src/stm32f4xx_hal_rcc.cyclo ./Drivers/STM32F4xx_HAL_Driver/Src/stm32f4xx_hal_rcc.d ./Drivers/STM32F4xx_HAL_Driver/Src/stm32f4xx_hal_rcc.o ./Drivers/STM32F4xx_HAL_Driver/Src/stm32f4xx_hal_rcc.su ./Drivers/STM32F4xx_HAL_Driver/Src/stm32f4xx_hal_rcc_ex.cyclo ./Drivers/STM32F4xx_HAL_Driver/Src/stm32f4xx_hal_rcc_ex.d ./Drivers/STM32F4xx_HAL_Driver/Src/stm32f4xx_hal_rcc_ex.o ./Drivers/STM32F4xx_HAL_Driver/Src/stm32f4xx_hal_rcc_ex.su ./Drivers/STM32F4xx_HAL_Driver/Src/stm32f4xx_hal_tim.cyclo ./Drivers/STM32F4xx_HAL_Driver/Src/stm32f4xx_hal_tim.d ./Drivers/STM32F4xx_HAL_Driver/Src/stm32f4xx_hal_tim.o ./Drivers/STM32F4xx_HAL_Driver/Src/stm32f4xx_hal_tim.su ./Drivers/STM32F4xx_HAL_Driver/Src/stm32f4xx_hal_tim_ex.cyclo ./Drivers/STM32F4xx_HAL_Driver/Src/stm32f4xx_hal_tim_ex.d ./Drivers/STM32F4xx_HAL_Driver/Src/stm32f4xx_hal_tim_ex.o ./Drivers/STM32F4xx_HAL_Driver/Src/stm32f4xx_hal_tim_ex.su
rm -rf ./Core/Startup/startup_stm32f401retx.d ./Core/Startup/startup_stm32f401retx.o
rm -rf ./Core/Src/gpio.cyclo ./Core/Src/gpio.d ./Core/Src/gpio.o ./Core/Src/gpio.su ./Core/Src/main.cyclo ./Core/Src/main.d ./Core/Src/main.o ./Core/Src/main.su ./Core/Src/stm32f4xx_hal_msp.cyclo ./Core/Src/stm32f4xx_hal_msp.d ./Core/Src/stm32f4xx_hal_msp.o ./Core/Src/stm32f4xx_hal_msp.su ./Core/Src/stm32f4xx_it.cyclo ./Core/Src/stm32f4xx_it.d ./Core/Src/stm32f4xx_it.o ./Core/Src/stm32f4xx_it.su ./Core/Src/syscalls.cyclo ./Core/Src/syscalls.d ./Core/Src/syscalls.o ./Core/Src/syscalls.su ./Core/Src/sysmem.cyclo ./Core/Src/sysmem.d ./Core/Src/sysmem.o ./Core/Src/sysmem.su ./Core/Src/system_stm32f4xx.cyclo ./Core/Src/system_stm32f4xx.d ./Core/Src/system_stm32f4xx.o ./Core/Src/system_stm32f4xx.su
rm -rf Practica2_P3.elf Practica2_P3.list Practica2_P3.map default.size.stdout
 
14:03:44 **** Build of configuration Debug for project Practica2_P3 ****
make -j12 all 
arm-none-eabi-gcc "../Drivers/STM32F4xx_HAL_Driver/Src/stm32f4xx_hal.c" -mcpu=cortex-m4 -std=gnu11 -g3 -DDEBUG -DUSE_HAL_DRIVER -DSTM32F401xE -c -I../Core/Inc -I../Drivers/STM32F4xx_HAL_Driver/Inc -I../Drivers/STM32F4xx_HAL_Driver/Inc/Legacy -I../Drivers/CMSIS/Device/ST/STM32F4xx/Include -I../Drivers/CMSIS/Include -O0 -ffunction-sections -fdata-sections -Wall -fstack-usage -fcyclomatic-complexity -MMD -MP -MF"Drivers/STM32F4xx_HAL_Driver/Src/stm32f4xx_hal.d" -MT"Drivers/STM32F4xx_HAL_Driver/Src/stm32f4xx_hal.o" --specs=nano.specs -mfpu=fpv4-sp-d16 -mfloat-abi=hard -mthumb -o "Drivers/STM32F4xx_HAL_Driver/Src/stm32f4xx_hal.o"
arm-none-eabi-gcc "../Drivers/STM32F4xx_HAL_Driver/Src/stm32f4xx_hal_cortex.c" -mcpu=cortex-m4 -std=gnu11 -g3 -DDEBUG -DUSE_HAL_DRIVER -DSTM32F401xE -c -I../Core/Inc -I../Drivers/STM32F4xx_HAL_Driver/Inc -I../Drivers/STM32F4xx_HAL_Driver/Inc/Legacy -I../Drivers/CMSIS/Device/ST/STM32F4xx/Include -I../Drivers/CMSIS/Include -O0 -ffunction-sections -fdata-sections -Wall -fstack-usage -fcyclomatic-complexity -MMD -MP -MF"Drivers/STM32F4xx_HAL_Driver/Src/stm32f4xx_hal_cortex.d" -MT"Drivers/STM32F4xx_HAL_Driver/Src/stm32f4xx_hal_cortex.o" --specs=nano.specs -mfpu=fpv4-sp-d16 -mfloat-abi=hard -mthumb -o "Drivers/STM32F4xx_HAL_Driver/Src/stm32f4xx_hal_cortex.o"
arm-none-eabi-gcc "../Drivers/STM32F4xx_HAL_Driver/Src/stm32f4xx_hal_dma.c" -mcpu=cortex-m4 -std=gnu11 -g3 -DDEBUG -DUSE_HAL_DRIVER -DSTM32F401xE -c -I../Core/Inc -I../Drivers/STM32F4xx_HAL_Driver/Inc -I../Drivers/STM32F4xx_HAL_Driver/Inc/Legacy -I../Drivers/CMSIS/Device/ST/STM32F4xx/Include -I../Drivers/CMSIS/Include -O0 -ffunction-sections -fdata-sections -Wall -fstack-usage -fcyclomatic-complexity -MMD -MP -MF"Drivers/STM32F4xx_HAL_Driver/Src/stm32f4xx_hal_dma.d" -MT"Drivers/STM32F4xx_HAL_Driver/Src/stm32f4xx_hal_dma.o" --specs=nano.specs -mfpu=fpv4-sp-d16 -mfloat-abi=hard -mthumb -o "Drivers/STM32F4xx_HAL_Driver/Src/stm32f4xx_hal_dma.o"
arm-none-eabi-gcc "../Drivers/STM32F4xx_HAL_Driver/Src/stm32f4xx_hal_dma_ex.c" -mcpu=cortex-m4 -std=gnu11 -g3 -DDEBUG -DUSE_HAL_DRIVER -DSTM32F401xE -c -I../Core/Inc -I../Drivers/STM32F4xx_HAL_Driver/Inc -I../Drivers/STM32F4xx_HAL_Driver/Inc/Legacy -I../Drivers/CMSIS/Device/ST/STM32F4xx/Include -I../Drivers/CMSIS/Include -O0 -ffunction-sections -fdata-sections -Wall -fstack-usage -fcyclomatic-complexity -MMD -MP -MF"Drivers/STM32F4xx_HAL_Driver/Src/stm32f4xx_hal_dma_ex.d" -MT"Drivers/STM32F4xx_HAL_Driver/Src/stm32f4xx_hal_dma_ex.o" --specs=nano.specs -mfpu=fpv4-sp-d16 -mfloat-abi=hard -mthumb -o "Drivers/STM32F4xx_HAL_Driver/Src/stm32f4xx_hal_dma_ex.o"
arm-none-eabi-gcc "../Drivers/STM32F4xx_HAL_Driver/Src/stm32f4xx_hal_exti.c" -mcpu=cortex-m4 -std=gnu11 -g3 -DDEBUG -DUSE_HAL_DRIVER -DSTM32F401xE -c -I../Core/Inc -I../Drivers/STM32F4xx_HAL_Driver/Inc -I../Drivers/STM32F4xx_HAL_Driver/Inc/Legacy -I../Drivers/CMSIS/Device/ST/STM32F4xx/Include -I../Drivers/CMSIS/Include -O0 -ffunction-sections -fdata-sections -Wall -fstack-usage -fcyclomatic-complexity -MMD -MP -MF"Drivers/STM32F4xx_HAL_Driver/Src/stm32f4xx_hal_exti.d" -MT"Drivers/STM32F4xx_HAL_Driver/Src/stm32f4xx_hal_exti.o" --specs=nano.specs -mfpu=fpv4-sp-d16 -mfloat-abi=hard -mthumb -o "Drivers/STM32F4xx_HAL_Driver/Src/stm32f4xx_hal_exti.o"
arm-none-eabi-gcc "../Drivers/STM32F4xx_HAL_Driver/Src/stm32f4xx_hal_flash.c" -mcpu=cortex-m4 -std=gnu11 -g3 -DDEBUG -DUSE_HAL_DRIVER -DSTM32F401xE -c -I../Core/Inc -I../Drivers/STM32F4xx_HAL_Driver/Inc -I../Drivers/STM32F4xx_HAL_Driver/Inc/Legacy -I../Drivers/CMSIS/Device/ST/STM32F4xx/Include -I../Drivers/CMSIS/Include -O0 -ffunction-sections -fdata-sections -Wall -fstack-usage -fcyclomatic-complexity -MMD -MP -MF"Drivers/STM32F4xx_HAL_Driver/Src/stm32f4xx_hal_flash.d" -MT"Drivers/STM32F4xx_HAL_Driver/Src/stm32f4xx_hal_flash.o" --specs=nano.specs -mfpu=fpv4-sp-d16 -mfloat-abi=hard -mthumb -o "Drivers/STM32F4xx_HAL_Driver/Src/stm32f4xx_hal_flash.o"
arm-none-eabi-gcc "../Drivers/STM32F4xx_HAL_Driver/Src/stm32f4xx_hal_flash_ex.c" -mcpu=cortex-m4 -std=gnu11 -g3 -DDEBUG -DUSE_HAL_DRIVER -DSTM32F401xE -c -I../Core/Inc -I../Drivers/STM32F4xx_HAL_Driver/Inc -I../Drivers/STM32F4xx_HAL_Driver/Inc/Legacy -I../Drivers/CMSIS/Device/ST/STM32F4xx/Include -I../Drivers/CMSIS/Include -O0 -ffunction-sections -fdata-sections -Wall -fstack-usage -fcyclomatic-complexity -MMD -MP -MF"Drivers/STM32F4xx_HAL_Driver/Src/stm32f4xx_hal_flash_ex.d" -MT"Drivers/STM32F4xx_HAL_Driver/Src/stm32f4xx_hal_flash_ex.o" --specs=nano.specs -mfpu=fpv4-sp-d16 -mfloat-abi=hard -mthumb -o "Drivers/STM32F4xx_HAL_Driver/Src/stm32f4xx_hal_flash_ex.o"
arm-none-eabi-gcc "../Drivers/STM32F4xx_HAL_Driver/Src/stm32f4xx_hal_flash_ramfunc.c" -mcpu=cortex-m4 -std=gnu11 -g3 -DDEBUG -DUSE_HAL_DRIVER -DSTM32F401xE -c -I../Core/Inc -I../Drivers/STM32F4xx_HAL_Driver/Inc -I../Drivers/STM32F4xx_HAL_Driver/Inc/Legacy -I../Drivers/CMSIS/Device/ST/STM32F4xx/Include -I../Drivers/CMSIS/Include -O0 -ffunction-sections -fdata-sections -Wall -fstack-usage -fcyclomatic-complexity -MMD -MP -MF"Drivers/STM32F4xx_HAL_Driver/Src/stm32f4xx_hal_flash_ramfunc.d" -MT"Drivers/STM32F4xx_HAL_Driver/Src/stm32f4xx_hal_flash_ramfunc.o" --specs=nano.specs -mfpu=fpv4-sp-d16 -mfloat-abi=hard -mthumb -o "Drivers/STM32F4xx_HAL_Driver/Src/stm32f4xx_hal_flash_ramfunc.o"
arm-none-eabi-gcc "../Drivers/STM32F4xx_HAL_Driver/Src/stm32f4xx_hal_gpio.c" -mcpu=cortex-m4 -std=gnu11 -g3 -DDEBUG -DUSE_HAL_DRIVER -DSTM32F401xE -c -I../Core/Inc -I../Drivers/STM32F4xx_HAL_Driver/Inc -I../Drivers/STM32F4xx_HAL_Driver/Inc/Legacy -I../Drivers/CMSIS/Device/ST/STM32F4xx/Include -I../Drivers/CMSIS/Include -O0 -ffunction-sections -fdata-sections -Wall -fstack-usage -fcyclomatic-complexity -MMD -MP -MF"Drivers/STM32F4xx_HAL_Driver/Src/stm32f4xx_hal_gpio.d" -MT"Drivers/STM32F4xx_HAL_Driver/Src/stm32f4xx_hal_gpio.o" --specs=nano.specs -mfpu=fpv4-sp-d16 -mfloat-abi=hard -mthumb -o "Drivers/STM32F4xx_HAL_Driver/Src/stm32f4xx_hal_gpio.o"
arm-none-eabi-gcc "../Drivers/STM32F4xx_HAL_Driver/Src/stm32f4xx_hal_pwr.c" -mcpu=cortex-m4 -std=gnu11 -g3 -DDEBUG -DUSE_HAL_DRIVER -DSTM32F401xE -c -I../Core/Inc -I../Drivers/STM32F4xx_HAL_Driver/Inc -I../Drivers/STM32F4xx_HAL_Driver/Inc/Legacy -I../Drivers/CMSIS/Device/ST/STM32F4xx/Include -I../Drivers/CMSIS/Include -O0 -ffunction-sections -fdata-sections -Wall -fstack-usage -fcyclomatic-complexity -MMD -MP -MF"Drivers/STM32F4xx_HAL_Driver/Src/stm32f4xx_hal_pwr.d" -MT"Drivers/STM32F4xx_HAL_Driver/Src/stm32f4xx_hal_pwr.o" --specs=nano.specs -mfpu=fpv4-sp-d16 -mfloat-abi=hard -mthumb -o "Drivers/STM32F4xx_HAL_Driver/Src/stm32f4xx_hal_pwr.o"
arm-none-eabi-gcc "../Drivers/STM32F4xx_HAL_Driver/Src/stm32f4xx_hal_pwr_ex.c" -mcpu=cortex-m4 -std=gnu11 -g3 -DDEBUG -DUSE_HAL_DRIVER -DSTM32F401xE -c -I../Core/Inc -I../Drivers/STM32F4xx_HAL_Driver/Inc -I../Drivers/STM32F4xx_HAL_Driver/Inc/Legacy -I../Drivers/CMSIS/Device/ST/STM32F4xx/Include -I../Drivers/CMSIS/Include -O0 -ffunction-sections -fdata-sections -Wall -fstack-usage -fcyclomatic-complexity -MMD -MP -MF"Drivers/STM32F4xx_HAL_Driver/Src/stm32f4xx_hal_pwr_ex.d" -MT"Drivers/STM32F4xx_HAL_Driver/Src/stm32f4xx_hal_pwr_ex.o" --specs=nano.specs -mfpu=fpv4-sp-d16 -mfloat-abi=hard -mthumb -o "Drivers/STM32F4xx_HAL_Driver/Src/stm32f4xx_hal_pwr_ex.o"
arm-none-eabi-gcc "../Drivers/STM32F4xx_HAL_Driver/Src/stm32f4xx_hal_rcc.c" -mcpu=cortex-m4 -std=gnu11 -g3 -DDEBUG -DUSE_HAL_DRIVER -DSTM32F401xE -c -I../Core/Inc -I../Drivers/STM32F4xx_HAL_Driver/Inc -I../Drivers/STM32F4xx_HAL_Driver/Inc/Legacy -I../Drivers/CMSIS/Device/ST/STM32F4xx/Include -I../Drivers/CMSIS/Include -O0 -ffunction-sections -fdata-sections -Wall -fstack-usage -fcyclomatic-complexity -MMD -MP -MF"Drivers/STM32F4xx_HAL_Driver/Src/stm32f4xx_hal_rcc.d" -MT"Drivers/STM32F4xx_HAL_Driver/Src/stm32f4xx_hal_rcc.o" --specs=nano.specs -mfpu=fpv4-sp-d16 -mfloat-abi=hard -mthumb -o "Drivers/STM32F4xx_HAL_Driver/Src/stm32f4xx_hal_rcc.o"
arm-none-eabi-gcc "../Drivers/STM32F4xx_HAL_Driver/Src/stm32f4xx_hal_rcc_ex.c" -mcpu=cortex-m4 -std=gnu11 -g3 -DDEBUG -DUSE_HAL_DRIVER -DSTM32F401xE -c -I../Core/Inc -I../Drivers/STM32F4xx_HAL_Driver/Inc -I../Drivers/STM32F4xx_HAL_Driver/Inc/Legacy -I../Drivers/CMSIS/Device/ST/STM32F4xx/Include -I../Drivers/CMSIS/Include -O0 -ffunction-sections -fdata-sections -Wall -fstack-usage -fcyclomatic-complexity -MMD -MP -MF"Drivers/STM32F4xx_HAL_Driver/Src/stm32f4xx_hal_rcc_ex.d" -MT"Drivers/STM32F4xx_HAL_Driver/Src/stm32f4xx_hal_rcc_ex.o" --specs=nano.specs -mfpu=fpv4-sp-d16 -mfloat-abi=hard -mthumb -o "Drivers/STM32F4xx_HAL_Driver/Src/stm32f4xx_hal_rcc_ex.o"
arm-none-eabi-gcc "../Drivers/STM32F4xx_HAL_Driver/Src/stm32f4xx_hal_tim.c" -mcpu=cortex-m4 -std=gnu11 -g3 -DDEBUG -DUSE_HAL_DRIVER -DSTM32F401xE -c -I../Core/Inc -I../Drivers/STM32F4xx_HAL_Driver/Inc -I../Drivers/STM32F4xx_HAL_Driver/Inc/Legacy -I../Drivers/CMSIS/Device/ST/STM32F4xx/Include -I../Drivers/CMSIS/Include -O0 -ffunction-sections -fdata-sections -Wall -fstack-usage -fcyclomatic-complexity -MMD -MP -MF"Drivers/STM32F4xx_HAL_Driver/Src/stm32f4xx_hal_tim.d" -MT"Drivers/STM32F4xx_HAL_Driver/Src/stm32f4xx_hal_tim.o" --specs=nano.specs -mfpu=fpv4-sp-d16 -mfloat-abi=hard -mthumb -o "Drivers/STM32F4xx_HAL_Driver/Src/stm32f4xx_hal_tim.o"
arm-none-eabi-gcc "../Drivers/STM32F4xx_HAL_Driver/Src/stm32f4xx_hal_tim_ex.c" -mcpu=cortex-m4 -std=gnu11 -g3 -DDEBUG -DUSE_HAL_DRIVER -DSTM32F401xE -c -I../Core/Inc -I../Drivers/STM32F4xx_HAL_Driver/Inc -I../Drivers/STM32F4xx_HAL_Driver/Inc/Legacy -I../Drivers/CMSIS/Device/ST/STM32F4xx/Include -I../Drivers/CMSIS/Include -O0 -ffunction-sections -fdata-sections -Wall -fstack-usage -fcyclomatic-complexity -MMD -MP -MF"Drivers/STM32F4xx_HAL_Driver/Src/stm32f4xx_hal_tim_ex.d" -MT"Drivers/STM32F4xx_HAL_Driver/Src/stm32f4xx_hal_tim_ex.o" --specs=nano.specs -mfpu=fpv4-sp-d16 -mfloat-abi=hard -mthumb -o "Drivers/STM32F4xx_HAL_Driver/Src/stm32f4xx_hal_tim_ex.o"
arm-none-eabi-gcc -mcpu=cortex-m4 -g3 -DDEBUG -c -x assembler-with-cpp -MMD -MP -MF"Core/Startup/startup_stm32f401retx.d" -MT"Core/Startup/startup_stm32f401retx.o" --specs=nano.specs -mfpu=fpv4-sp-d16 -mfloat-abi=hard -mthumb -o "Core/Startup/startup_stm32f401retx.o" "../Core/Startup/startup_stm32f401retx.s"
arm-none-eabi-gcc "../Core/Src/gpio.c" -mcpu=cortex-m4 -std=gnu11 -g3 -DDEBUG -DUSE_HAL_DRIVER -DSTM32F401xE -c -I../Core/Inc -I../Drivers/STM32F4xx_HAL_Driver/Inc -I../Drivers/STM32F4xx_HAL_Driver/Inc/Legacy -I../Drivers/CMSIS/Device/ST/STM32F4xx/Include -I../Drivers/CMSIS/Include -O0 -ffunction-sections -fdata-sections -Wall -fstack-usage -fcyclomatic-complexity -MMD -MP -MF"Core/Src/gpio.d" -MT"Core/Src/gpio.o" --specs=nano.specs -mfpu=fpv4-sp-d16 -mfloat-abi=hard -mthumb -o "Core/Src/gpio.o"
arm-none-eabi-gcc "../Core/Src/main.c" -mcpu=cortex-m4 -std=gnu11 -g3 -DDEBUG -DUSE_HAL_DRIVER -DSTM32F401xE -c -I../Core/Inc -I../Drivers/STM32F4xx_HAL_Driver/Inc -I../Drivers/STM32F4xx_HAL_Driver/Inc/Legacy -I../Drivers/CMSIS/Device/ST/STM32F4xx/Include -I../Drivers/CMSIS/Include -O0 -ffunction-sections -fdata-sections -Wall -fstack-usage -fcyclomatic-complexity -MMD -MP -MF"Core/Src/main.d" -MT"Core/Src/main.o" --specs=nano.specs -mfpu=fpv4-sp-d16 -mfloat-abi=hard -mthumb -o "Core/Src/main.o"
arm-none-eabi-gcc "../Core/Src/stm32f4xx_hal_msp.c" -mcpu=cortex-m4 -std=gnu11 -g3 -DDEBUG -DUSE_HAL_DRIVER -DSTM32F401xE -c -I../Core/Inc -I../Drivers/STM32F4xx_HAL_Driver/Inc -I../Drivers/STM32F4xx_HAL_Driver/Inc/Legacy -I../Drivers/CMSIS/Device/ST/STM32F4xx/Include -I../Drivers/CMSIS/Include -O0 -ffunction-sections -fdata-sections -Wall -fstack-usage -fcyclomatic-complexity -MMD -MP -MF"Core/Src/stm32f4xx_hal_msp.d" -MT"Core/Src/stm32f4xx_hal_msp.o" --specs=nano.specs -mfpu=fpv4-sp-d16 -mfloat-abi=hard -mthumb -o "Core/Src/stm32f4xx_hal_msp.o"
arm-none-eabi-gcc "../Core/Src/stm32f4xx_it.c" -mcpu=cortex-m4 -std=gnu11 -g3 -DDEBUG -DUSE_HAL_DRIVER -DSTM32F401xE -c -I../Core/Inc -I../Drivers/STM32F4xx_HAL_Driver/Inc -I../Drivers/STM32F4xx_HAL_Driver/Inc/Legacy -I../Drivers/CMSIS/Device/ST/STM32F4xx/Include -I../Drivers/CMSIS/Include -O0 -ffunction-sections -fdata-sections -Wall -fstack-usage -fcyclomatic-complexity -MMD -MP -MF"Core/Src/stm32f4xx_it.d" -MT"Core/Src/stm32f4xx_it.o" --specs=nano.specs -mfpu=fpv4-sp-d16 -mfloat-abi=hard -mthumb -o "Core/Src/stm32f4xx_it.o"
arm-none-eabi-gcc "../Core/Src/syscalls.c" -mcpu=cortex-m4 -std=gnu11 -g3 -DDEBUG -DUSE_HAL_DRIVER -DSTM32F401xE -c -I../Core/Inc -I../Drivers/STM32F4xx_HAL_Driver/Inc -I../Drivers/STM32F4xx_HAL_Driver/Inc/Legacy -I../Drivers/CMSIS/Device/ST/STM32F4xx/Include -I../Drivers/CMSIS/Include -O0 -ffunction-sections -fdata-sections -Wall -fstack-usage -fcyclomatic-complexity -MMD -MP -MF"Core/Src/syscalls.d" -MT"Core/Src/syscalls.o" --specs=nano.specs -mfpu=fpv4-sp-d16 -mfloat-abi=hard -mthumb -o "Core/Src/syscalls.o"
arm-none-eabi-gcc "../Core/Src/sysmem.c" -mcpu=cortex-m4 -std=gnu11 -g3 -DDEBUG -DUSE_HAL_DRIVER -DSTM32F401xE -c -I../Core/Inc -I../Drivers/STM32F4xx_HAL_Driver/Inc -I../Drivers/STM32F4xx_HAL_Driver/Inc/Legacy -I../Drivers/CMSIS/Device/ST/STM32F4xx/Include -I../Drivers/CMSIS/Include -O0 -ffunction-sections -fdata-sections -Wall -fstack-usage -fcyclomatic-complexity -MMD -MP -MF"Core/Src/sysmem.d" -MT"Core/Src/sysmem.o" --specs=nano.specs -mfpu=fpv4-sp-d16 -mfloat-abi=hard -mthumb -o "Core/Src/sysmem.o"
arm-none-eabi-gcc "../Core/Src/system_stm32f4xx.c" -mcpu=cortex-m4 -std=gnu11 -g3 -DDEBUG -DUSE_HAL_DRIVER -DSTM32F401xE -c -I../Core/Inc -I../Drivers/STM32F4xx_HAL_Driver/Inc -I../Drivers/STM32F4xx_HAL_Driver/Inc/Legacy -I../Drivers/CMSIS/Device/ST/STM32F4xx/Include -I../Drivers/CMSIS/Include -O0 -ffunction-sections -fdata-sections -Wall -fstack-usage -fcyclomatic-complexity -MMD -MP -MF"Core/Src/system_stm32f4xx.d" -MT"Core/Src/system_stm32f4xx.o" --specs=nano.specs -mfpu=fpv4-sp-d16 -mfloat-abi=hard -mthumb -o "Core/Src/system_stm32f4xx.o"
../Core/Src/main.c: In function 'delayRead':
../Core/Src/main.c:180:9: warning: switch condition has boolean value [-Wswitch-bool]
  180 |         switch (delay->running) {
      |         ^~~~~~
../Core/Src/main.c:202:1: warning: control reaches end of non-void function [-Wreturn-type]
  202 | }
      | ^
arm-none-eabi-gcc -o "Practica2_P3.elf" @"objects.list"   -mcpu=cortex-m4 -T"C:\Users\chris\OneDrive\Documents\CESE_2023\2_Programacion_de_Microcontroladores\Revisiones\Curso_PdM_UBA-main\Curso_PdM_UBA-main\Practica2_P3\STM32F401RETX_FLASH.ld" --specs=nosys.specs -Wl,-Map="Practica2_P3.map" -Wl,--gc-sections -static --specs=nano.specs -mfpu=fpv4-sp-d16 -mfloat-abi=hard -mthumb -Wl,--start-group -lc -lm -Wl,--end-group
Finished building target: Practica2_P3.elf
 
arm-none-eabi-size   Practica2_P3.elf 
arm-none-eabi-objdump -h -S  Practica2_P3.elf  > "Practica2_P3.list"
   text	   data	    bss	    dec	    hex	filename
   5900	     32	   1584	   7516	   1d5c	Practica2_P3.elf
Finished building: default.size.stdout
 
Finished building: Practica2_P3.list
 
14:17:58 **** Incremental Build of configuration Debug for project Practica2_P3 ****
make -j12 all 
arm-none-eabi-size   Practica2_P3.elf 
   text	   data	    bss	    dec	    hex	filename
   5900	     32	   1584	   7516	   1d5c	Practica2_P3.elf
Finished building: default.size.stdout
 
14:18:16 **** Build of configuration Debug for project rev_Practica2_P3_GodoHeredia ****
make -j12 all 
arm-none-eabi-gcc "../Drivers/STM32F1xx_HAL_Driver/Src/stm32f1xx_hal.c" -mcpu=cortex-m3 -std=gnu11 -g3 -DDEBUG -DUSE_HAL_DRIVER -DSTM32F103xB -c -I../Core/Inc -I../Drivers/STM32F1xx_HAL_Driver/Inc -I../Drivers/STM32F1xx_HAL_Driver/Inc/Legacy -I../Drivers/CMSIS/Device/ST/STM32F1xx/Include -I../Drivers/CMSIS/Include -O0 -ffunction-sections -fdata-sections -Wall -fstack-usage -fcyclomatic-complexity -MMD -MP -MF"Drivers/STM32F1xx_HAL_Driver/Src/stm32f1xx_hal.d" -MT"Drivers/STM32F1xx_HAL_Driver/Src/stm32f1xx_hal.o" --specs=nano.specs -mfloat-abi=soft -mthumb -o "Drivers/STM32F1xx_HAL_Driver/Src/stm32f1xx_hal.o"
arm-none-eabi-gcc "../Drivers/STM32F1xx_HAL_Driver/Src/stm32f1xx_hal_cortex.c" -mcpu=cortex-m3 -std=gnu11 -g3 -DDEBUG -DUSE_HAL_DRIVER -DSTM32F103xB -c -I../Core/Inc -I../Drivers/STM32F1xx_HAL_Driver/Inc -I../Drivers/STM32F1xx_HAL_Driver/Inc/Legacy -I../Drivers/CMSIS/Device/ST/STM32F1xx/Include -I../Drivers/CMSIS/Include -O0 -ffunction-sections -fdata-sections -Wall -fstack-usage -fcyclomatic-complexity -MMD -MP -MF"Drivers/STM32F1xx_HAL_Driver/Src/stm32f1xx_hal_cortex.d" -MT"Drivers/STM32F1xx_HAL_Driver/Src/stm32f1xx_hal_cortex.o" --specs=nano.specs -mfloat-abi=soft -mthumb -o "Drivers/STM32F1xx_HAL_Driver/Src/stm32f1xx_hal_cortex.o"
arm-none-eabi-gcc "../Drivers/STM32F1xx_HAL_Driver/Src/stm32f1xx_hal_dma.c" -mcpu=cortex-m3 -std=gnu11 -g3 -DDEBUG -DUSE_HAL_DRIVER -DSTM32F103xB -c -I../Core/Inc -I../Drivers/STM32F1xx_HAL_Driver/Inc -I../Drivers/STM32F1xx_HAL_Driver/Inc/Legacy -I../Drivers/CMSIS/Device/ST/STM32F1xx/Include -I../Drivers/CMSIS/Include -O0 -ffunction-sections -fdata-sections -Wall -fstack-usage -fcyclomatic-complexity -MMD -MP -MF"Drivers/STM32F1xx_HAL_Driver/Src/stm32f1xx_hal_dma.d" -MT"Drivers/STM32F1xx_HAL_Driver/Src/stm32f1xx_hal_dma.o" --specs=nano.specs -mfloat-abi=soft -mthumb -o "Drivers/STM32F1xx_HAL_Driver/Src/stm32f1xx_hal_dma.o"
arm-none-eabi-gcc "../Drivers/STM32F1xx_HAL_Driver/Src/stm32f1xx_hal_exti.c" -mcpu=cortex-m3 -std=gnu11 -g3 -DDEBUG -DUSE_HAL_DRIVER -DSTM32F103xB -c -I../Core/Inc -I../Drivers/STM32F1xx_HAL_Driver/Inc -I../Drivers/STM32F1xx_HAL_Driver/Inc/Legacy -I../Drivers/CMSIS/Device/ST/STM32F1xx/Include -I../Drivers/CMSIS/Include -O0 -ffunction-sections -fdata-sections -Wall -fstack-usage -fcyclomatic-complexity -MMD -MP -MF"Drivers/STM32F1xx_HAL_Driver/Src/stm32f1xx_hal_exti.d" -MT"Drivers/STM32F1xx_HAL_Driver/Src/stm32f1xx_hal_exti.o" --specs=nano.specs -mfloat-abi=soft -mthumb -o "Drivers/STM32F1xx_HAL_Driver/Src/stm32f1xx_hal_exti.o"
arm-none-eabi-gcc "../Drivers/STM32F1xx_HAL_Driver/Src/stm32f1xx_hal_flash.c" -mcpu=cortex-m3 -std=gnu11 -g3 -DDEBUG -DUSE_HAL_DRIVER -DSTM32F103xB -c -I../Core/Inc -I../Drivers/STM32F1xx_HAL_Driver/Inc -I../Drivers/STM32F1xx_HAL_Driver/Inc/Legacy -I../Drivers/CMSIS/Device/ST/STM32F1xx/Include -I../Drivers/CMSIS/Include -O0 -ffunction-sections -fdata-sections -Wall -fstack-usage -fcyclomatic-complexity -MMD -MP -MF"Drivers/STM32F1xx_HAL_Driver/Src/stm32f1xx_hal_flash.d" -MT"Drivers/STM32F1xx_HAL_Driver/Src/stm32f1xx_hal_flash.o" --specs=nano.specs -mfloat-abi=soft -mthumb -o "Drivers/STM32F1xx_HAL_Driver/Src/stm32f1xx_hal_flash.o"
[...]
      |                   ~~~~~~~~~~^~~~~
../Core/Src/main.c:265:40: warning: assignment to 'debounceState_t *' from 'int' makes pointer from integer without a cast [-Wint-conversion]
  265 |                                 estado = BUTTON_DOWN;
      |                                        ^
../Core/Src/main.c:274:32: warning: assignment to 'debounceState_t *' from 'int' makes pointer from integer without a cast [-Wint-conversion]
  274 |                         estado = BUTTON_RAISING;
      |                                ^
../Core/Src/main.c:280:30: warning: passing argument 1 of 'delayRead' from incompatible pointer type [-Wincompatible-pointer-types]
  280 |                 if(delayRead(&delay) == true){ // si transcurrio el debounceDelay, muestrear pulsador nuevamente
      |                              ^~~~~~
      |                              |
      |                              delay_t **
In file included from ../Core/Src/main.c:24:
C:/Users/chris/STM32CubeIDE/workspace_1.13.2/PdM_repositorio/PdM_Practica_4/Drivers/API/Inc/API_delay.h:42:29: note: expected 'delay_t *' but argument is of type 'delay_t **'
   42 | bool_t delayRead( delay_t * delay ); // verifica el flag running y compara el contador/duracion. Inicia el timer si no comenzo
      |                   ~~~~~~~~~~^~~~~
../Core/Src/main.c:282:40: warning: assignment to 'debounceState_t *' from 'int' makes pointer from integer without a cast [-Wint-conversion]
  282 |                                 estado = BUTTON_DOWN; // si sigue low, el estado vuelve a BUTTON_DOWN
      |                                        ^
arm-none-eabi-gcc -o "PdM_Practica_4.elf" @"objects.list"   -mcpu=cortex-m3 -T"C:\Users\chris\STM32CubeIDE\workspace_1.13.2\PdM_repositorio\PdM_Practica_4\STM32F103RBTX_FLASH.ld" --specs=nosys.specs -Wl,-Map="PdM_Practica_4.map" -Wl,--gc-sections -static --specs=nano.specs -mfloat-abi=soft -mthumb -Wl,--start-group -lc -lm -Wl,--end-group
Finished building target: PdM_Practica_4.elf
 
arm-none-eabi-size   PdM_Practica_4.elf 
arm-none-eabi-objdump -h -S  PdM_Practica_4.elf  > "PdM_Practica_4.list"
   text	   data	    bss	    dec	    hex	filename
   6020	     20	   1660	   7700	   1e14	PdM_Practica_4.elf
Finished building: default.size.stdout
 
Finished building: PdM_Practica_4.list
 
17:23:04 **** Incremental Build of configuration Debug for project PdM_Practica_4 ****
make -j12 all 
arm-none-eabi-size   PdM_Practica_4.elf 
   text	   data	    bss	    dec	    hex	filename
   6020	     20	   1660	   7700	   1e14	PdM_Practica_4.elf
Finished building: default.size.stdout
 
17:24:29 **** Incremental Build of configuration Debug for project PdM_Practica_4 ****
make -j12 all 
arm-none-eabi-gcc "../Core/Src/main.c" -mcpu=cortex-m3 -std=gnu11 -g3 -DDEBUG -DUSE_HAL_DRIVER -DSTM32F103xB -c -I../Core/Inc -I../Drivers/STM32F1xx_HAL_Driver/Inc -I../Drivers/STM32F1xx_HAL_Driver/Inc/Legacy -I../Drivers/CMSIS/Device/ST/STM32F1xx/Include -I../Drivers/CMSIS/Include -I"C:/Users/chris/STM32CubeIDE/workspace_1.13.2/PdM_repositorio/PdM_Practica_4/Drivers/API/Inc" -I"C:/Users/chris/STM32CubeIDE/workspace_1.13.2/PdM_repositorio/PdM_Practica_4/Drivers/API/Src" -O0 -ffunction-sections -fdata-sections -Wall -fstack-usage -fcyclomatic-complexity -MMD -MP -MF"Core/Src/main.d" -MT"Core/Src/main.o" --specs=nano.specs -mfloat-abi=soft -mthumb -o "Core/Src/main.o"
../Core/Src/main.c: In function 'debounceFSM_update':
../Core/Src/main.c:261:30: warning: passing argument 1 of 'delayRead' from incompatible pointer type [-Wincompatible-pointer-types]
  261 |                 if(delayRead(&delay) == true){ // si transcurrio el debounceDelay, muestrear pulsador nuevamente. Iniciar delay si es llamado por 1ra vez
      |                              ^~~~~~
      |                              |
      |                              delay_t **
In file included from ../Core/Src/main.c:24:
C:/Users/chris/STM32CubeIDE/workspace_1.13.2/PdM_repositorio/PdM_Practica_4/Drivers/API/Inc/API_delay.h:42:29: note: expected 'delay_t *' but argument is of type 'delay_t **'
   42 | bool_t delayRead( delay_t * delay ); // verifica el flag running y compara el contador/duracion. Inicia el timer si no comenzo
      |                   ~~~~~~~~~~^~~~~
../Core/Src/main.c:265:40: warning: assignment to 'debounceState_t *' from 'int' makes pointer from integer without a cast [-Wint-conversion]
  265 |                                 estado = BUTTON_DOWN;
      |                                        ^
../Core/Src/main.c:274:32: warning: assignment to 'debounceState_t *' from 'int' makes pointer from integer without a cast [-Wint-conversion]
  274 |                         estado = BUTTON_RAISING;
      |                                ^
../Core/Src/main.c:280:30: warning: passing argument 1 of 'delayRead' from incompatible pointer type [-Wincompatible-pointer-types]
  280 |                 if(delayRead(&delay) == true){ // si transcurrio el debounceDelay, muestrear pulsador nuevamente
      |                              ^~~~~~
      |                              |
      |                              delay_t **
In file included from ../Core/Src/main.c:24:
C:/Users/chris/STM32CubeIDE/workspace_1.13.2/PdM_repositorio/PdM_Practica_4/Drivers/API/Inc/API_delay.h:42:29: note: expected 'delay_t *' but argument is of type 'delay_t **'
   42 | bool_t delayRead( delay_t * delay ); // verifica el flag running y compara el contador/duracion. Inicia el timer si no comenzo
      |                   ~~~~~~~~~~^~~~~
../Core/Src/main.c:282:40: warning: assignment to 'debounceState_t *' from 'int' makes pointer from integer without a cast [-Wint-conversion]
  282 |                                 estado = BUTTON_DOWN; // si sigue low, el estado vuelve a BUTTON_DOWN
      |                                        ^
arm-none-eabi-gcc -o "PdM_Practica_4.elf" @"objects.list"   -mcpu=cortex-m3 -T"C:\Users\chris\STM32CubeIDE\workspace_1.13.2\PdM_repositorio\PdM_Practica_4\STM32F103RBTX_FLASH.ld" --specs=nosys.specs -Wl,-Map="PdM_Practica_4.map" -Wl,--gc-sections -static --specs=nano.specs -mfloat-abi=soft -mthumb -Wl,--start-group -lc -lm -Wl,--end-group
Finished building target: PdM_Practica_4.elf
 
arm-none-eabi-size   PdM_Practica_4.elf 
arm-none-eabi-objdump -h -S  PdM_Practica_4.elf  > "PdM_Practica_4.list"
   text	   data	    bss	    dec	    hex	filename
   6020	     20	   1660	   7700	   1e14	PdM_Practica_4.elf
Finished building: default.size.stdout
 
Finished building: PdM_Practica_4.list
 
17:25:34 **** Incremental Build of configuration Debug for project PdM_Practica_4 ****
make -j12 all 
arm-none-eabi-gcc "../Core/Src/main.c" -mcpu=cortex-m3 -std=gnu11 -g3 -DDEBUG -DUSE_HAL_DRIVER -DSTM32F103xB -c -I../Core/Inc -I../Drivers/STM32F1xx_HAL_Driver/Inc -I../Drivers/STM32F1xx_HAL_Driver/Inc/Legacy -I../Drivers/CMSIS/Device/ST/STM32F1xx/Include -I../Drivers/CMSIS/Include -I"C:/Users/chris/STM32CubeIDE/workspace_1.13.2/PdM_repositorio/PdM_Practica_4/Drivers/API/Inc" -I"C:/Users/chris/STM32CubeIDE/workspace_1.13.2/PdM_repositorio/PdM_Practica_4/Drivers/API/Src" -O0 -ffunction-sections -fdata-sections -Wall -fstack-usage -fcyclomatic-complexity -MMD -MP -MF"Core/Src/main.d" -MT"Core/Src/main.o" --specs=nano.specs -mfloat-abi=soft -mthumb -o "Core/Src/main.o"
../Core/Src/main.c: In function 'debounceFSM_update':
../Core/Src/main.c:261:30: warning: passing argument 1 of 'delayRead' from incompatible pointer type [-Wincompatible-pointer-types]
  261 |                 if(delayRead(&delay) == true){ // si transcurrio el debounceDelay, muestrear pulsador nuevamente. Iniciar delay si es llamado por 1ra vez
      |                              ^~~~~~
      |                              |
      |                              delay_t **
In file included from ../Core/Src/main.c:24:
C:/Users/chris/STM32CubeIDE/workspace_1.13.2/PdM_repositorio/PdM_Practica_4/Drivers/API/Inc/API_delay.h:42:29: note: expected 'delay_t *' but argument is of type 'delay_t **'
   42 | bool_t delayRead( delay_t * delay ); // verifica el flag running y compara el contador/duracion. Inicia el timer si no comenzo
      |                   ~~~~~~~~~~^~~~~
../Core/Src/main.c:280:30: warning: passing argument 1 of 'delayRead' from incompatible pointer type [-Wincompatible-pointer-types]
  280 |                 if(delayRead(&delay) == true){ // si transcurrio el debounceDelay, muestrear pulsador nuevamente
      |                              ^~~~~~
      |                              |
      |                              delay_t **
In file included from ../Core/Src/main.c:24:
C:/Users/chris/STM32CubeIDE/workspace_1.13.2/PdM_repositorio/PdM_Practica_4/Drivers/API/Inc/API_delay.h:42:29: note: expected 'delay_t *' but argument is of type 'delay_t **'
   42 | bool_t delayRead( delay_t * delay ); // verifica el flag running y compara el contador/duracion. Inicia el timer si no comenzo
      |                   ~~~~~~~~~~^~~~~
arm-none-eabi-gcc -o "PdM_Practica_4.elf" @"objects.list"   -mcpu=cortex-m3 -T"C:\Users\chris\STM32CubeIDE\workspace_1.13.2\PdM_repositorio\PdM_Practica_4\STM32F103RBTX_FLASH.ld" --specs=nosys.specs -Wl,-Map="PdM_Practica_4.map" -Wl,--gc-sections -static --specs=nano.specs -mfloat-abi=soft -mthumb -Wl,--start-group -lc -lm -Wl,--end-group
Finished building target: PdM_Practica_4.elf
 
arm-none-eabi-size   PdM_Practica_4.elf 
arm-none-eabi-objdump -h -S  PdM_Practica_4.elf  > "PdM_Practica_4.list"
   text	   data	    bss	    dec	    hex	filename
   6032	     20	   1660	   7712	   1e20	PdM_Practica_4.elf
Finished building: default.size.stdout
 
Finished building: PdM_Practica_4.list
 
17:29:01 **** Incremental Build of configuration Debug for project PdM_Practica_4 ****
make -j12 all 
arm-none-eabi-gcc "../Core/Src/main.c" -mcpu=cortex-m3 -std=gnu11 -g3 -DDEBUG -DUSE_HAL_DRIVER -DSTM32F103xB -c -I../Core/Inc -I../Drivers/STM32F1xx_HAL_Driver/Inc -I../Drivers/STM32F1xx_HAL_Driver/Inc/Legacy -I../Drivers/CMSIS/Device/ST/STM32F1xx/Include -I../Drivers/CMSIS/Include -I"C:/Users/chris/STM32CubeIDE/workspace_1.13.2/PdM_repositorio/PdM_Practica_4/Drivers/API/Inc" -I"C:/Users/chris/STM32CubeIDE/workspace_1.13.2/PdM_repositorio/PdM_Practica_4/Drivers/API/Src" -O0 -ffunction-sections -fdata-sections -Wall -fstack-usage -fcyclomatic-complexity -MMD -MP -MF"Core/Src/main.d" -MT"Core/Src/main.o" --specs=nano.specs -mfloat-abi=soft -mthumb -o "Core/Src/main.o"
arm-none-eabi-gcc -o "PdM_Practica_4.elf" @"objects.list"   -mcpu=cortex-m3 -T"C:\Users\chris\STM32CubeIDE\workspace_1.13.2\PdM_repositorio\PdM_Practica_4\STM32F103RBTX_FLASH.ld" --specs=nosys.specs -Wl,-Map="PdM_Practica_4.map" -Wl,--gc-sections -static --specs=nano.specs -mfloat-abi=soft -mthumb -Wl,--start-group -lc -lm -Wl,--end-group
Finished building target: PdM_Practica_4.elf
 
arm-none-eabi-size   PdM_Practica_4.elf 
arm-none-eabi-objdump -h -S  PdM_Practica_4.elf  > "PdM_Practica_4.list"
   text	   data	    bss	    dec	    hex	filename
   6028	     20	   1660	   7708	   1e1c	PdM_Practica_4.elf
Finished building: default.size.stdout
 
Finished building: PdM_Practica_4.list
 
17:29:31 **** Incremental Build of configuration Debug for project PdM_Practica_4 ****
make -j12 all 
arm-none-eabi-size   PdM_Practica_4.elf 
   text	   data	    bss	    dec	    hex	filename
   6028	     20	   1660	   7708	   1e1c	PdM_Practica_4.elf
Finished building: default.size.stdout
 
17:32:22 **** Incremental Build of configuration Debug for project PdM_Practica_4 ****
make -j12 all 
arm-none-eabi-gcc "../Core/Src/main.c" -mcpu=cortex-m3 -std=gnu11 -g3 -DDEBUG -DUSE_HAL_DRIVER -DSTM32F103xB -c -I../Core/Inc -I../Drivers/STM32F1xx_HAL_Driver/Inc -I../Drivers/STM32F1xx_HAL_Driver/Inc/Legacy -I../Drivers/CMSIS/Device/ST/STM32F1xx/Include -I../Drivers/CMSIS/Include -I"C:/Users/chris/STM32CubeIDE/workspace_1.13.2/PdM_repositorio/PdM_Practica_4/Drivers/API/Inc" -I"C:/Users/chris/STM32CubeIDE/workspace_1.13.2/PdM_repositorio/PdM_Practica_4/Drivers/API/Src" -O0 -ffunction-sections -fdata-sections -Wall -fstack-usage -fcyclomatic-complexity -MMD -MP -MF"Core/Src/main.d" -MT"Core/Src/main.o" --specs=nano.specs -mfloat-abi=soft -mthumb -o "Core/Src/main.o"
../Core/Src/main.c: In function 'debounceFSM_update':
../Core/Src/main.c:261:30: error: incompatible type for argument 1 of 'delayRead'
  261 |                 if(delayRead(*delay) == true){ // si transcurrio el debounceDelay, muestrear pulsador nuevamente. Iniciar delay si es llamado por 1ra vez
      |                              ^~~~~~
      |                              |
      |                              delay_t
In file included from ../Core/Src/main.c:24:
C:/Users/chris/STM32CubeIDE/workspace_1.13.2/PdM_repositorio/PdM_Practica_4/Drivers/API/Inc/API_delay.h:42:29: note: expected 'delay_t *' but argument is of type 'delay_t'
   42 | bool_t delayRead( delay_t * delay ); // verifica el flag running y compara el contador/duracion. Inicia el timer si no comenzo
      |                   ~~~~~~~~~~^~~~~
../Core/Src/main.c:280:30: error: incompatible type for argument 1 of 'delayRead'
  280 |                 if(delayRead(*delay) == true){ // si transcurrio el debounceDelay, muestrear pulsador nuevamente
      |                              ^~~~~~
      |                              |
      |                              delay_t
In file included from ../Core/Src/main.c:24:
C:/Users/chris/STM32CubeIDE/workspace_1.13.2/PdM_repositorio/PdM_Practica_4/Drivers/API/Inc/API_delay.h:42:29: note: expected 'delay_t *' but argument is of type 'delay_t'
   42 | bool_t delayRead( delay_t * delay ); // verifica el flag running y compara el contador/duracion. Inicia el timer si no comenzo
      |                   ~~~~~~~~~~^~~~~
make: *** [Core/Src/subdir.mk:34: Core/Src/main.o] Error 1
"make -j12 all" terminated with exit code 2. Build might be incomplete.
17:33:07 **** Incremental Build of configuration Debug for project PdM_Practica_4 ****
make -j12 all 
arm-none-eabi-gcc "../Core/Src/main.c" -mcpu=cortex-m3 -std=gnu11 -g3 -DDEBUG -DUSE_HAL_DRIVER -DSTM32F103xB -c -I../Core/Inc -I../Drivers/STM32F1xx_HAL_Driver/Inc -I../Drivers/STM32F1xx_HAL_Driver/Inc/Legacy -I../Drivers/CMSIS/Device/ST/STM32F1xx/Include -I../Drivers/CMSIS/Include -I"C:/Users/chris/STM32CubeIDE/workspace_1.13.2/PdM_repositorio/PdM_Practica_4/Drivers/API/Inc" -I"C:/Users/chris/STM32CubeIDE/workspace_1.13.2/PdM_repositorio/PdM_Practica_4/Drivers/API/Src" -O0 -ffunction-sections -fdata-sections -Wall -fstack-usage -fcyclomatic-complexity -MMD -MP -MF"Core/Src/main.d" -MT"Core/Src/main.o" --specs=nano.specs -mfloat-abi=soft -mthumb -o "Core/Src/main.o"
../Core/Src/main.c: In function 'debounceFSM_update':
../Core/Src/main.c:261:30: warning: passing argument 1 of 'delayRead' from incompatible pointer type [-Wincompatible-pointer-types]
  261 |                 if(delayRead(&delay) == true){ // si transcurrio el debounceDelay, muestrear pulsador nuevamente. Iniciar delay si es llamado por 1ra vez
      |                              ^~~~~~
      |                              |
      |                              delay_t **
In file included from ../Core/Src/main.c:24:
C:/Users/chris/STM32CubeIDE/workspace_1.13.2/PdM_repositorio/PdM_Practica_4/Drivers/API/Inc/API_delay.h:42:29: note: expected 'delay_t *' but argument is of type 'delay_t **'
   42 | bool_t delayRead( delay_t * delay ); // verifica el flag running y compara el contador/duracion. Inicia el timer si no comenzo
      |                   ~~~~~~~~~~^~~~~
../Core/Src/main.c:280:30: warning: passing argument 1 of 'delayRead' from incompatible pointer type [-Wincompatible-pointer-types]
  280 |                 if(delayRead(&delay) == true){ // si transcurrio el debounceDelay, muestrear pulsador nuevamente
      |                              ^~~~~~
      |                              |
      |                              delay_t **
In file included from ../Core/Src/main.c:24:
C:/Users/chris/STM32CubeIDE/workspace_1.13.2/PdM_repositorio/PdM_Practica_4/Drivers/API/Inc/API_delay.h:42:29: note: expected 'delay_t *' but argument is of type 'delay_t **'
   42 | bool_t delayRead( delay_t * delay ); // verifica el flag running y compara el contador/duracion. Inicia el timer si no comenzo
      |                   ~~~~~~~~~~^~~~~
arm-none-eabi-gcc -o "PdM_Practica_4.elf" @"objects.list"   -mcpu=cortex-m3 -T"C:\Users\chris\STM32CubeIDE\workspace_1.13.2\PdM_repositorio\PdM_Practica_4\STM32F103RBTX_FLASH.ld" --specs=nosys.specs -Wl,-Map="PdM_Practica_4.map" -Wl,--gc-sections -static --specs=nano.specs -mfloat-abi=soft -mthumb -Wl,--start-group -lc -lm -Wl,--end-group
Finished building target: PdM_Practica_4.elf
 
arm-none-eabi-size   PdM_Practica_4.elf 
arm-none-eabi-objdump -h -S  PdM_Practica_4.elf  > "PdM_Practica_4.list"
   text	   data	    bss	    dec	    hex	filename
   6032	     20	   1660	   7712	   1e20	PdM_Practica_4.elf
Finished building: default.size.stdout
 
Finished building: PdM_Practica_4.list
 
18:38:38 **** Incremental Build of configuration Debug for project PdM_Practica_4 ****
make -j12 all 
arm-none-eabi-gcc "../Core/Src/main.c" -mcpu=cortex-m3 -std=gnu11 -g3 -DDEBUG -DUSE_HAL_DRIVER -DSTM32F103xB -c -I../Core/Inc -I../Drivers/STM32F1xx_HAL_Driver/Inc -I../Drivers/STM32F1xx_HAL_Driver/Inc/Legacy -I../Drivers/CMSIS/Device/ST/STM32F1xx/Include -I../Drivers/CMSIS/Include -I"C:/Users/chris/STM32CubeIDE/workspace_1.13.2/PdM_repositorio/PdM_Practica_4/Drivers/API/Inc" -I"C:/Users/chris/STM32CubeIDE/workspace_1.13.2/PdM_repositorio/PdM_Practica_4/Drivers/API/Src" -O0 -ffunction-sections -fdata-sections -Wall -fstack-usage -fcyclomatic-complexity -MMD -MP -MF"Core/Src/main.d" -MT"Core/Src/main.o" --specs=nano.specs -mfloat-abi=soft -mthumb -o "Core/Src/main.o"
arm-none-eabi-gcc -o "PdM_Practica_4.elf" @"objects.list"   -mcpu=cortex-m3 -T"C:\Users\chris\STM32CubeIDE\workspace_1.13.2\PdM_repositorio\PdM_Practica_4\STM32F103RBTX_FLASH.ld" --specs=nosys.specs -Wl,-Map="PdM_Practica_4.map" -Wl,--gc-sections -static --specs=nano.specs -mfloat-abi=soft -mthumb -Wl,--start-group -lc -lm -Wl,--end-group
Finished building target: PdM_Practica_4.elf
 
arm-none-eabi-size   PdM_Practica_4.elf 
arm-none-eabi-objdump -h -S  PdM_Practica_4.elf  > "PdM_Practica_4.list"
   text	   data	    bss	    dec	    hex	filename
   6028	     20	   1660	   7708	   1e1c	PdM_Practica_4.elf
Finished building: default.size.stdout
 
Finished building: PdM_Practica_4.list
 
18:57:15 **** Incremental Build of configuration Debug for project PdM_Practica_4 ****
make -j12 all 
arm-none-eabi-gcc "../Core/Src/main.c" -mcpu=cortex-m3 -std=gnu11 -g3 -DDEBUG -DUSE_HAL_DRIVER -DSTM32F103xB -c -I../Core/Inc -I../Drivers/STM32F1xx_HAL_Driver/Inc -I../Drivers/STM32F1xx_HAL_Driver/Inc/Legacy -I../Drivers/CMSIS/Device/ST/STM32F1xx/Include -I../Drivers/CMSIS/Include -I"C:/Users/chris/STM32CubeIDE/workspace_1.13.2/PdM_repositorio/PdM_Practica_4/Drivers/API/Inc" -I"C:/Users/chris/STM32CubeIDE/workspace_1.13.2/PdM_repositorio/PdM_Practica_4/Drivers/API/Src" -O0 -ffunction-sections -fdata-sections -Wall -fstack-usage -fcyclomatic-complexity -MMD -MP -MF"Core/Src/main.d" -MT"Core/Src/main.o" --specs=nano.specs -mfloat-abi=soft -mthumb -o "Core/Src/main.o"
arm-none-eabi-gcc -o "PdM_Practica_4.elf" @"objects.list"   -mcpu=cortex-m3 -T"C:\Users\chris\STM32CubeIDE\workspace_1.13.2\PdM_repositorio\PdM_Practica_4\STM32F103RBTX_FLASH.ld" --specs=nosys.specs -Wl,-Map="PdM_Practica_4.map" -Wl,--gc-sections -static --specs=nano.specs -mfloat-abi=soft -mthumb -Wl,--start-group -lc -lm -Wl,--end-group
Finished building target: PdM_Practica_4.elf
 
arm-none-eabi-size   PdM_Practica_4.elf 
arm-none-eabi-objdump -h -S  PdM_Practica_4.elf  > "PdM_Practica_4.list"
   text	   data	    bss	    dec	    hex	filename
   6032	     20	   1660	   7712	   1e20	PdM_Practica_4.elf
Finished building: default.size.stdout
 
Finished building: PdM_Practica_4.list
 
