18:57:15 **** Incremental Build of configuration Debug for project PdM_Practica_4 ****
make -j12 all 
arm-none-eabi-gcc "../Core/Src/main.c" -mcpu=cortex-m3 -std=gnu11 -g3 -DDEBUG -DUSE_HAL_DRIVER -DSTM32F103xB -c -I../Core/Inc -I../Drivers/STM32F1xx_HAL_Driver/Inc -I../Drivers/STM32F1xx_HAL_Driver/Inc/Legacy -I../Drivers/CMSIS/Device/ST/STM32F1xx/Include -I../Drivers/CMSIS/Include -I"C:/Users/chris/STM32CubeIDE/workspace_1.13.2/PdM_repositorio/PdM_Practica_4/Drivers/API/Inc" -I"C:/Users/chris/STM32CubeIDE/workspace_1.13.2/PdM_repositorio/PdM_Practica_4/Drivers/API/Src" -O0 -ffunction-sections -fdata-sections -Wall -fstack-usage -fcyclomatic-complexity -MMD -MP -MF"Core/Src/main.d" -MT"Core/Src/main.o" --specs=nano.specs -mfloat-abi=soft -mthumb -o "Core/Src/main.o"
arm-none-eabi-gcc -o "PdM_Practica_4.elf" @"objects.list"   -mcpu=cortex-m3 -T"C:\Users\chris\STM32CubeIDE\workspace_1.13.2\PdM_repositorio\PdM_Practica_4\STM32F103RBTX_FLASH.ld" --specs=nosys.specs -Wl,-Map="PdM_Practica_4.map" -Wl,--gc-sections -static --specs=nano.specs -mfloat-abi=soft -mthumb -Wl,--start-group -lc -lm -Wl,--end-group
Finished building target: PdM_Practica_4.elf
 
arm-none-eabi-size   PdM_Practica_4.elf 
arm-none-eabi-objdump -h -S  PdM_Practica_4.elf  > "PdM_Practica_4.list"
   text	   data	    bss	    dec	    hex	filename
   6032	     20	   1660	   7712	   1e20	PdM_Practica_4.elf
Finished building: default.size.stdout
 
Finished building: PdM_Practica_4.list
 

18:57:16 Build Finished. 0 errors, 0 warnings. (took 716ms)

