15:51:55 **** Incremental Build of configuration Debug for project rev_PDM_Practica4_HerreraGaray ****
make -j12 all 
arm-none-eabi-gcc "../Core/Src/main.c" -mcpu=cortex-m3 -std=gnu11 -g3 -DDEBUG -DUSE_HAL_DRIVER -DSTM32F103xB -c -I../Core/Inc -I../Drivers/STM32F1xx_HAL_Driver/Inc -I../Drivers/STM32F1xx_HAL_Driver/Inc/Legacy -I../Drivers/CMSIS/Device/ST/STM32F1xx/Include -I../Drivers/CMSIS/Include -I"C:/Users/chris/STM32CubeIDE/workspace_1.13.2/PdM_repositorio/rev_PDM_Practica4_HerreraGaray/Drivers/API/Inc" -I"C:/Users/chris/STM32CubeIDE/workspace_1.13.2/PdM_repositorio/rev_PDM_Practica4_HerreraGaray/Drivers/API/Src" -O0 -ffunction-sections -fdata-sections -Wall -fstack-usage -fcyclomatic-complexity -MMD -MP -MF"Core/Src/main.d" -MT"Core/Src/main.o" --specs=nano.specs -mfloat-abi=soft -mthumb -o "Core/Src/main.o"
../Core/Src/main.c: In function 'main':
../Core/Src/main.c:127:26: warning: passing argument 2 of 'rutinaLed' from incompatible pointer type [-Wincompatible-pointer-types]
  127 |     rutinaLed(&delay_led,&duration,&pulsador);
      |                          ^~~~~~~~~
      |                          |
      |                          tick_t (*)[2] {aka long unsigned int (*)[2]}
../Core/Src/main.c:59:38: note: expected 'tick_t *' {aka 'long unsigned int *'} but argument is of type 'tick_t (*)[2]' {aka 'long unsigned int (*)[2]'}
   59 | void rutinaLed(delay_t *delay,tick_t*duration,bool_t* pulsador)
      |                               ~~~~~~~^~~~~~~~
arm-none-eabi-gcc -o "rev_PDM_Practica4_HerreraGaray.elf" @"objects.list"   -mcpu=cortex-m3 -T"C:\Users\chris\STM32CubeIDE\workspace_1.13.2\PdM_repositorio\rev_PDM_Practica4_HerreraGaray\STM32F103RBTX_FLASH.ld" --specs=nosys.specs -Wl,-Map="rev_PDM_Practica4_HerreraGaray.map" -Wl,--gc-sections -static --specs=nano.specs -mfloat-abi=soft -mthumb -Wl,--start-group -lc -lm -Wl,--end-group
Finished building target: rev_PDM_Practica4_HerreraGaray.elf
 
arm-none-eabi-size   rev_PDM_Practica4_HerreraGaray.elf 
arm-none-eabi-objdump -h -S  rev_PDM_Practica4_HerreraGaray.elf  > "rev_PDM_Practica4_HerreraGaray.list"
   text	   data	    bss	    dec	    hex	filename
  10668	    112	   2000	  12780	   31ec	rev_PDM_Practica4_HerreraGaray.elf
Finished building: default.size.stdout
 
Finished building: rev_PDM_Practica4_HerreraGaray.list
 

15:51:56 Build Finished. 0 errors, 1 warnings. (took 660ms)

