14:33:35 **** Incremental Build of configuration Debug for project rev_Practica2_P3_GodoHeredia ****
make -j12 all 
arm-none-eabi-gcc "../Core/Src/main.c" -mcpu=cortex-m3 -std=gnu11 -g3 -DDEBUG -DUSE_HAL_DRIVER -DSTM32F103xB -c -I../Core/Inc -I../Drivers/STM32F1xx_HAL_Driver/Inc -I../Drivers/STM32F1xx_HAL_Driver/Inc/Legacy -I../Drivers/CMSIS/Device/ST/STM32F1xx/Include -I../Drivers/CMSIS/Include -O0 -ffunction-sections -fdata-sections -Wall -fstack-usage -fcyclomatic-complexity -MMD -MP -MF"Core/Src/main.d" -MT"Core/Src/main.o" --specs=nano.specs -mfloat-abi=soft -mthumb -o "Core/Src/main.o"
../Core/Src/main.c: In function 'delayRead':
../Core/Src/main.c:287:9: warning: switch condition has boolean value [-Wswitch-bool]
  287 |         switch (delay->running) {
      |         ^~~~~~
../Core/Src/main.c:309:1: warning: control reaches end of non-void function [-Wreturn-type]
  309 | }
      | ^
arm-none-eabi-gcc -o "rev_Practica2_P3_GodoHeredia.elf" @"objects.list"   -mcpu=cortex-m3 -T"C:\Users\chris\STM32CubeIDE\workspace_1.13.2\PdM_repositorio\rev_Practica2_P3_GodoHeredia\STM32F103RBTX_FLASH.ld" --specs=nosys.specs -Wl,-Map="rev_Practica2_P3_GodoHeredia.map" -Wl,--gc-sections -static --specs=nano.specs -mfloat-abi=soft -mthumb -Wl,--start-group -lc -lm -Wl,--end-group
Finished building target: rev_Practica2_P3_GodoHeredia.elf
 
arm-none-eabi-size   rev_Practica2_P3_GodoHeredia.elf 
arm-none-eabi-objdump -h -S  rev_Practica2_P3_GodoHeredia.elf  > "rev_Practica2_P3_GodoHeredia.list"
   text	   data	    bss	    dec	    hex	filename
   5808	     32	   1656	   7496	   1d48	rev_Practica2_P3_GodoHeredia.elf
Finished building: default.size.stdout
 
Finished building: rev_Practica2_P3_GodoHeredia.list
 

14:33:36 Build Finished. 0 errors, 2 warnings. (took 817ms)

